[0.014s] Invoking command in '/home/javierac/create3_ws/build/irobot_create_control': CMAKE_PREFIX_PATH=/opt/ros/humble /usr/bin/cmake /home/javierac/create3_ws/src/irobot_create_common/irobot_create_control -DAMENT_CMAKE_SYMLINK_INSTALL=1 -DCMAKE_INSTALL_PREFIX=/home/javierac/create3_ws/install/irobot_create_control
[0.077s] -- The C compiler identification is GNU 11.4.0
[0.137s] -- The CXX compiler identification is GNU 11.4.0
[0.146s] -- Detecting C compiler ABI info
[0.218s] -- Detecting C compiler ABI info - done
[0.225s] -- Check for working C compiler: /usr/bin/cc - skipped
[0.225s] -- Detecting C compile features
[0.226s] -- Detecting C compile features - done
[0.230s] -- Detecting CXX compiler ABI info
[0.327s] -- Detecting CXX compiler ABI info - done
[0.334s] -- Check for working CXX compiler: /usr/bin/c++ - skipped
[0.334s] -- Detecting CXX compile features
[0.334s] -- Detecting CXX compile features - done
[0.337s] -- Found ament_cmake: 1.3.12 (/opt/ros/humble/share/ament_cmake/cmake)
[0.511s] -- Found Python3: /usr/bin/python3 (found version "3.10.12") found components: Interpreter 
[0.572s] -- Override CMake install command with custom implementation using symlinks instead of copying resources
[0.607s] -- Found ament_lint_auto: 0.12.14 (/opt/ros/humble/share/ament_lint_auto/cmake)
[0.681s] -- Added test 'flake8' to check Python code syntax and style conventions
[0.681s] -- Added test 'lint_cmake' to check CMake code style
[0.681s] -- Added test 'pep257' to check Python code against some of the docstring style conventions in PEP 257
[0.682s] -- Added test 'xmllint' to check XML markup files
[0.683s] -- Configuring done
[0.685s] -- Generating done
[0.687s] -- Build files have been written to: /home/javierac/create3_ws/build/irobot_create_control
[0.691s] Invoked command in '/home/javierac/create3_ws/build/irobot_create_control' returned '0': CMAKE_PREFIX_PATH=/opt/ros/humble /usr/bin/cmake /home/javierac/create3_ws/src/irobot_create_common/irobot_create_control -DAMENT_CMAKE_SYMLINK_INSTALL=1 -DCMAKE_INSTALL_PREFIX=/home/javierac/create3_ws/install/irobot_create_control
[0.693s] Invoking command in '/home/javierac/create3_ws/build/irobot_create_control': CMAKE_PREFIX_PATH=/opt/ros/humble /usr/bin/cmake --build /home/javierac/create3_ws/build/irobot_create_control -- -j20 -l20
[0.736s] Invoked command in '/home/javierac/create3_ws/build/irobot_create_control' returned '0': CMAKE_PREFIX_PATH=/opt/ros/humble /usr/bin/cmake --build /home/javierac/create3_ws/build/irobot_create_control -- -j20 -l20
[0.737s] Invoking command in '/home/javierac/create3_ws/build/irobot_create_control': CMAKE_PREFIX_PATH=/opt/ros/humble /usr/bin/cmake --install /home/javierac/create3_ws/build/irobot_create_control
[0.744s] -- Install configuration: ""
[0.744s] -- Execute custom install script
[0.744s] -- Symlinking: /home/javierac/create3_ws/install/irobot_create_control/share/irobot_create_control//launch/include/control.py
[0.752s] -- Symlinking: /home/javierac/create3_ws/install/irobot_create_control/share/irobot_create_control//config/control.yaml
[0.763s] -- Symlinking: /home/javierac/create3_ws/install/irobot_create_control/share/ament_index/resource_index/package_run_dependencies/irobot_create_control
[0.773s] -- Symlinking: /home/javierac/create3_ws/install/irobot_create_control/share/ament_index/resource_index/parent_prefix_path/irobot_create_control
[0.785s] -- Symlinking: /home/javierac/create3_ws/install/irobot_create_control/share/irobot_create_control/environment/ament_prefix_path.sh
[0.794s] -- Symlinking: /home/javierac/create3_ws/install/irobot_create_control/share/irobot_create_control/environment/ament_prefix_path.dsv
[0.806s] -- Symlinking: /home/javierac/create3_ws/install/irobot_create_control/share/irobot_create_control/environment/path.sh
[0.815s] -- Symlinking: /home/javierac/create3_ws/install/irobot_create_control/share/irobot_create_control/environment/path.dsv
[0.823s] -- Symlinking: /home/javierac/create3_ws/install/irobot_create_control/share/irobot_create_control/local_setup.bash
[0.836s] -- Symlinking: /home/javierac/create3_ws/install/irobot_create_control/share/irobot_create_control/local_setup.sh
[0.843s] -- Symlinking: /home/javierac/create3_ws/install/irobot_create_control/share/irobot_create_control/local_setup.zsh
[0.854s] -- Symlinking: /home/javierac/create3_ws/install/irobot_create_control/share/irobot_create_control/local_setup.dsv
[0.862s] -- Symlinking: /home/javierac/create3_ws/install/irobot_create_control/share/irobot_create_control/package.dsv
[0.870s] -- Symlinking: /home/javierac/create3_ws/install/irobot_create_control/share/ament_index/resource_index/packages/irobot_create_control
[0.877s] -- Symlinking: /home/javierac/create3_ws/install/irobot_create_control/share/irobot_create_control/cmake/irobot_create_controlConfig.cmake
[0.884s] -- Symlinking: /home/javierac/create3_ws/install/irobot_create_control/share/irobot_create_control/cmake/irobot_create_controlConfig-version.cmake
[0.893s] -- Symlinking: /home/javierac/create3_ws/install/irobot_create_control/share/irobot_create_control/package.xml
[0.903s] Invoked command in '/home/javierac/create3_ws/build/irobot_create_control' returned '0': CMAKE_PREFIX_PATH=/opt/ros/humble /usr/bin/cmake --install /home/javierac/create3_ws/build/irobot_create_control
