[0.012s] Invoking command in '/home/javierac/create3_ws/build/irobot_create_control': CMAKE_PREFIX_PATH=${CMAKE_PREFIX_PATH}:/opt/ros/jazzy /usr/bin/cmake /home/javierac/create3_ws/src/irobot_create_common/irobot_create_control -DAMENT_CMAKE_SYMLINK_INSTALL=1 -DCMAKE_INSTALL_PREFIX=/home/javierac/create3_ws/install/irobot_create_control
[0.073s] -- The C compiler identification is GNU 13.3.0
[0.135s] -- The CXX compiler identification is GNU 13.3.0
[0.154s] -- Detecting C compiler ABI info
[0.259s] -- Detecting C compiler ABI info - done
[0.272s] -- Check for working C compiler: /usr/bin/cc - skipped
[0.272s] -- Detecting C compile features
[0.272s] -- Detecting C compile features - done
[0.283s] -- Detecting CXX compiler ABI info
[0.411s] -- Detecting CXX compiler ABI info - done
[0.421s] -- Check for working CXX compiler: /usr/bin/c++ - skipped
[0.421s] -- Detecting CXX compile features
[0.422s] -- Detecting CXX compile features - done
[0.428s] -- Found ament_cmake: 2.5.4 (/opt/ros/jazzy/share/ament_cmake/cmake)
[0.605s] -- Found Python3: /usr/bin/python3 (found version "3.12.3") found components: Interpreter 
[0.700s] -- Override CMake install command with custom implementation using symlinks instead of copying resources
[0.775s] -- Found ament_lint_auto: 0.17.2 (/opt/ros/jazzy/share/ament_lint_auto/cmake)
[0.897s] -- Added test 'flake8' to check Python code syntax and style conventions
[0.897s] -- Configured 'flake8' exclude dirs and/or files: 
[0.898s] -- Added test 'lint_cmake' to check CMake code style
[0.899s] -- Added test 'pep257' to check Python code against some of the docstring style conventions in PEP 257
[0.899s] -- Added test 'xmllint' to check XML markup files
[0.902s] -- Configuring done (0.9s)
[0.904s] -- Generating done (0.0s)
[0.905s] -- Build files have been written to: /home/javierac/create3_ws/build/irobot_create_control
[0.909s] Invoked command in '/home/javierac/create3_ws/build/irobot_create_control' returned '0': CMAKE_PREFIX_PATH=${CMAKE_PREFIX_PATH}:/opt/ros/jazzy /usr/bin/cmake /home/javierac/create3_ws/src/irobot_create_common/irobot_create_control -DAMENT_CMAKE_SYMLINK_INSTALL=1 -DCMAKE_INSTALL_PREFIX=/home/javierac/create3_ws/install/irobot_create_control
[0.911s] Invoking command in '/home/javierac/create3_ws/build/irobot_create_control': CMAKE_PREFIX_PATH=${CMAKE_PREFIX_PATH}:/opt/ros/jazzy /usr/bin/cmake --build /home/javierac/create3_ws/build/irobot_create_control -- -j20 -l20
[0.958s] Invoked command in '/home/javierac/create3_ws/build/irobot_create_control' returned '0': CMAKE_PREFIX_PATH=${CMAKE_PREFIX_PATH}:/opt/ros/jazzy /usr/bin/cmake --build /home/javierac/create3_ws/build/irobot_create_control -- -j20 -l20
[0.968s] Invoking command in '/home/javierac/create3_ws/build/irobot_create_control': CMAKE_PREFIX_PATH=${CMAKE_PREFIX_PATH}:/opt/ros/jazzy /usr/bin/cmake --install /home/javierac/create3_ws/build/irobot_create_control
[0.975s] -- Install configuration: ""
[0.976s] -- Execute custom install script
[0.976s] -- Symlinking: /home/javierac/create3_ws/install/irobot_create_control/share/irobot_create_control//launch/include/control.py
[0.985s] -- Symlinking: /home/javierac/create3_ws/install/irobot_create_control/share/irobot_create_control//config/control.yaml
[0.993s] -- Symlinking: /home/javierac/create3_ws/install/irobot_create_control/share/ament_index/resource_index/package_run_dependencies/irobot_create_control
[1.006s] -- Symlinking: /home/javierac/create3_ws/install/irobot_create_control/share/ament_index/resource_index/parent_prefix_path/irobot_create_control
[1.015s] -- Symlinking: /home/javierac/create3_ws/install/irobot_create_control/share/irobot_create_control/environment/ament_prefix_path.sh
[1.024s] -- Symlinking: /home/javierac/create3_ws/install/irobot_create_control/share/irobot_create_control/environment/ament_prefix_path.dsv
[1.035s] -- Symlinking: /home/javierac/create3_ws/install/irobot_create_control/share/irobot_create_control/environment/path.sh
[1.044s] -- Symlinking: /home/javierac/create3_ws/install/irobot_create_control/share/irobot_create_control/environment/path.dsv
[1.052s] -- Symlinking: /home/javierac/create3_ws/install/irobot_create_control/share/irobot_create_control/local_setup.bash
[1.060s] -- Symlinking: /home/javierac/create3_ws/install/irobot_create_control/share/irobot_create_control/local_setup.sh
[1.070s] -- Symlinking: /home/javierac/create3_ws/install/irobot_create_control/share/irobot_create_control/local_setup.zsh
[1.078s] -- Symlinking: /home/javierac/create3_ws/install/irobot_create_control/share/irobot_create_control/local_setup.dsv
[1.085s] -- Symlinking: /home/javierac/create3_ws/install/irobot_create_control/share/irobot_create_control/package.dsv
[1.095s] -- Symlinking: /home/javierac/create3_ws/install/irobot_create_control/share/ament_index/resource_index/packages/irobot_create_control
[1.106s] -- Symlinking: /home/javierac/create3_ws/install/irobot_create_control/share/irobot_create_control/cmake/irobot_create_controlConfig.cmake
[1.114s] -- Symlinking: /home/javierac/create3_ws/install/irobot_create_control/share/irobot_create_control/cmake/irobot_create_controlConfig-version.cmake
[1.123s] -- Symlinking: /home/javierac/create3_ws/install/irobot_create_control/share/irobot_create_control/package.xml
[1.136s] Invoked command in '/home/javierac/create3_ws/build/irobot_create_control' returned '0': CMAKE_PREFIX_PATH=${CMAKE_PREFIX_PATH}:/opt/ros/jazzy /usr/bin/cmake --install /home/javierac/create3_ws/build/irobot_create_control
