[0.021s] Invoking command in '/home/javierac/create3_ws/build/irobot_create_toolbox': CMAKE_PREFIX_PATH=${CMAKE_PREFIX_PATH}:/opt/ros/jazzy /usr/bin/cmake /home/javierac/create3_ws/src/irobot_create_common/irobot_create_toolbox -DCMAKE_INSTALL_PREFIX=/home/javierac/create3_ws/install/irobot_create_toolbox
[0.034s] -- Found ament_cmake: 2.5.4 (/opt/ros/jazzy/share/ament_cmake/cmake)
[0.267s] -- Override CMake install command with custom implementation using symlinks instead of copying resources
[0.276s] -- Found gz_math_vendor: 0.0.8 (/opt/ros/jazzy/share/gz_math_vendor/cmake)
[0.284s] -- Looking for gz-math7 -- found version 7.5.2
[0.302s] -- Searching for dependencies of gz-math7
[0.303s] -- Looking for gz-utils2 -- found version 2.2.1
[0.303s] -- Searching for dependencies of gz-utils2
[0.307s] -- Found rclcpp: 28.1.10 (/opt/ros/jazzy/share/rclcpp/cmake)
[0.339s] -- Found rosidl_generator_c: 4.6.5 (/opt/ros/jazzy/share/rosidl_generator_c/cmake)
[0.348s] -- Found rosidl_generator_cpp: 4.6.5 (/opt/ros/jazzy/share/rosidl_generator_cpp/cmake)
[0.360s] -- Using all available rosidl_typesupport_c: rosidl_typesupport_fastrtps_c;rosidl_typesupport_introspection_c
[0.375s] -- Using all available rosidl_typesupport_cpp: rosidl_typesupport_fastrtps_cpp;rosidl_typesupport_introspection_cpp
[0.449s] -- Found rmw_implementation_cmake: 7.3.2 (/opt/ros/jazzy/share/rmw_implementation_cmake/cmake)
[0.451s] -- Found rmw_fastrtps_cpp: 8.4.2 (/opt/ros/jazzy/share/rmw_fastrtps_cpp/cmake)
[0.542s] -- Using RMW implementation 'rmw_fastrtps_cpp' as default
[0.615s] -- Found ament_lint_auto: 0.17.2 (/opt/ros/jazzy/share/ament_lint_auto/cmake)
[0.722s] -- Added test 'cppcheck' to perform static code analysis on C / C++ code
[0.722s] -- Configured cppcheck include dirs: $<BUILD_INTERFACE:/home/javierac/create3_ws/src/irobot_create_common/irobot_create_toolbox/include>
[0.722s] -- Configured cppcheck exclude dirs and/or files: 
[0.723s] -- Added test 'cpplint' to check C / C++ code against the Google style
[0.723s] -- Configured cpplint exclude dirs and/or files: 
[0.724s] -- Added test 'lint_cmake' to check CMake code style
[0.727s] -- Added test 'uncrustify' to check C / C++ code style
[0.727s] -- Configured uncrustify additional arguments: 
[0.727s] -- Added test 'xmllint' to check XML markup files
[0.729s] -- Configuring done (0.7s)
[0.738s] -- Generating done (0.0s)
[0.742s] -- Build files have been written to: /home/javierac/create3_ws/build/irobot_create_toolbox
[0.749s] Invoked command in '/home/javierac/create3_ws/build/irobot_create_toolbox' returned '0': CMAKE_PREFIX_PATH=${CMAKE_PREFIX_PATH}:/opt/ros/jazzy /usr/bin/cmake /home/javierac/create3_ws/src/irobot_create_common/irobot_create_toolbox -DCMAKE_INSTALL_PREFIX=/home/javierac/create3_ws/install/irobot_create_toolbox
[0.750s] Invoking command in '/home/javierac/create3_ws/build/irobot_create_toolbox': CMAKE_PREFIX_PATH=${CMAKE_PREFIX_PATH}:/opt/ros/jazzy /usr/bin/cmake --build /home/javierac/create3_ws/build/irobot_create_toolbox -- -j20 -l20
[0.819s] [100%] Built target irobot_create_toolbox
[0.836s] Invoked command in '/home/javierac/create3_ws/build/irobot_create_toolbox' returned '0': CMAKE_PREFIX_PATH=${CMAKE_PREFIX_PATH}:/opt/ros/jazzy /usr/bin/cmake --build /home/javierac/create3_ws/build/irobot_create_toolbox -- -j20 -l20
[0.837s] Invoking command in '/home/javierac/create3_ws/build/irobot_create_toolbox': CMAKE_PREFIX_PATH=${CMAKE_PREFIX_PATH}:/opt/ros/jazzy /usr/bin/cmake --install /home/javierac/create3_ws/build/irobot_create_toolbox
[0.848s] -- Install configuration: ""
[0.849s] -- Execute custom install script
[0.849s] -- Up-to-date symlink: /home/javierac/create3_ws/install/irobot_create_toolbox/include/irobot_create_toolbox/irobot_create_toolbox/math.hpp
[0.849s] -- Up-to-date symlink: /home/javierac/create3_ws/install/irobot_create_toolbox/include/irobot_create_toolbox/irobot_create_toolbox/polar_coordinates.hpp
[0.849s] -- Up-to-date symlink: /home/javierac/create3_ws/install/irobot_create_toolbox/include/irobot_create_toolbox/irobot_create_toolbox/sensors/bumpers.hpp
[0.849s] -- Up-to-date symlink: /home/javierac/create3_ws/install/irobot_create_toolbox/share/ament_index/resource_index/package_run_dependencies/irobot_create_toolbox
[0.849s] -- Up-to-date symlink: /home/javierac/create3_ws/install/irobot_create_toolbox/share/ament_index/resource_index/parent_prefix_path/irobot_create_toolbox
[0.850s] -- Up-to-date symlink: /home/javierac/create3_ws/install/irobot_create_toolbox/share/irobot_create_toolbox/environment/ament_prefix_path.sh
[0.850s] -- Up-to-date symlink: /home/javierac/create3_ws/install/irobot_create_toolbox/share/irobot_create_toolbox/environment/ament_prefix_path.dsv
[0.850s] -- Up-to-date symlink: /home/javierac/create3_ws/install/irobot_create_toolbox/share/irobot_create_toolbox/environment/path.sh
[0.851s] -- Up-to-date symlink: /home/javierac/create3_ws/install/irobot_create_toolbox/share/irobot_create_toolbox/environment/path.dsv
[0.851s] -- Up-to-date symlink: /home/javierac/create3_ws/install/irobot_create_toolbox/share/irobot_create_toolbox/local_setup.bash
[0.851s] -- Up-to-date symlink: /home/javierac/create3_ws/install/irobot_create_toolbox/share/irobot_create_toolbox/local_setup.sh
[0.851s] -- Up-to-date symlink: /home/javierac/create3_ws/install/irobot_create_toolbox/share/irobot_create_toolbox/local_setup.zsh
[0.851s] -- Up-to-date symlink: /home/javierac/create3_ws/install/irobot_create_toolbox/share/irobot_create_toolbox/local_setup.dsv
[0.852s] -- Symlinking: /home/javierac/create3_ws/install/irobot_create_toolbox/share/irobot_create_toolbox/package.dsv
[0.862s] -- Up-to-date symlink: /home/javierac/create3_ws/install/irobot_create_toolbox/share/ament_index/resource_index/packages/irobot_create_toolbox
[0.863s] -- Up-to-date symlink: /home/javierac/create3_ws/install/irobot_create_toolbox/share/irobot_create_toolbox/cmake/ament_cmake_export_targets-extras.cmake
[0.863s] -- Up-to-date symlink: /home/javierac/create3_ws/install/irobot_create_toolbox/share/irobot_create_toolbox/cmake/ament_cmake_export_dependencies-extras.cmake
[0.863s] -- Up-to-date symlink: /home/javierac/create3_ws/install/irobot_create_toolbox/share/irobot_create_toolbox/cmake/irobot_create_toolboxConfig.cmake
[0.863s] -- Up-to-date symlink: /home/javierac/create3_ws/install/irobot_create_toolbox/share/irobot_create_toolbox/cmake/irobot_create_toolboxConfig-version.cmake
[0.863s] -- Up-to-date symlink: /home/javierac/create3_ws/install/irobot_create_toolbox/share/irobot_create_toolbox/package.xml
[0.863s] -- Up-to-date: /home/javierac/create3_ws/install/irobot_create_toolbox/lib/libirobot_create_toolbox.so
[0.864s] -- Up-to-date: /home/javierac/create3_ws/install/irobot_create_toolbox/share/irobot_create_toolbox/cmake/export_irobot_create_toolboxExport.cmake
[0.864s] -- Up-to-date: /home/javierac/create3_ws/install/irobot_create_toolbox/share/irobot_create_toolbox/cmake/export_irobot_create_toolboxExport-noconfig.cmake
[0.866s] Invoked command in '/home/javierac/create3_ws/build/irobot_create_toolbox' returned '0': CMAKE_PREFIX_PATH=${CMAKE_PREFIX_PATH}:/opt/ros/jazzy /usr/bin/cmake --install /home/javierac/create3_ws/build/irobot_create_toolbox
