running egg_info
writing ../../build/map_processor/map_processor.egg-info/PKG-INFO
writing dependency_links to ../../build/map_processor/map_processor.egg-info/dependency_links.txt
writing entry points to ../../build/map_processor/map_processor.egg-info/entry_points.txt
writing requirements to ../../build/map_processor/map_processor.egg-info/requires.txt
writing top-level names to ../../build/map_processor/map_processor.egg-info/top_level.txt
reading manifest file '../../build/map_processor/map_processor.egg-info/SOURCES.txt'
adding license file 'LICENSE'
writing manifest file '../../build/map_processor/map_processor.egg-info/SOURCES.txt'
running build
running build_py
copying map_processor/laser_resync.py -> /home/javierac/map_proc_ws/build/map_processor/build/lib/map_processor
running install
running install_lib
copying /home/javierac/map_proc_ws/build/map_processor/build/lib/map_processor/laser_resync.py -> /home/javierac/map_proc_ws/install/map_processor/lib/python3.10/site-packages/map_processor
byte-compiling /home/javierac/map_proc_ws/install/map_processor/lib/python3.10/site-packages/map_processor/laser_resync.py to laser_resync.cpython-310.pyc
running install_data
running install_egg_info
removing '/home/javierac/map_proc_ws/install/map_processor/lib/python3.10/site-packages/map_processor-0.0.0-py3.10.egg-info' (and everything under it)
Copying ../../build/map_processor/map_processor.egg-info to /home/javierac/map_proc_ws/install/map_processor/lib/python3.10/site-packages/map_processor-0.0.0-py3.10.egg-info
running install_scripts
Installing laser_resync script to /home/javierac/map_proc_ws/install/map_processor/lib/map_processor
Installing map_processor script to /home/javierac/map_proc_ws/install/map_processor/lib/map_processor
writing list of installed files to '/home/javierac/map_proc_ws/build/map_processor/install.log'
