[0.014s] Invoking command in '/home/javierac/create3_ws/build/irobot_create_gz_plugins': CMAKE_PREFIX_PATH=${CMAKE_PREFIX_PATH}:/opt/ros/jazzy /usr/bin/cmake /home/javierac/create3_ws/src/irobot_create_gz/irobot_create_gz_plugins -DCMAKE_INSTALL_PREFIX=/home/javierac/create3_ws/install/irobot_create_gz_plugins
[0.031s] -- Found ament_cmake: 2.5.4 (/opt/ros/jazzy/share/ament_cmake/cmake)
[0.258s] -- Override CMake install command with custom implementation using symlinks instead of copying resources
[0.268s] -- Found gz_gui_vendor: 0.0.5 (/opt/ros/jazzy/share/gz_gui_vendor/cmake)
[0.291s] -- Looking for gz-gui8 -- found version 8.4.0
[0.297s] -- Searching for dependencies of gz-gui8
[0.340s] -- Checking for module 'tinyxml2'
[0.361s] --   Found tinyxml2, version 10.0.0
[0.400s] -- Looking for gz-utils2 -- found version 2.2.1
[0.400s] -- Searching for dependencies of gz-utils2
[0.401s] -- Looking for gz-math7 -- found version 7.5.2
[0.402s] -- Searching for dependencies of gz-math7
[0.402s] -- Looking for gz-utils2 -- found version 2.2.1
[0.403s] -- Looking for gz-common5 -- found version 5.7.1
[0.403s] -- Searching for dependencies of gz-common5
[0.404s] -- Looking for gz-utils2 -- found version 2.2.1
[0.404s] -- Looking for dlfcn.h - found
[0.404s] -- Looking for libdl - found
[0.412s] -- Checking for module 'uuid'
[0.433s] --   Found uuid, version 2.39.3
[0.477s] -- Searching for <gz-common5> component [profiler]
[0.477s] -- Looking for gz-common5-profiler -- found version 5.7.1
[0.478s] -- Searching for dependencies of gz-common5-profiler
[0.479s] -- Looking for gz-plugin2 -- found version 2.0.4
[0.480s] -- Searching for dependencies of gz-plugin2
[0.480s] -- Looking for gz-utils2 -- found version 2.2.1
[0.480s] -- Searching for dependencies of gz-utils2
[0.480s] -- Searching for <gz-utils2> component [cli]
[0.480s] -- Looking for gz-utils2-cli -- found version 2.2.1
[0.480s] -- Searching for dependencies of gz-utils2-cli
[0.482s] -- Searching for <gz-plugin2> component [loader]
[0.482s] -- Looking for gz-plugin2-loader -- found version 2.0.4
[0.483s] -- Searching for dependencies of gz-plugin2-loader
[0.483s] -- Searching for <gz-plugin2> component [register]
[0.484s] -- Looking for gz-plugin2-register -- found version 2.0.4
[0.484s] -- Searching for dependencies of gz-plugin2-register
[0.486s] -- Looking for gz-transport13 -- found version 13.4.1
[0.486s] -- Searching for dependencies of gz-transport13
[0.535s] -- Config-file not installed for ZeroMQ -- checking for pkg-config
[0.542s] -- Checking for module 'libzmq >= 4'
[0.562s] --   Found libzmq, version 4.3.5
[0.625s] -- Looking for gz-utils2 -- found version 2.2.1
[0.625s] -- Looking for gz-msgs10 -- found version 10.3.2
[0.625s] -- Searching for dependencies of gz-msgs10
[0.656s] -- Looking for gz-utils2 -- found version 2.2.1
[0.656s] -- Looking for gz-math7 -- found version 7.5.2
[0.673s] -- Looking for gz-rendering8 -- found version 8.2.2
[0.673s] -- Searching for dependencies of gz-rendering8
[0.674s] -- Looking for gz-math7 -- found version 7.5.2
[0.674s] -- Searching for dependencies of gz-math7
[0.675s] -- Looking for gz-utils2 -- found version 2.2.1
[0.675s] -- Searching for <gz-math7> component [eigen3]
[0.676s] -- Looking for gz-math7-eigen3 -- found version 7.5.2
[0.676s] -- Searching for dependencies of gz-math7-eigen3
[0.680s] -- Looking for gz-common5 -- found version 5.7.1
[0.681s] -- Searching for dependencies of gz-common5
[0.681s] -- Looking for gz-utils2 -- found version 2.2.1
[0.681s] -- Looking for dlfcn.h - found
[0.681s] -- Looking for libdl - found
[0.692s] -- Searching for <gz-common5> component [graphics]
[0.694s] -- Looking for gz-common5-graphics -- found version 5.7.1
[0.694s] -- Searching for dependencies of gz-common5-graphics
[0.694s] -- Looking for gz-math7 -- found version 7.5.2
[0.702s] -- Searching for <gz-common5> component [events]
[0.704s] -- Looking for gz-common5-events -- found version 5.7.1
[0.704s] -- Searching for dependencies of gz-common5-events
[0.704s] -- Looking for gz-math7 -- found version 7.5.2
[0.706s] -- Searching for <gz-common5> component [geospatial]
[0.707s] -- Looking for gz-common5-geospatial -- found version 5.7.1
[0.707s] -- Searching for dependencies of gz-common5-geospatial
[0.708s] -- Looking for gz-math7 -- found version 7.5.2
[0.708s] -- Looking for gz-common5 -- found version 5.7.1
[0.710s] -- Looking for gz-plugin2 -- found version 2.0.4
[0.710s] -- Searching for dependencies of gz-plugin2
[0.711s] -- Looking for gz-utils2 -- found version 2.2.1
[0.711s] -- Searching for <gz-plugin2> component [all]
[0.712s] -- Looking for all libraries of gz-plugin2 -- found version 2.0.4
[0.713s] -- Looking for gz-plugin2 -- found version 2.0.4
[0.715s] -- Looking for gz-utils2 -- found version 2.2.1
[0.720s] -- Looking for gz-msgs10 -- found version 10.3.2
[0.759s] -- Found ament_lint_auto: 0.17.2 (/opt/ros/jazzy/share/ament_lint_auto/cmake)
[0.859s] -- Added test 'cppcheck' to perform static code analysis on C / C++ code
[0.860s] -- Configured cppcheck include dirs: 
[0.860s] -- Configured cppcheck exclude dirs and/or files: 
[0.861s] -- Added test 'cpplint' to check C / C++ code against the Google style
[0.861s] -- Configured cpplint exclude dirs and/or files: 
[0.861s] -- Added test 'lint_cmake' to check CMake code style
[0.861s] -- Added test 'xmllint' to check XML markup files
[0.862s] -- Configuring done (0.8s)
[0.882s] -- Generating done (0.0s)
[0.883s] -- Build files have been written to: /home/javierac/create3_ws/build/irobot_create_gz_plugins
[0.890s] Invoked command in '/home/javierac/create3_ws/build/irobot_create_gz_plugins' returned '0': CMAKE_PREFIX_PATH=${CMAKE_PREFIX_PATH}:/opt/ros/jazzy /usr/bin/cmake /home/javierac/create3_ws/src/irobot_create_gz/irobot_create_gz_plugins -DCMAKE_INSTALL_PREFIX=/home/javierac/create3_ws/install/irobot_create_gz_plugins
[0.891s] Invoking command in '/home/javierac/create3_ws/build/irobot_create_gz_plugins': CMAKE_PREFIX_PATH=${CMAKE_PREFIX_PATH}:/opt/ros/jazzy /usr/bin/cmake --build /home/javierac/create3_ws/build/irobot_create_gz_plugins -- -j20 -l20
[0.961s] [  0%] Built target Create3Hmi_autogen_timestamp_deps
[0.995s] [ 14%] Built target Create3Hmi_autogen
[1.036s] [100%] Built target Create3Hmi
[1.052s] Invoked command in '/home/javierac/create3_ws/build/irobot_create_gz_plugins' returned '0': CMAKE_PREFIX_PATH=${CMAKE_PREFIX_PATH}:/opt/ros/jazzy /usr/bin/cmake --build /home/javierac/create3_ws/build/irobot_create_gz_plugins -- -j20 -l20
[1.053s] Invoking command in '/home/javierac/create3_ws/build/irobot_create_gz_plugins': CMAKE_PREFIX_PATH=${CMAKE_PREFIX_PATH}:/opt/ros/jazzy /usr/bin/cmake --install /home/javierac/create3_ws/build/irobot_create_gz_plugins
[1.063s] -- Install configuration: ""
[1.064s] -- Execute custom install script
[1.064s] -- Up-to-date symlink: /home/javierac/create3_ws/install/irobot_create_gz_plugins/share/irobot_create_gz_plugins/lib/libCreate3Hmi.so
[1.064s] -- Up-to-date symlink: /home/javierac/create3_ws/install/irobot_create_gz_plugins/share/ament_index/resource_index/package_run_dependencies/irobot_create_gz_plugins
[1.065s] -- Up-to-date symlink: /home/javierac/create3_ws/install/irobot_create_gz_plugins/share/ament_index/resource_index/parent_prefix_path/irobot_create_gz_plugins
[1.065s] -- Up-to-date symlink: /home/javierac/create3_ws/install/irobot_create_gz_plugins/share/irobot_create_gz_plugins/environment/ament_prefix_path.sh
[1.065s] -- Up-to-date symlink: /home/javierac/create3_ws/install/irobot_create_gz_plugins/share/irobot_create_gz_plugins/environment/ament_prefix_path.dsv
[1.065s] -- Up-to-date symlink: /home/javierac/create3_ws/install/irobot_create_gz_plugins/share/irobot_create_gz_plugins/environment/path.sh
[1.065s] -- Up-to-date symlink: /home/javierac/create3_ws/install/irobot_create_gz_plugins/share/irobot_create_gz_plugins/environment/path.dsv
[1.065s] -- Up-to-date symlink: /home/javierac/create3_ws/install/irobot_create_gz_plugins/share/irobot_create_gz_plugins/local_setup.bash
[1.065s] -- Up-to-date symlink: /home/javierac/create3_ws/install/irobot_create_gz_plugins/share/irobot_create_gz_plugins/local_setup.sh
[1.066s] -- Up-to-date symlink: /home/javierac/create3_ws/install/irobot_create_gz_plugins/share/irobot_create_gz_plugins/local_setup.zsh
[1.066s] -- Up-to-date symlink: /home/javierac/create3_ws/install/irobot_create_gz_plugins/share/irobot_create_gz_plugins/local_setup.dsv
[1.066s] -- Symlinking: /home/javierac/create3_ws/install/irobot_create_gz_plugins/share/irobot_create_gz_plugins/package.dsv
[1.079s] -- Up-to-date symlink: /home/javierac/create3_ws/install/irobot_create_gz_plugins/share/ament_index/resource_index/packages/irobot_create_gz_plugins
[1.080s] -- Up-to-date symlink: /home/javierac/create3_ws/install/irobot_create_gz_plugins/share/irobot_create_gz_plugins/cmake/irobot_create_gz_pluginsConfig.cmake
[1.080s] -- Up-to-date symlink: /home/javierac/create3_ws/install/irobot_create_gz_plugins/share/irobot_create_gz_plugins/cmake/irobot_create_gz_pluginsConfig-version.cmake
[1.080s] -- Up-to-date symlink: /home/javierac/create3_ws/install/irobot_create_gz_plugins/share/irobot_create_gz_plugins/package.xml
[1.082s] Invoked command in '/home/javierac/create3_ws/build/irobot_create_gz_plugins' returned '0': CMAKE_PREFIX_PATH=${CMAKE_PREFIX_PATH}:/opt/ros/jazzy /usr/bin/cmake --install /home/javierac/create3_ws/build/irobot_create_gz_plugins
