-- Found ament_cmake: 2.5.4 (/opt/ros/jazzy/share/ament_cmake/cmake)
-- Override CMake install command with custom implementation using symlinks instead of copying resources
-- Configuring done (0.3s)
-- Generating done (0.0s)
-- Build files have been written to: /home/javierac/create3_ws/build/irobot_create_gz_sim
-- Install configuration: ""
-- Execute custom install script
-- Up-to-date symlink: /home/javierac/create3_ws/install/irobot_create_gz_sim/share/ament_index/resource_index/package_run_dependencies/irobot_create_gz_sim
-- Up-to-date symlink: /home/javierac/create3_ws/install/irobot_create_gz_sim/share/ament_index/resource_index/parent_prefix_path/irobot_create_gz_sim
-- Up-to-date symlink: /home/javierac/create3_ws/install/irobot_create_gz_sim/share/irobot_create_gz_sim/environment/ament_prefix_path.sh
-- Up-to-date symlink: /home/javierac/create3_ws/install/irobot_create_gz_sim/share/irobot_create_gz_sim/environment/ament_prefix_path.dsv
-- Up-to-date symlink: /home/javierac/create3_ws/install/irobot_create_gz_sim/share/irobot_create_gz_sim/environment/path.sh
-- Up-to-date symlink: /home/javierac/create3_ws/install/irobot_create_gz_sim/share/irobot_create_gz_sim/environment/path.dsv
-- Up-to-date symlink: /home/javierac/create3_ws/install/irobot_create_gz_sim/share/irobot_create_gz_sim/local_setup.bash
-- Up-to-date symlink: /home/javierac/create3_ws/install/irobot_create_gz_sim/share/irobot_create_gz_sim/local_setup.sh
-- Up-to-date symlink: /home/javierac/create3_ws/install/irobot_create_gz_sim/share/irobot_create_gz_sim/local_setup.zsh
-- Up-to-date symlink: /home/javierac/create3_ws/install/irobot_create_gz_sim/share/irobot_create_gz_sim/local_setup.dsv
-- Symlinking: /home/javierac/create3_ws/install/irobot_create_gz_sim/share/irobot_create_gz_sim/package.dsv
-- Up-to-date symlink: /home/javierac/create3_ws/install/irobot_create_gz_sim/share/ament_index/resource_index/packages/irobot_create_gz_sim
-- Up-to-date symlink: /home/javierac/create3_ws/install/irobot_create_gz_sim/share/irobot_create_gz_sim/cmake/irobot_create_gz_simConfig.cmake
-- Up-to-date symlink: /home/javierac/create3_ws/install/irobot_create_gz_sim/share/irobot_create_gz_sim/cmake/irobot_create_gz_simConfig-version.cmake
-- Up-to-date symlink: /home/javierac/create3_ws/install/irobot_create_gz_sim/share/irobot_create_gz_sim/package.xml
