[0.016s] Invoking command in '/home/javierac/create3_ws/build/irobot_create_control': CMAKE_PREFIX_PATH=${CMAKE_PREFIX_PATH}:/opt/ros/jazzy /usr/bin/cmake --build /home/javierac/create3_ws/build/irobot_create_control -- -j20 -l20
[0.056s] Invoked command in '/home/javierac/create3_ws/build/irobot_create_control' returned '0': CMAKE_PREFIX_PATH=${CMAKE_PREFIX_PATH}:/opt/ros/jazzy /usr/bin/cmake --build /home/javierac/create3_ws/build/irobot_create_control -- -j20 -l20
[0.066s] Invoking command in '/home/javierac/create3_ws/build/irobot_create_control': CMAKE_PREFIX_PATH=${CMAKE_PREFIX_PATH}:/opt/ros/jazzy /usr/bin/cmake --install /home/javierac/create3_ws/build/irobot_create_control
[0.073s] -- Install configuration: ""
[0.073s] -- Execute custom install script
[0.074s] -- Up-to-date symlink: /home/javierac/create3_ws/install/irobot_create_control/share/irobot_create_control//launch/include/control.py
[0.074s] -- Up-to-date symlink: /home/javierac/create3_ws/install/irobot_create_control/share/irobot_create_control//config/control.yaml
[0.074s] -- Up-to-date symlink: /home/javierac/create3_ws/install/irobot_create_control/share/ament_index/resource_index/package_run_dependencies/irobot_create_control
[0.074s] -- Up-to-date symlink: /home/javierac/create3_ws/install/irobot_create_control/share/ament_index/resource_index/parent_prefix_path/irobot_create_control
[0.074s] -- Up-to-date symlink: /home/javierac/create3_ws/install/irobot_create_control/share/irobot_create_control/environment/ament_prefix_path.sh
[0.074s] -- Up-to-date symlink: /home/javierac/create3_ws/install/irobot_create_control/share/irobot_create_control/environment/ament_prefix_path.dsv
[0.074s] -- Up-to-date symlink: /home/javierac/create3_ws/install/irobot_create_control/share/irobot_create_control/environment/path.sh
[0.075s] -- Up-to-date symlink: /home/javierac/create3_ws/install/irobot_create_control/share/irobot_create_control/environment/path.dsv
[0.075s] -- Up-to-date symlink: /home/javierac/create3_ws/install/irobot_create_control/share/irobot_create_control/local_setup.bash
[0.075s] -- Up-to-date symlink: /home/javierac/create3_ws/install/irobot_create_control/share/irobot_create_control/local_setup.sh
[0.075s] -- Up-to-date symlink: /home/javierac/create3_ws/install/irobot_create_control/share/irobot_create_control/local_setup.zsh
[0.075s] -- Up-to-date symlink: /home/javierac/create3_ws/install/irobot_create_control/share/irobot_create_control/local_setup.dsv
[0.075s] -- Symlinking: /home/javierac/create3_ws/install/irobot_create_control/share/irobot_create_control/package.dsv
[0.085s] -- Up-to-date symlink: /home/javierac/create3_ws/install/irobot_create_control/share/ament_index/resource_index/packages/irobot_create_control
[0.085s] -- Up-to-date symlink: /home/javierac/create3_ws/install/irobot_create_control/share/irobot_create_control/cmake/irobot_create_controlConfig.cmake
[0.085s] -- Up-to-date symlink: /home/javierac/create3_ws/install/irobot_create_control/share/irobot_create_control/cmake/irobot_create_controlConfig-version.cmake
[0.086s] -- Up-to-date symlink: /home/javierac/create3_ws/install/irobot_create_control/share/irobot_create_control/package.xml
[0.089s] Invoked command in '/home/javierac/create3_ws/build/irobot_create_control' returned '0': CMAKE_PREFIX_PATH=${CMAKE_PREFIX_PATH}:/opt/ros/jazzy /usr/bin/cmake --install /home/javierac/create3_ws/build/irobot_create_control
