[0.021s] Invoking command in '/home/javierac/create3_ws/build/irobot_create_toolbox': CMAKE_PREFIX_PATH=${CMAKE_PREFIX_PATH}:/opt/ros/jazzy /usr/bin/cmake --build /home/javierac/create3_ws/build/irobot_create_toolbox -- -j20 -l20
[0.087s] [100%] Built target irobot_create_toolbox
[0.098s] Invoked command in '/home/javierac/create3_ws/build/irobot_create_toolbox' returned '0': CMAKE_PREFIX_PATH=${CMAKE_PREFIX_PATH}:/opt/ros/jazzy /usr/bin/cmake --build /home/javierac/create3_ws/build/irobot_create_toolbox -- -j20 -l20
[0.100s] Invoking command in '/home/javierac/create3_ws/build/irobot_create_toolbox': CMAKE_PREFIX_PATH=${CMAKE_PREFIX_PATH}:/opt/ros/jazzy /usr/bin/cmake --install /home/javierac/create3_ws/build/irobot_create_toolbox
[0.108s] -- Install configuration: ""
[0.108s] -- Execute custom install script
[0.108s] -- Up-to-date symlink: /home/javierac/create3_ws/install/irobot_create_toolbox/include/irobot_create_toolbox/irobot_create_toolbox/math.hpp
[0.108s] -- Up-to-date symlink: /home/javierac/create3_ws/install/irobot_create_toolbox/include/irobot_create_toolbox/irobot_create_toolbox/polar_coordinates.hpp
[0.109s] -- Up-to-date symlink: /home/javierac/create3_ws/install/irobot_create_toolbox/include/irobot_create_toolbox/irobot_create_toolbox/sensors/bumpers.hpp
[0.109s] -- Up-to-date symlink: /home/javierac/create3_ws/install/irobot_create_toolbox/share/ament_index/resource_index/package_run_dependencies/irobot_create_toolbox
[0.109s] -- Up-to-date symlink: /home/javierac/create3_ws/install/irobot_create_toolbox/share/ament_index/resource_index/parent_prefix_path/irobot_create_toolbox
[0.109s] -- Up-to-date symlink: /home/javierac/create3_ws/install/irobot_create_toolbox/share/irobot_create_toolbox/environment/ament_prefix_path.sh
[0.109s] -- Up-to-date symlink: /home/javierac/create3_ws/install/irobot_create_toolbox/share/irobot_create_toolbox/environment/ament_prefix_path.dsv
[0.110s] -- Up-to-date symlink: /home/javierac/create3_ws/install/irobot_create_toolbox/share/irobot_create_toolbox/environment/path.sh
[0.110s] -- Up-to-date symlink: /home/javierac/create3_ws/install/irobot_create_toolbox/share/irobot_create_toolbox/environment/path.dsv
[0.110s] -- Up-to-date symlink: /home/javierac/create3_ws/install/irobot_create_toolbox/share/irobot_create_toolbox/local_setup.bash
[0.110s] -- Up-to-date symlink: /home/javierac/create3_ws/install/irobot_create_toolbox/share/irobot_create_toolbox/local_setup.sh
[0.110s] -- Up-to-date symlink: /home/javierac/create3_ws/install/irobot_create_toolbox/share/irobot_create_toolbox/local_setup.zsh
[0.110s] -- Up-to-date symlink: /home/javierac/create3_ws/install/irobot_create_toolbox/share/irobot_create_toolbox/local_setup.dsv
[0.110s] -- Symlinking: /home/javierac/create3_ws/install/irobot_create_toolbox/share/irobot_create_toolbox/package.dsv
[0.119s] -- Up-to-date symlink: /home/javierac/create3_ws/install/irobot_create_toolbox/share/ament_index/resource_index/packages/irobot_create_toolbox
[0.119s] -- Up-to-date symlink: /home/javierac/create3_ws/install/irobot_create_toolbox/share/irobot_create_toolbox/cmake/ament_cmake_export_targets-extras.cmake
[0.119s] -- Up-to-date symlink: /home/javierac/create3_ws/install/irobot_create_toolbox/share/irobot_create_toolbox/cmake/ament_cmake_export_dependencies-extras.cmake
[0.119s] -- Up-to-date symlink: /home/javierac/create3_ws/install/irobot_create_toolbox/share/irobot_create_toolbox/cmake/irobot_create_toolboxConfig.cmake
[0.119s] -- Up-to-date symlink: /home/javierac/create3_ws/install/irobot_create_toolbox/share/irobot_create_toolbox/cmake/irobot_create_toolboxConfig-version.cmake
[0.119s] -- Up-to-date symlink: /home/javierac/create3_ws/install/irobot_create_toolbox/share/irobot_create_toolbox/package.xml
[0.119s] -- Up-to-date: /home/javierac/create3_ws/install/irobot_create_toolbox/lib/libirobot_create_toolbox.so
[0.120s] -- Up-to-date: /home/javierac/create3_ws/install/irobot_create_toolbox/share/irobot_create_toolbox/cmake/export_irobot_create_toolboxExport.cmake
[0.120s] -- Up-to-date: /home/javierac/create3_ws/install/irobot_create_toolbox/share/irobot_create_toolbox/cmake/export_irobot_create_toolboxExport-noconfig.cmake
[0.129s] Invoked command in '/home/javierac/create3_ws/build/irobot_create_toolbox' returned '0': CMAKE_PREFIX_PATH=${CMAKE_PREFIX_PATH}:/opt/ros/jazzy /usr/bin/cmake --install /home/javierac/create3_ws/build/irobot_create_toolbox
