[0.026s] Invoking command in '/home/javierac/create3_ws/build/irobot_create_gazebo_bringup': AMENT_PREFIX_PATH=/home/javierac/create3_ws/install/irobot_create_common_bringup:/home/javierac/create3_ws/install/irobot_create_nodes:/home/javierac/create3_ws/install/irobot_create_gazebo_plugins:/home/javierac/create3_ws/install/irobot_create_toolbox:/home/javierac/create3_ws/install/irobot_create_description:/home/javierac/create3_ws/install/irobot_create_control:${AMENT_PREFIX_PATH} CMAKE_PREFIX_PATH=/home/javierac/create3_ws/install/irobot_create_common_bringup:/home/javierac/create3_ws/install/irobot_create_nodes:/home/javierac/create3_ws/install/irobot_create_gazebo_plugins:/home/javierac/create3_ws/install/irobot_create_toolbox:/home/javierac/create3_ws/install/irobot_create_description:/home/javierac/create3_ws/install/irobot_create_control:/opt/ros/humble LD_LIBRARY_PATH=/home/javierac/create3_ws/install/irobot_create_nodes/lib:/home/javierac/create3_ws/install/irobot_create_gazebo_plugins/lib:/home/javierac/create3_ws/install/irobot_create_toolbox/lib:${LD_LIBRARY_PATH} PYTHONPATH=/home/javierac/create3_ws/install/irobot_create_common_bringup/local/lib/python3.10/dist-packages:${PYTHONPATH} /usr/bin/cmake /home/javierac/create3_ws/src/irobot_create_gazebo/irobot_create_gazebo_bringup -DAMENT_CMAKE_SYMLINK_INSTALL=1 -DCMAKE_INSTALL_PREFIX=/home/javierac/create3_ws/install/irobot_create_gazebo_bringup
[0.098s] -- The C compiler identification is GNU 11.4.0
[0.155s] -- The CXX compiler identification is GNU 11.4.0
[0.163s] -- Detecting C compiler ABI info
[0.245s] -- Detecting C compiler ABI info - done
[0.252s] -- Check for working C compiler: /usr/bin/cc - skipped
[0.252s] -- Detecting C compile features
[0.253s] -- Detecting C compile features - done
[0.256s] -- Detecting CXX compiler ABI info
[0.356s] -- Detecting CXX compiler ABI info - done
[0.363s] -- Check for working CXX compiler: /usr/bin/c++ - skipped
[0.363s] -- Detecting CXX compile features
[0.364s] -- Detecting CXX compile features - done
[0.367s] -- Found ament_cmake: 1.3.12 (/opt/ros/humble/share/ament_cmake/cmake)
[0.531s] -- Found Python3: /usr/bin/python3 (found version "3.10.12") found components: Interpreter 
[0.594s] -- Override CMake install command with custom implementation using symlinks instead of copying resources
[0.687s] -- Found rosidl_generator_c: 3.1.7 (/opt/ros/humble/share/rosidl_generator_c/cmake)
[0.694s] -- Found rosidl_adapter: 3.1.7 (/opt/ros/humble/share/rosidl_adapter/cmake)
[0.704s] -- Found rosidl_generator_cpp: 3.1.7 (/opt/ros/humble/share/rosidl_generator_cpp/cmake)
[0.717s] -- Using all available rosidl_typesupport_c: rosidl_typesupport_fastrtps_c;rosidl_typesupport_introspection_c
[0.736s] -- Using all available rosidl_typesupport_cpp: rosidl_typesupport_fastrtps_cpp;rosidl_typesupport_introspection_cpp
[0.788s] -- Found rmw_implementation_cmake: 6.1.2 (/opt/ros/humble/share/rmw_implementation_cmake/cmake)
[0.791s] -- Found rmw_fastrtps_cpp: 6.2.9 (/opt/ros/humble/share/rmw_fastrtps_cpp/cmake)
[0.900s] -- Found OpenSSL: /usr/lib/x86_64-linux-gnu/libcrypto.so (found version "3.0.2")  
[0.933s] -- Found FastRTPS: /opt/ros/humble/include  
[0.988s] -- Using RMW implementation 'rmw_fastrtps_cpp' as default
[1.001s] -- Looking for pthread.h
[1.085s] -- Looking for pthread.h - found
[1.085s] -- Performing Test CMAKE_HAVE_LIBC_PTHREAD
[1.178s] -- Performing Test CMAKE_HAVE_LIBC_PTHREAD - Success
[1.179s] -- Found Threads: TRUE  
[1.243s] -- Found PkgConfig: /usr/bin/pkg-config (found version "0.29.2") 
[1.244s] -- Checking for module 'bullet>=2.82'
[1.260s] --   Found bullet, version 3.05
[1.399s] -- Found fcl: /usr/include (found suitable version "0.7.0", minimum required is "0.5.0") 
[1.464s] -- Found assimp: /usr/include (found version "5.2.0") 
[1.490s] -- Found DART: /usr/include (Required is at least version "6.6") found components: dart 
[1.525s] -- Found Boost: /usr/lib/x86_64-linux-gnu/cmake/Boost-1.74.0/BoostConfig.cmake (found suitable version "1.74.0", minimum required is "1.40.0") found components: thread system filesystem program_options regex iostreams date_time 
[1.540s] -- Found Protobuf: /usr/lib/x86_64-linux-gnu/libprotobuf.so (found version "3.12.4") 
[1.553s] -- Looking for ignition-math6 -- found version 6.15.1
[1.566s] -- Searching for dependencies of ignition-math6
[1.569s] -- Looking for OGRE...
[1.569s] -- OGRE_PREFIX_WATCH changed.
[1.577s] -- Checking for module 'OGRE'
[1.595s] --   Found OGRE, version 1.9.0
[1.637s] -- Found Ogre Ghadamon (1.9.0)
[1.642s] -- Found OGRE: optimized;/usr/lib/x86_64-linux-gnu/libOgreMain.so;debug;/usr/lib/x86_64-linux-gnu/libOgreMain.so
[1.654s] -- Looking for OGRE_Paging...
[1.658s] -- Found OGRE_Paging: optimized;/usr/lib/x86_64-linux-gnu/libOgrePaging.so;debug;/usr/lib/x86_64-linux-gnu/libOgrePaging.so
[1.658s] -- Looking for OGRE_Terrain...
[1.662s] -- Found OGRE_Terrain: optimized;/usr/lib/x86_64-linux-gnu/libOgreTerrain.so;debug;/usr/lib/x86_64-linux-gnu/libOgreTerrain.so
[1.662s] -- Looking for OGRE_Property...
[1.666s] -- Found OGRE_Property: optimized;/usr/lib/x86_64-linux-gnu/libOgreProperty.so;debug;/usr/lib/x86_64-linux-gnu/libOgreProperty.so
[1.666s] -- Looking for OGRE_RTShaderSystem...
[1.671s] -- Found OGRE_RTShaderSystem: optimized;/usr/lib/x86_64-linux-gnu/libOgreRTShaderSystem.so;debug;/usr/lib/x86_64-linux-gnu/libOgreRTShaderSystem.so
[1.671s] -- Looking for OGRE_Volume...
[1.675s] -- Found OGRE_Volume: optimized;/usr/lib/x86_64-linux-gnu/libOgreVolume.so;debug;/usr/lib/x86_64-linux-gnu/libOgreVolume.so
[1.675s] -- Looking for OGRE_Overlay...
[1.679s] -- Found OGRE_Overlay: optimized;/usr/lib/x86_64-linux-gnu/libOgreOverlay.so;debug;/usr/lib/x86_64-linux-gnu/libOgreOverlay.so
[1.765s] -- Looking for ignition-math6 -- found version 6.15.1
[1.768s] -- Looking for ignition-transport8 -- found version 8.2.1
[1.768s] -- Searching for dependencies of ignition-transport8
[1.790s] -- Found Protobuf: /usr/lib/x86_64-linux-gnu/libprotobuf.so (found suitable version "3.12.4", minimum required is "3") 
[1.805s] -- Config-file not installed for ZeroMQ -- checking for pkg-config
[1.810s] -- Checking for module 'libzmq >= 4'
[1.829s] --   Found libzmq , version 4.3.4
[1.880s] -- Found ZeroMQ: TRUE (Required is at least version "4") 
[1.887s] -- Checking for module 'uuid'
[1.905s] --   Found uuid, version 2.37.2
[1.948s] -- Found UUID: TRUE  
[1.952s] -- Looking for ignition-msgs5 -- found version 5.8.1
[1.952s] -- Searching for dependencies of ignition-msgs5
[1.977s] -- Looking for ignition-math6 -- found version 6.15.1
[1.984s] -- Checking for module 'tinyxml2'
[2.003s] --   Found tinyxml2, version 9.0.0
[2.054s] -- Looking for ignition-msgs5 -- found version 5.8.1
[2.058s] -- Looking for ignition-common3 -- found version 3.14.0
[2.058s] -- Searching for dependencies of ignition-common3
[2.058s] -- Looking for dlfcn.h - found
[2.059s] -- Looking for libdl - found
[2.061s] -- Found DL: TRUE  
[2.074s] -- Found tinyobjloader: /usr/lib/x86_64-linux-gnu/cmake/tinyobjloader/tinyobjloader-config.cmake (found version "2.0.0") 
[2.074s] -- Searching for <ignition-common3> component [graphics]
[2.077s] -- Looking for ignition-common3-graphics -- found version 3.14.0
[2.078s] -- Searching for dependencies of ignition-common3-graphics
[2.078s] -- Looking for ignition-math6 -- found version 6.15.1
[2.082s] -- Looking for ignition-fuel_tools4 -- found version 4.4.0
[2.082s] -- Searching for dependencies of ignition-fuel_tools4
[2.195s] -- Found CURL: /usr/lib/x86_64-linux-gnu/libcurl.so (found version "7.81.0")  
[2.208s] -- Checking for module 'jsoncpp'
[2.227s] --   Found jsoncpp, version 1.9.5
[2.279s] -- Found JSONCPP: TRUE  
[2.287s] -- Checking for module 'libzip'
[2.306s] --   Found libzip, version 1.7.3
[2.366s] -- Found ZIP: TRUE  
[2.367s] -- Looking for ignition-common3 -- found version 3.14.0
[2.368s] -- Looking for ignition-math6 -- found version 6.15.1
[2.368s] -- Looking for ignition-msgs5 -- found version 5.8.1
[2.375s] -- Gazebo version: 11.10
[2.375s] -- Checking for module 'tbb'
[2.395s] --   Found tbb, version 2021.5.0
[2.447s] -- Found ament_lint_auto: 0.12.14 (/opt/ros/humble/share/ament_lint_auto/cmake)
[2.538s] -- Added test 'flake8' to check Python code syntax and style conventions
[2.539s] -- Added test 'lint_cmake' to check CMake code style
[2.539s] -- Added test 'pep257' to check Python code against some of the docstring style conventions in PEP 257
[2.541s] -- Added test 'xmllint' to check XML markup files
[2.542s] -- Configuring done
[2.547s] -- Generating done
[2.549s] -- Build files have been written to: /home/javierac/create3_ws/build/irobot_create_gazebo_bringup
[2.560s] Invoked command in '/home/javierac/create3_ws/build/irobot_create_gazebo_bringup' returned '0': AMENT_PREFIX_PATH=/home/javierac/create3_ws/install/irobot_create_common_bringup:/home/javierac/create3_ws/install/irobot_create_nodes:/home/javierac/create3_ws/install/irobot_create_gazebo_plugins:/home/javierac/create3_ws/install/irobot_create_toolbox:/home/javierac/create3_ws/install/irobot_create_description:/home/javierac/create3_ws/install/irobot_create_control:${AMENT_PREFIX_PATH} CMAKE_PREFIX_PATH=/home/javierac/create3_ws/install/irobot_create_common_bringup:/home/javierac/create3_ws/install/irobot_create_nodes:/home/javierac/create3_ws/install/irobot_create_gazebo_plugins:/home/javierac/create3_ws/install/irobot_create_toolbox:/home/javierac/create3_ws/install/irobot_create_description:/home/javierac/create3_ws/install/irobot_create_control:/opt/ros/humble LD_LIBRARY_PATH=/home/javierac/create3_ws/install/irobot_create_nodes/lib:/home/javierac/create3_ws/install/irobot_create_gazebo_plugins/lib:/home/javierac/create3_ws/install/irobot_create_toolbox/lib:${LD_LIBRARY_PATH} PYTHONPATH=/home/javierac/create3_ws/install/irobot_create_common_bringup/local/lib/python3.10/dist-packages:${PYTHONPATH} /usr/bin/cmake /home/javierac/create3_ws/src/irobot_create_gazebo/irobot_create_gazebo_bringup -DAMENT_CMAKE_SYMLINK_INSTALL=1 -DCMAKE_INSTALL_PREFIX=/home/javierac/create3_ws/install/irobot_create_gazebo_bringup
[2.562s] Invoking command in '/home/javierac/create3_ws/build/irobot_create_gazebo_bringup': AMENT_PREFIX_PATH=/home/javierac/create3_ws/install/irobot_create_common_bringup:/home/javierac/create3_ws/install/irobot_create_nodes:/home/javierac/create3_ws/install/irobot_create_gazebo_plugins:/home/javierac/create3_ws/install/irobot_create_toolbox:/home/javierac/create3_ws/install/irobot_create_description:/home/javierac/create3_ws/install/irobot_create_control:${AMENT_PREFIX_PATH} CMAKE_PREFIX_PATH=/home/javierac/create3_ws/install/irobot_create_common_bringup:/home/javierac/create3_ws/install/irobot_create_nodes:/home/javierac/create3_ws/install/irobot_create_gazebo_plugins:/home/javierac/create3_ws/install/irobot_create_toolbox:/home/javierac/create3_ws/install/irobot_create_description:/home/javierac/create3_ws/install/irobot_create_control:/opt/ros/humble LD_LIBRARY_PATH=/home/javierac/create3_ws/install/irobot_create_nodes/lib:/home/javierac/create3_ws/install/irobot_create_gazebo_plugins/lib:/home/javierac/create3_ws/install/irobot_create_toolbox/lib:${LD_LIBRARY_PATH} PYTHONPATH=/home/javierac/create3_ws/install/irobot_create_common_bringup/local/lib/python3.10/dist-packages:${PYTHONPATH} /usr/bin/cmake --build /home/javierac/create3_ws/build/irobot_create_gazebo_bringup -- -j20 -l20
[2.617s] Invoked command in '/home/javierac/create3_ws/build/irobot_create_gazebo_bringup' returned '0': AMENT_PREFIX_PATH=/home/javierac/create3_ws/install/irobot_create_common_bringup:/home/javierac/create3_ws/install/irobot_create_nodes:/home/javierac/create3_ws/install/irobot_create_gazebo_plugins:/home/javierac/create3_ws/install/irobot_create_toolbox:/home/javierac/create3_ws/install/irobot_create_description:/home/javierac/create3_ws/install/irobot_create_control:${AMENT_PREFIX_PATH} CMAKE_PREFIX_PATH=/home/javierac/create3_ws/install/irobot_create_common_bringup:/home/javierac/create3_ws/install/irobot_create_nodes:/home/javierac/create3_ws/install/irobot_create_gazebo_plugins:/home/javierac/create3_ws/install/irobot_create_toolbox:/home/javierac/create3_ws/install/irobot_create_description:/home/javierac/create3_ws/install/irobot_create_control:/opt/ros/humble LD_LIBRARY_PATH=/home/javierac/create3_ws/install/irobot_create_nodes/lib:/home/javierac/create3_ws/install/irobot_create_gazebo_plugins/lib:/home/javierac/create3_ws/install/irobot_create_toolbox/lib:${LD_LIBRARY_PATH} PYTHONPATH=/home/javierac/create3_ws/install/irobot_create_common_bringup/local/lib/python3.10/dist-packages:${PYTHONPATH} /usr/bin/cmake --build /home/javierac/create3_ws/build/irobot_create_gazebo_bringup -- -j20 -l20
[2.619s] Invoking command in '/home/javierac/create3_ws/build/irobot_create_gazebo_bringup': AMENT_PREFIX_PATH=/home/javierac/create3_ws/install/irobot_create_common_bringup:/home/javierac/create3_ws/install/irobot_create_nodes:/home/javierac/create3_ws/install/irobot_create_gazebo_plugins:/home/javierac/create3_ws/install/irobot_create_toolbox:/home/javierac/create3_ws/install/irobot_create_description:/home/javierac/create3_ws/install/irobot_create_control:${AMENT_PREFIX_PATH} CMAKE_PREFIX_PATH=/home/javierac/create3_ws/install/irobot_create_common_bringup:/home/javierac/create3_ws/install/irobot_create_nodes:/home/javierac/create3_ws/install/irobot_create_gazebo_plugins:/home/javierac/create3_ws/install/irobot_create_toolbox:/home/javierac/create3_ws/install/irobot_create_description:/home/javierac/create3_ws/install/irobot_create_control:/opt/ros/humble LD_LIBRARY_PATH=/home/javierac/create3_ws/install/irobot_create_nodes/lib:/home/javierac/create3_ws/install/irobot_create_gazebo_plugins/lib:/home/javierac/create3_ws/install/irobot_create_toolbox/lib:${LD_LIBRARY_PATH} PYTHONPATH=/home/javierac/create3_ws/install/irobot_create_common_bringup/local/lib/python3.10/dist-packages:${PYTHONPATH} /usr/bin/cmake --install /home/javierac/create3_ws/build/irobot_create_gazebo_bringup
[2.626s] -- Install configuration: ""
[2.627s] -- Execute custom install script
[2.627s] -- Symlinking: /home/javierac/create3_ws/install/irobot_create_gazebo_bringup/share/irobot_create_gazebo_bringup/config/gazebo_params.yaml
[2.638s] -- Symlinking: /home/javierac/create3_ws/install/irobot_create_gazebo_bringup/share/irobot_create_gazebo_bringup/launch/create3_gazebo.launch.py
[2.648s] -- Symlinking: /home/javierac/create3_ws/install/irobot_create_gazebo_bringup/share/irobot_create_gazebo_bringup/launch/create3_gazebo_aws_small.launch.py
[2.658s] -- Symlinking: /home/javierac/create3_ws/install/irobot_create_gazebo_bringup/share/irobot_create_gazebo_bringup/launch/create3_spawn.launch.py
[2.667s] -- Symlinking: /home/javierac/create3_ws/install/irobot_create_gazebo_bringup/share/irobot_create_gazebo_bringup/launch/gazebo.launch.py
[2.679s] -- Symlinking: /home/javierac/create3_ws/install/irobot_create_gazebo_bringup/share/irobot_create_gazebo_bringup/launch/worlds/stage9-obstacle.model
[2.688s] -- Symlinking: /home/javierac/create3_ws/install/irobot_create_gazebo_bringup/share/irobot_create_gazebo_bringup/launch/worlds/stage9.model
[2.698s] -- Symlinking: /home/javierac/create3_ws/install/irobot_create_gazebo_bringup/share/irobot_create_gazebo_bringup/launch/worlds/test.world
[2.707s] -- Symlinking: /home/javierac/create3_ws/install/irobot_create_gazebo_bringup/share/ament_index/resource_index/package_run_dependencies/irobot_create_gazebo_bringup
[2.718s] -- Symlinking: /home/javierac/create3_ws/install/irobot_create_gazebo_bringup/share/ament_index/resource_index/parent_prefix_path/irobot_create_gazebo_bringup
[2.726s] -- Symlinking: /home/javierac/create3_ws/install/irobot_create_gazebo_bringup/share/irobot_create_gazebo_bringup/environment/ament_prefix_path.sh
[2.738s] -- Symlinking: /home/javierac/create3_ws/install/irobot_create_gazebo_bringup/share/irobot_create_gazebo_bringup/environment/ament_prefix_path.dsv
[2.748s] -- Symlinking: /home/javierac/create3_ws/install/irobot_create_gazebo_bringup/share/irobot_create_gazebo_bringup/environment/path.sh
[2.758s] -- Symlinking: /home/javierac/create3_ws/install/irobot_create_gazebo_bringup/share/irobot_create_gazebo_bringup/environment/path.dsv
[2.767s] -- Symlinking: /home/javierac/create3_ws/install/irobot_create_gazebo_bringup/share/irobot_create_gazebo_bringup/local_setup.bash
[2.779s] -- Symlinking: /home/javierac/create3_ws/install/irobot_create_gazebo_bringup/share/irobot_create_gazebo_bringup/local_setup.sh
[2.787s] -- Symlinking: /home/javierac/create3_ws/install/irobot_create_gazebo_bringup/share/irobot_create_gazebo_bringup/local_setup.zsh
[2.796s] -- Symlinking: /home/javierac/create3_ws/install/irobot_create_gazebo_bringup/share/irobot_create_gazebo_bringup/local_setup.dsv
[2.807s] -- Symlinking: /home/javierac/create3_ws/install/irobot_create_gazebo_bringup/share/irobot_create_gazebo_bringup/package.dsv
[2.818s] -- Symlinking: /home/javierac/create3_ws/install/irobot_create_gazebo_bringup/share/ament_index/resource_index/packages/irobot_create_gazebo_bringup
[2.829s] -- Symlinking: /home/javierac/create3_ws/install/irobot_create_gazebo_bringup/share/irobot_create_gazebo_bringup/cmake/irobot_create_gazebo_bringupConfig.cmake
[2.841s] -- Symlinking: /home/javierac/create3_ws/install/irobot_create_gazebo_bringup/share/irobot_create_gazebo_bringup/cmake/irobot_create_gazebo_bringupConfig-version.cmake
[2.855s] -- Symlinking: /home/javierac/create3_ws/install/irobot_create_gazebo_bringup/share/irobot_create_gazebo_bringup/package.xml
[2.869s] Invoked command in '/home/javierac/create3_ws/build/irobot_create_gazebo_bringup' returned '0': AMENT_PREFIX_PATH=/home/javierac/create3_ws/install/irobot_create_common_bringup:/home/javierac/create3_ws/install/irobot_create_nodes:/home/javierac/create3_ws/install/irobot_create_gazebo_plugins:/home/javierac/create3_ws/install/irobot_create_toolbox:/home/javierac/create3_ws/install/irobot_create_description:/home/javierac/create3_ws/install/irobot_create_control:${AMENT_PREFIX_PATH} CMAKE_PREFIX_PATH=/home/javierac/create3_ws/install/irobot_create_common_bringup:/home/javierac/create3_ws/install/irobot_create_nodes:/home/javierac/create3_ws/install/irobot_create_gazebo_plugins:/home/javierac/create3_ws/install/irobot_create_toolbox:/home/javierac/create3_ws/install/irobot_create_description:/home/javierac/create3_ws/install/irobot_create_control:/opt/ros/humble LD_LIBRARY_PATH=/home/javierac/create3_ws/install/irobot_create_nodes/lib:/home/javierac/create3_ws/install/irobot_create_gazebo_plugins/lib:/home/javierac/create3_ws/install/irobot_create_toolbox/lib:${LD_LIBRARY_PATH} PYTHONPATH=/home/javierac/create3_ws/install/irobot_create_common_bringup/local/lib/python3.10/dist-packages:${PYTHONPATH} /usr/bin/cmake --install /home/javierac/create3_ws/build/irobot_create_gazebo_bringup
