[0.013s] Invoking command in '/home/javierac/create3_ws/build/irobot_create_description': CMAKE_PREFIX_PATH=/opt/ros/humble /usr/bin/cmake /home/javierac/create3_ws/src/irobot_create_common/irobot_create_description -DAMENT_CMAKE_SYMLINK_INSTALL=1 -DCMAKE_INSTALL_PREFIX=/home/javierac/create3_ws/install/irobot_create_description
[0.073s] -- The C compiler identification is GNU 11.4.0
[0.133s] -- The CXX compiler identification is GNU 11.4.0
[0.140s] -- Detecting C compiler ABI info
[0.213s] -- Detecting C compiler ABI info - done
[0.221s] -- Check for working C compiler: /usr/bin/cc - skipped
[0.221s] -- Detecting C compile features
[0.221s] -- Detecting C compile features - done
[0.224s] -- Detecting CXX compiler ABI info
[0.307s] -- Detecting CXX compiler ABI info - done
[0.315s] -- Check for working CXX compiler: /usr/bin/c++ - skipped
[0.315s] -- Detecting CXX compile features
[0.316s] -- Detecting CXX compile features - done
[0.319s] -- Found ament_cmake: 1.3.12 (/opt/ros/humble/share/ament_cmake/cmake)
[0.475s] -- Found Python3: /usr/bin/python3 (found version "3.10.12") found components: Interpreter 
[0.537s] -- Override CMake install command with custom implementation using symlinks instead of copying resources
[0.571s] -- Found ament_lint_auto: 0.12.14 (/opt/ros/humble/share/ament_lint_auto/cmake)
[0.638s] -- Added test 'lint_cmake' to check CMake code style
[0.639s] -- Configuring done
[0.641s] -- Generating done
[0.643s] -- Build files have been written to: /home/javierac/create3_ws/build/irobot_create_description
[0.648s] Invoked command in '/home/javierac/create3_ws/build/irobot_create_description' returned '0': CMAKE_PREFIX_PATH=/opt/ros/humble /usr/bin/cmake /home/javierac/create3_ws/src/irobot_create_common/irobot_create_description -DAMENT_CMAKE_SYMLINK_INSTALL=1 -DCMAKE_INSTALL_PREFIX=/home/javierac/create3_ws/install/irobot_create_description
[0.648s] Invoking command in '/home/javierac/create3_ws/build/irobot_create_description': CMAKE_PREFIX_PATH=/opt/ros/humble /usr/bin/cmake --build /home/javierac/create3_ws/build/irobot_create_description -- -j20 -l20
[0.692s] Invoked command in '/home/javierac/create3_ws/build/irobot_create_description' returned '0': CMAKE_PREFIX_PATH=/opt/ros/humble /usr/bin/cmake --build /home/javierac/create3_ws/build/irobot_create_description -- -j20 -l20
[0.706s] Invoking command in '/home/javierac/create3_ws/build/irobot_create_description': CMAKE_PREFIX_PATH=/opt/ros/humble /usr/bin/cmake --install /home/javierac/create3_ws/build/irobot_create_description
[0.717s] -- Install configuration: ""
[0.717s] -- Execute custom install script
[0.719s] -- Symlinking: /home/javierac/create3_ws/install/irobot_create_description/share/irobot_create_description//meshes/body_visual.dae
[0.725s] -- Symlinking: /home/javierac/create3_ws/install/irobot_create_description/share/irobot_create_description//meshes/bumper_collision.dae
[0.736s] -- Symlinking: /home/javierac/create3_ws/install/irobot_create_description/share/irobot_create_description//meshes/bumper_visual.dae
[0.744s] -- Symlinking: /home/javierac/create3_ws/install/irobot_create_description/share/irobot_create_description//meshes/dock/visual.dae
[0.751s] -- Symlinking: /home/javierac/create3_ws/install/irobot_create_description/share/irobot_create_description//urdf/bumper.urdf.xacro
[0.760s] -- Symlinking: /home/javierac/create3_ws/install/irobot_create_description/share/irobot_create_description//urdf/button.urdf.xacro
[0.771s] -- Symlinking: /home/javierac/create3_ws/install/irobot_create_description/share/irobot_create_description//urdf/caster.urdf.xacro
[0.781s] -- Symlinking: /home/javierac/create3_ws/install/irobot_create_description/share/irobot_create_description//urdf/common_properties.urdf.xacro
[0.791s] -- Symlinking: /home/javierac/create3_ws/install/irobot_create_description/share/irobot_create_description//urdf/create3.urdf.xacro
[0.801s] -- Symlinking: /home/javierac/create3_ws/install/irobot_create_description/share/irobot_create_description//urdf/dock/ir_emitter.urdf.xacro
[0.811s] -- Symlinking: /home/javierac/create3_ws/install/irobot_create_description/share/irobot_create_description//urdf/dock/standard_dock.urdf.xacro
[0.822s] -- Symlinking: /home/javierac/create3_ws/install/irobot_create_description/share/irobot_create_description//urdf/sensors/cliff_sensor.urdf.xacro
[0.832s] -- Symlinking: /home/javierac/create3_ws/install/irobot_create_description/share/irobot_create_description//urdf/sensors/imu.urdf.xacro
[0.839s] -- Symlinking: /home/javierac/create3_ws/install/irobot_create_description/share/irobot_create_description//urdf/sensors/ir_intensity.urdf.xacro
[0.846s] -- Symlinking: /home/javierac/create3_ws/install/irobot_create_description/share/irobot_create_description//urdf/sensors/ir_opcode_receivers.urdf.xacro
[0.857s] -- Symlinking: /home/javierac/create3_ws/install/irobot_create_description/share/irobot_create_description//urdf/sensors/optical_mouse.urdf.xacro
[0.864s] -- Symlinking: /home/javierac/create3_ws/install/irobot_create_description/share/irobot_create_description//urdf/wheel.urdf.xacro
[0.872s] -- Symlinking: /home/javierac/create3_ws/install/irobot_create_description/share/irobot_create_description//urdf/wheel_drop.urdf.xacro
[0.879s] -- Symlinking: /home/javierac/create3_ws/install/irobot_create_description/share/irobot_create_description//urdf/wheel_with_wheeldrop.urdf.xacro
[0.888s] -- Symlinking: /home/javierac/create3_ws/install/irobot_create_description/share/ament_index/resource_index/package_run_dependencies/irobot_create_description
[0.896s] -- Symlinking: /home/javierac/create3_ws/install/irobot_create_description/share/ament_index/resource_index/parent_prefix_path/irobot_create_description
[0.904s] -- Symlinking: /home/javierac/create3_ws/install/irobot_create_description/share/irobot_create_description/environment/ament_prefix_path.sh
[0.910s] -- Symlinking: /home/javierac/create3_ws/install/irobot_create_description/share/irobot_create_description/environment/ament_prefix_path.dsv
[0.922s] -- Symlinking: /home/javierac/create3_ws/install/irobot_create_description/share/irobot_create_description/environment/path.sh
[0.930s] -- Symlinking: /home/javierac/create3_ws/install/irobot_create_description/share/irobot_create_description/environment/path.dsv
[0.942s] -- Symlinking: /home/javierac/create3_ws/install/irobot_create_description/share/irobot_create_description/local_setup.bash
[0.949s] -- Symlinking: /home/javierac/create3_ws/install/irobot_create_description/share/irobot_create_description/local_setup.sh
[0.961s] -- Symlinking: /home/javierac/create3_ws/install/irobot_create_description/share/irobot_create_description/local_setup.zsh
[0.972s] -- Symlinking: /home/javierac/create3_ws/install/irobot_create_description/share/irobot_create_description/local_setup.dsv
[0.981s] -- Symlinking: /home/javierac/create3_ws/install/irobot_create_description/share/irobot_create_description/package.dsv
[0.994s] -- Symlinking: /home/javierac/create3_ws/install/irobot_create_description/share/ament_index/resource_index/packages/irobot_create_description
[1.001s] -- Symlinking: /home/javierac/create3_ws/install/irobot_create_description/share/irobot_create_description/cmake/irobot_create_descriptionConfig.cmake
[1.014s] -- Symlinking: /home/javierac/create3_ws/install/irobot_create_description/share/irobot_create_description/cmake/irobot_create_descriptionConfig-version.cmake
[1.025s] -- Symlinking: /home/javierac/create3_ws/install/irobot_create_description/share/irobot_create_description/package.xml
[1.039s] Invoked command in '/home/javierac/create3_ws/build/irobot_create_description' returned '0': CMAKE_PREFIX_PATH=/opt/ros/humble /usr/bin/cmake --install /home/javierac/create3_ws/build/irobot_create_description
