[0.014s] Invoking command in '/home/javierac/create3_ws/build/irobot_create_gazebo_plugins': AMENT_PREFIX_PATH=/home/javierac/create3_ws/install/irobot_create_toolbox:${AMENT_PREFIX_PATH} CMAKE_PREFIX_PATH=/home/javierac/create3_ws/install/irobot_create_toolbox:/opt/ros/humble LD_LIBRARY_PATH=/home/javierac/create3_ws/install/irobot_create_toolbox/lib:${LD_LIBRARY_PATH} /usr/bin/cmake /home/javierac/create3_ws/src/irobot_create_gazebo/irobot_create_gazebo_plugins -DAMENT_CMAKE_SYMLINK_INSTALL=1 -DCMAKE_INSTALL_PREFIX=/home/javierac/create3_ws/install/irobot_create_gazebo_plugins
[0.088s] -- The C compiler identification is GNU 11.4.0
[0.163s] -- The CXX compiler identification is GNU 11.4.0
[0.171s] -- Detecting C compiler ABI info
[0.250s] -- Detecting C compiler ABI info - done
[0.263s] -- Check for working C compiler: /usr/bin/cc - skipped
[0.264s] -- Detecting C compile features
[0.264s] -- Detecting C compile features - done
[0.269s] -- Detecting CXX compiler ABI info
[0.354s] -- Detecting CXX compiler ABI info - done
[0.362s] -- Check for working CXX compiler: /usr/bin/c++ - skipped
[0.363s] -- Detecting CXX compile features
[0.363s] -- Detecting CXX compile features - done
[0.366s] -- Found ament_cmake: 1.3.12 (/opt/ros/humble/share/ament_cmake/cmake)
[0.528s] -- Found Python3: /usr/bin/python3 (found version "3.10.12") found components: Interpreter 
[0.590s] -- Override CMake install command with custom implementation using symlinks instead of copying resources
[0.630s] -- Found geometry_msgs: 4.9.0 (/opt/ros/humble/share/geometry_msgs/cmake)
[0.674s] -- Found rosidl_generator_c: 3.1.7 (/opt/ros/humble/share/rosidl_generator_c/cmake)
[0.680s] -- Found rosidl_adapter: 3.1.7 (/opt/ros/humble/share/rosidl_adapter/cmake)
[0.689s] -- Found rosidl_generator_cpp: 3.1.7 (/opt/ros/humble/share/rosidl_generator_cpp/cmake)
[0.702s] -- Using all available rosidl_typesupport_c: rosidl_typesupport_fastrtps_c;rosidl_typesupport_introspection_c
[0.719s] -- Using all available rosidl_typesupport_cpp: rosidl_typesupport_fastrtps_cpp;rosidl_typesupport_introspection_cpp
[0.759s] -- Found irobot_create_msgs: 2.1.0 (/opt/ros/humble/share/irobot_create_msgs/cmake)
[0.806s] -- Found irobot_create_toolbox: 2.1.0 (/home/javierac/create3_ws/install/irobot_create_toolbox/share/irobot_create_toolbox/cmake)
[0.861s] -- Found rmw_implementation_cmake: 6.1.2 (/opt/ros/humble/share/rmw_implementation_cmake/cmake)
[0.864s] -- Found rmw_fastrtps_cpp: 6.2.9 (/opt/ros/humble/share/rmw_fastrtps_cpp/cmake)
[0.972s] -- Found OpenSSL: /usr/lib/x86_64-linux-gnu/libcrypto.so (found version "3.0.2")  
[1.007s] -- Found FastRTPS: /opt/ros/humble/include  
[1.061s] -- Using RMW implementation 'rmw_fastrtps_cpp' as default
[1.071s] -- Looking for pthread.h
[1.156s] -- Looking for pthread.h - found
[1.157s] -- Performing Test CMAKE_HAVE_LIBC_PTHREAD
[1.251s] -- Performing Test CMAKE_HAVE_LIBC_PTHREAD - Success
[1.252s] -- Found Threads: TRUE  
[1.299s] -- Found sensor_msgs: 4.9.0 (/opt/ros/humble/share/sensor_msgs/cmake)
[1.326s] -- Found PkgConfig: /usr/bin/pkg-config (found version "0.29.2") 
[1.328s] -- Checking for module 'bullet>=2.82'
[1.347s] --   Found bullet, version 3.05
[1.493s] -- Found fcl: /usr/include (found suitable version "0.7.0", minimum required is "0.5.0") 
[1.562s] -- Found assimp: /usr/include (found version "5.2.0") 
[1.588s] -- Found DART: /usr/include (Required is at least version "6.6") found components: dart 
[1.621s] -- Found Boost: /usr/lib/x86_64-linux-gnu/cmake/Boost-1.74.0/BoostConfig.cmake (found suitable version "1.74.0", minimum required is "1.40.0") found components: thread system filesystem program_options regex iostreams date_time 
[1.636s] -- Found Protobuf: /usr/lib/x86_64-linux-gnu/libprotobuf.so (found version "3.12.4") 
[1.642s] -- Looking for ignition-math6 -- found version 6.15.1
[1.644s] -- Looking for OGRE...
[1.645s] -- OGRE_PREFIX_WATCH changed.
[1.653s] -- Checking for module 'OGRE'
[1.671s] --   Found OGRE, version 1.9.0
[1.710s] -- Found Ogre Ghadamon (1.9.0)
[1.719s] -- Found OGRE: optimized;/usr/lib/x86_64-linux-gnu/libOgreMain.so;debug;/usr/lib/x86_64-linux-gnu/libOgreMain.so
[1.730s] -- Looking for OGRE_Paging...
[1.734s] -- Found OGRE_Paging: optimized;/usr/lib/x86_64-linux-gnu/libOgrePaging.so;debug;/usr/lib/x86_64-linux-gnu/libOgrePaging.so
[1.734s] -- Looking for OGRE_Terrain...
[1.737s] -- Found OGRE_Terrain: optimized;/usr/lib/x86_64-linux-gnu/libOgreTerrain.so;debug;/usr/lib/x86_64-linux-gnu/libOgreTerrain.so
[1.738s] -- Looking for OGRE_Property...
[1.743s] -- Found OGRE_Property: optimized;/usr/lib/x86_64-linux-gnu/libOgreProperty.so;debug;/usr/lib/x86_64-linux-gnu/libOgreProperty.so
[1.743s] -- Looking for OGRE_RTShaderSystem...
[1.751s] -- Found OGRE_RTShaderSystem: optimized;/usr/lib/x86_64-linux-gnu/libOgreRTShaderSystem.so;debug;/usr/lib/x86_64-linux-gnu/libOgreRTShaderSystem.so
[1.751s] -- Looking for OGRE_Volume...
[1.759s] -- Found OGRE_Volume: optimized;/usr/lib/x86_64-linux-gnu/libOgreVolume.so;debug;/usr/lib/x86_64-linux-gnu/libOgreVolume.so
[1.760s] -- Looking for OGRE_Overlay...
[1.765s] -- Found OGRE_Overlay: optimized;/usr/lib/x86_64-linux-gnu/libOgreOverlay.so;debug;/usr/lib/x86_64-linux-gnu/libOgreOverlay.so
[1.929s] -- Looking for ignition-math6 -- found version 6.15.1
[1.932s] -- Looking for ignition-transport8 -- found version 8.2.1
[1.932s] -- Searching for dependencies of ignition-transport8
[1.980s] -- Found Protobuf: /usr/lib/x86_64-linux-gnu/libprotobuf.so (found suitable version "3.12.4", minimum required is "3") 
[2.035s] -- Config-file not installed for ZeroMQ -- checking for pkg-config
[2.048s] -- Checking for module 'libzmq >= 4'
[2.083s] --   Found libzmq , version 4.3.4
[2.171s] -- Found ZeroMQ: TRUE (Required is at least version "4") 
[2.182s] -- Checking for module 'uuid'
[2.219s] --   Found uuid, version 2.37.2
[2.316s] -- Found UUID: TRUE  
[2.325s] -- Looking for ignition-msgs5 -- found version 5.8.1
[2.328s] -- Searching for dependencies of ignition-msgs5
[2.397s] -- Looking for ignition-math6 -- found version 6.15.1
[2.409s] -- Checking for module 'tinyxml2'
[2.455s] --   Found tinyxml2, version 9.0.0
[2.550s] -- Looking for ignition-msgs5 -- found version 5.8.1
[2.560s] -- Looking for ignition-common3 -- found version 3.14.0
[2.561s] -- Searching for dependencies of ignition-common3
[2.561s] -- Looking for dlfcn.h - found
[2.565s] -- Looking for libdl - found
[2.568s] -- Found DL: TRUE  
[2.609s] -- Found tinyobjloader: /usr/lib/x86_64-linux-gnu/cmake/tinyobjloader/tinyobjloader-config.cmake (found version "2.0.0") 
[2.610s] -- Searching for <ignition-common3> component [graphics]
[2.620s] -- Looking for ignition-common3-graphics -- found version 3.14.0
[2.621s] -- Searching for dependencies of ignition-common3-graphics
[2.622s] -- Looking for ignition-math6 -- found version 6.15.1
[2.634s] -- Looking for ignition-fuel_tools4 -- found version 4.4.0
[2.635s] -- Searching for dependencies of ignition-fuel_tools4
[2.836s] -- Found CURL: /usr/lib/x86_64-linux-gnu/libcurl.so (found version "7.81.0")  
[2.854s] -- Checking for module 'jsoncpp'
[2.879s] --   Found jsoncpp, version 1.9.5
[2.965s] -- Found JSONCPP: TRUE  
[2.984s] -- Checking for module 'libzip'
[3.024s] --   Found libzip, version 1.7.3
[3.147s] -- Found ZIP: TRUE  
[3.147s] -- Looking for ignition-common3 -- found version 3.14.0
[3.151s] -- Looking for ignition-math6 -- found version 6.15.1
[3.155s] -- Looking for ignition-msgs5 -- found version 5.8.1
[3.167s] -- Gazebo version: 11.10
[3.167s] -- Checking for module 'tbb'
[3.208s] --   Found tbb, version 2021.5.0
[3.542s] -- Found ament_lint_auto: 0.12.14 (/opt/ros/humble/share/ament_lint_auto/cmake)
[3.942s] -- Added test 'cppcheck' to perform static code analysis on C / C++ code
[3.945s] -- Configured cppcheck include dirs: /home/javierac/create3_ws/src/irobot_create_gazebo/irobot_create_gazebo_plugins/include
[3.945s] -- Configured cppcheck exclude dirs and/or files: 
[3.948s] -- Added test 'cpplint' to check C / C++ code against the Google style
[3.949s] -- Configured cpplint exclude dirs and/or files: 
[3.951s] -- Added test 'lint_cmake' to check CMake code style
[3.954s] -- Added test 'uncrustify' to check C / C++ code style
[3.955s] -- Configured uncrustify additional arguments: 
[3.955s] -- Added test 'xmllint' to check XML markup files
[3.968s] -- Configuring done
[4.600s] -- Generating done
[4.664s] -- Build files have been written to: /home/javierac/create3_ws/build/irobot_create_gazebo_plugins
[4.697s] Invoked command in '/home/javierac/create3_ws/build/irobot_create_gazebo_plugins' returned '0': AMENT_PREFIX_PATH=/home/javierac/create3_ws/install/irobot_create_toolbox:${AMENT_PREFIX_PATH} CMAKE_PREFIX_PATH=/home/javierac/create3_ws/install/irobot_create_toolbox:/opt/ros/humble LD_LIBRARY_PATH=/home/javierac/create3_ws/install/irobot_create_toolbox/lib:${LD_LIBRARY_PATH} /usr/bin/cmake /home/javierac/create3_ws/src/irobot_create_gazebo/irobot_create_gazebo_plugins -DAMENT_CMAKE_SYMLINK_INSTALL=1 -DCMAKE_INSTALL_PREFIX=/home/javierac/create3_ws/install/irobot_create_gazebo_plugins
[4.698s] Invoking command in '/home/javierac/create3_ws/build/irobot_create_gazebo_plugins': AMENT_PREFIX_PATH=/home/javierac/create3_ws/install/irobot_create_toolbox:${AMENT_PREFIX_PATH} CMAKE_PREFIX_PATH=/home/javierac/create3_ws/install/irobot_create_toolbox:/opt/ros/humble LD_LIBRARY_PATH=/home/javierac/create3_ws/install/irobot_create_toolbox/lib:${LD_LIBRARY_PATH} /usr/bin/cmake --build /home/javierac/create3_ws/build/irobot_create_gazebo_plugins -- -j20 -l20
[4.871s] [  5%] [32mBuilding CXX object CMakeFiles/gazebo_ros_create_helpers.dir/src/gazebo_ros_helpers.cpp.o[0m
[17.624s] [ 10%] [32m[1mLinking CXX shared library libgazebo_ros_create_helpers.so[0m
[18.142s] [ 10%] Built target gazebo_ros_create_helpers
[18.188s] [ 15%] [32mBuilding CXX object CMakeFiles/gazebo_ros_create_imu.dir/src/gazebo_ros_imu.cpp.o[0m
[18.197s] [ 20%] [32mBuilding CXX object CMakeFiles/gazebo_ros_create_cliff_sensor.dir/src/gazebo_ros_cliff_sensor.cpp.o[0m
[18.206s] [ 25%] [32mBuilding CXX object CMakeFiles/gazebo_ros_create_ir_intensity_sensor.dir/src/gazebo_ros_ir_intensity_sensor.cpp.o[0m
[18.209s] [ 30%] [32mBuilding CXX object CMakeFiles/gazebo_ros_create_bumper.dir/src/gazebo_ros_bumper.cpp.o[0m
[18.224s] [ 35%] [32mBuilding CXX object CMakeFiles/gazebo_ros_create_docking_status.dir/src/gazebo_ros_docking_status.cpp.o[0m
[18.231s] [ 40%] [32mBuilding CXX object CMakeFiles/docking_manager.dir/src/docking_manager.cpp.o[0m
[18.231s] [ 45%] [32mBuilding CXX object CMakeFiles/gazebo_ros_create_optical_mouse.dir/src/gazebo_ros_optical_mouse.cpp.o[0m
[18.232s] [ 50%] [32mBuilding CXX object CMakeFiles/gazebo_ros_create_wheel_drop.dir/src/gazebo_ros_wheel_drop.cpp.o[0m
[31.194s] [ 55%] [32m[1mLinking CXX shared library libdocking_manager.so[0m
[31.667s] [ 55%] Built target docking_manager
[31.691s] [ 60%] [32mBuilding CXX object CMakeFiles/gazebo_ros_create_ir_opcode.dir/src/gazebo_ros_ir_opcode.cpp.o[0m
[34.441s] [ 65%] [32m[1mLinking CXX shared library libgazebo_ros_create_ir_intensity_sensor.so[0m
[34.960s] [ 65%] Built target gazebo_ros_create_ir_intensity_sensor
[35.007s] [ 70%] [32m[1mLinking CXX shared library libgazebo_ros_create_imu.so[0m
[35.542s] [ 70%] Built target gazebo_ros_create_imu
[35.589s] [ 75%] [32m[1mLinking CXX shared library libgazebo_ros_create_cliff_sensor.so[0m
[36.264s] [ 75%] Built target gazebo_ros_create_cliff_sensor
[38.137s] [ 80%] [32m[1mLinking CXX shared library libgazebo_ros_create_wheel_drop.so[0m
[38.668s] [ 80%] Built target gazebo_ros_create_wheel_drop
[39.259s] [ 85%] [32m[1mLinking CXX shared library libgazebo_ros_create_optical_mouse.so[0m
[39.681s] [ 90%] [32m[1mLinking CXX shared library libgazebo_ros_create_docking_status.so[0m
[39.790s] [ 90%] Built target gazebo_ros_create_optical_mouse
[40.557s] [ 90%] Built target gazebo_ros_create_docking_status
[41.206s] [ 95%] [32m[1mLinking CXX shared library libgazebo_ros_create_bumper.so[0m
[41.880s] [ 95%] Built target gazebo_ros_create_bumper
[43.852s] [100%] [32m[1mLinking CXX shared library libgazebo_ros_create_ir_opcode.so[0m
[44.447s] [100%] Built target gazebo_ros_create_ir_opcode
[44.459s] Invoked command in '/home/javierac/create3_ws/build/irobot_create_gazebo_plugins' returned '0': AMENT_PREFIX_PATH=/home/javierac/create3_ws/install/irobot_create_toolbox:${AMENT_PREFIX_PATH} CMAKE_PREFIX_PATH=/home/javierac/create3_ws/install/irobot_create_toolbox:/opt/ros/humble LD_LIBRARY_PATH=/home/javierac/create3_ws/install/irobot_create_toolbox/lib:${LD_LIBRARY_PATH} /usr/bin/cmake --build /home/javierac/create3_ws/build/irobot_create_gazebo_plugins -- -j20 -l20
[44.461s] Invoking command in '/home/javierac/create3_ws/build/irobot_create_gazebo_plugins': AMENT_PREFIX_PATH=/home/javierac/create3_ws/install/irobot_create_toolbox:${AMENT_PREFIX_PATH} CMAKE_PREFIX_PATH=/home/javierac/create3_ws/install/irobot_create_toolbox:/opt/ros/humble LD_LIBRARY_PATH=/home/javierac/create3_ws/install/irobot_create_toolbox/lib:${LD_LIBRARY_PATH} /usr/bin/cmake --install /home/javierac/create3_ws/build/irobot_create_gazebo_plugins
[44.467s] -- Install configuration: ""
[44.467s] -- Execute custom install script
[44.468s] -- Symlinking: /home/javierac/create3_ws/install/irobot_create_gazebo_plugins/share/irobot_create_gazebo_plugins/environment/library_path.sh
[44.475s] -- Symlinking: /home/javierac/create3_ws/install/irobot_create_gazebo_plugins/share/irobot_create_gazebo_plugins/environment/library_path.dsv
[44.483s] -- Symlinking: /home/javierac/create3_ws/install/irobot_create_gazebo_plugins/include/irobot_create_gazebo_plugins/docking_manager.hpp
[44.493s] -- Symlinking: /home/javierac/create3_ws/install/irobot_create_gazebo_plugins/include/irobot_create_gazebo_plugins/gazebo_ros_bumper.hpp
[44.503s] -- Symlinking: /home/javierac/create3_ws/install/irobot_create_gazebo_plugins/include/irobot_create_gazebo_plugins/gazebo_ros_cliff_sensor.hpp
[44.512s] -- Symlinking: /home/javierac/create3_ws/install/irobot_create_gazebo_plugins/include/irobot_create_gazebo_plugins/gazebo_ros_docking_status.hpp
[44.521s] -- Symlinking: /home/javierac/create3_ws/install/irobot_create_gazebo_plugins/include/irobot_create_gazebo_plugins/gazebo_ros_helpers.hpp
[44.528s] -- Symlinking: /home/javierac/create3_ws/install/irobot_create_gazebo_plugins/include/irobot_create_gazebo_plugins/gazebo_ros_imu.hpp
[44.536s] -- Symlinking: /home/javierac/create3_ws/install/irobot_create_gazebo_plugins/include/irobot_create_gazebo_plugins/gazebo_ros_ir_intensity_sensor.hpp
[44.543s] -- Symlinking: /home/javierac/create3_ws/install/irobot_create_gazebo_plugins/include/irobot_create_gazebo_plugins/gazebo_ros_ir_opcode.hpp
[44.551s] -- Symlinking: /home/javierac/create3_ws/install/irobot_create_gazebo_plugins/include/irobot_create_gazebo_plugins/gazebo_ros_optical_mouse.hpp
[44.560s] -- Symlinking: /home/javierac/create3_ws/install/irobot_create_gazebo_plugins/include/irobot_create_gazebo_plugins/gazebo_ros_wheel_drop.hpp
[44.568s] -- Symlinking: /home/javierac/create3_ws/install/irobot_create_gazebo_plugins/lib/libgazebo_ros_create_bumper.so
[44.580s] -- Symlinking: /home/javierac/create3_ws/install/irobot_create_gazebo_plugins/lib/libgazebo_ros_create_cliff_sensor.so
[44.588s] -- Symlinking: /home/javierac/create3_ws/install/irobot_create_gazebo_plugins/lib/libgazebo_ros_create_docking_status.so
[44.595s] -- Symlinking: /home/javierac/create3_ws/install/irobot_create_gazebo_plugins/lib/libgazebo_ros_create_helpers.so
[44.607s] -- Symlinking: /home/javierac/create3_ws/install/irobot_create_gazebo_plugins/lib/libgazebo_ros_create_imu.so
[44.617s] -- Symlinking: /home/javierac/create3_ws/install/irobot_create_gazebo_plugins/lib/libgazebo_ros_create_ir_intensity_sensor.so
[44.628s] -- Symlinking: /home/javierac/create3_ws/install/irobot_create_gazebo_plugins/lib/libgazebo_ros_create_optical_mouse.so
[44.639s] -- Symlinking: /home/javierac/create3_ws/install/irobot_create_gazebo_plugins/lib/libgazebo_ros_create_ir_opcode.so
[44.648s] -- Symlinking: /home/javierac/create3_ws/install/irobot_create_gazebo_plugins/lib/libdocking_manager.so
[44.656s] -- Symlinking: /home/javierac/create3_ws/install/irobot_create_gazebo_plugins/lib/libgazebo_ros_create_wheel_drop.so
[44.667s] -- Symlinking: /home/javierac/create3_ws/install/irobot_create_gazebo_plugins/share/ament_index/resource_index/package_run_dependencies/irobot_create_gazebo_plugins
[44.677s] -- Symlinking: /home/javierac/create3_ws/install/irobot_create_gazebo_plugins/share/ament_index/resource_index/parent_prefix_path/irobot_create_gazebo_plugins
[44.689s] -- Symlinking: /home/javierac/create3_ws/install/irobot_create_gazebo_plugins/share/irobot_create_gazebo_plugins/environment/ament_prefix_path.sh
[44.701s] -- Symlinking: /home/javierac/create3_ws/install/irobot_create_gazebo_plugins/share/irobot_create_gazebo_plugins/environment/ament_prefix_path.dsv
[44.715s] -- Symlinking: /home/javierac/create3_ws/install/irobot_create_gazebo_plugins/share/irobot_create_gazebo_plugins/environment/path.sh
[44.723s] -- Symlinking: /home/javierac/create3_ws/install/irobot_create_gazebo_plugins/share/irobot_create_gazebo_plugins/environment/path.dsv
[44.736s] -- Symlinking: /home/javierac/create3_ws/install/irobot_create_gazebo_plugins/share/irobot_create_gazebo_plugins/local_setup.bash
[44.744s] -- Symlinking: /home/javierac/create3_ws/install/irobot_create_gazebo_plugins/share/irobot_create_gazebo_plugins/local_setup.sh
[44.752s] -- Symlinking: /home/javierac/create3_ws/install/irobot_create_gazebo_plugins/share/irobot_create_gazebo_plugins/local_setup.zsh
[44.761s] -- Symlinking: /home/javierac/create3_ws/install/irobot_create_gazebo_plugins/share/irobot_create_gazebo_plugins/local_setup.dsv
[44.769s] -- Symlinking: /home/javierac/create3_ws/install/irobot_create_gazebo_plugins/share/irobot_create_gazebo_plugins/package.dsv
[44.778s] -- Symlinking: /home/javierac/create3_ws/install/irobot_create_gazebo_plugins/share/ament_index/resource_index/packages/irobot_create_gazebo_plugins
[44.785s] -- Symlinking: /home/javierac/create3_ws/install/irobot_create_gazebo_plugins/share/irobot_create_gazebo_plugins/cmake/ament_cmake_export_libraries-extras.cmake
[44.798s] -- Symlinking: /home/javierac/create3_ws/install/irobot_create_gazebo_plugins/share/irobot_create_gazebo_plugins/cmake/ament_cmake_export_include_directories-extras.cmake
[44.805s] -- Symlinking: /home/javierac/create3_ws/install/irobot_create_gazebo_plugins/share/irobot_create_gazebo_plugins/cmake/ament_cmake_export_dependencies-extras.cmake
[44.814s] -- Symlinking: /home/javierac/create3_ws/install/irobot_create_gazebo_plugins/share/irobot_create_gazebo_plugins/cmake/irobot_create_gazebo_pluginsConfig.cmake
[44.824s] -- Symlinking: /home/javierac/create3_ws/install/irobot_create_gazebo_plugins/share/irobot_create_gazebo_plugins/cmake/irobot_create_gazebo_pluginsConfig-version.cmake
[44.836s] -- Symlinking: /home/javierac/create3_ws/install/irobot_create_gazebo_plugins/share/irobot_create_gazebo_plugins/package.xml
[44.845s] Invoked command in '/home/javierac/create3_ws/build/irobot_create_gazebo_plugins' returned '0': AMENT_PREFIX_PATH=/home/javierac/create3_ws/install/irobot_create_toolbox:${AMENT_PREFIX_PATH} CMAKE_PREFIX_PATH=/home/javierac/create3_ws/install/irobot_create_toolbox:/opt/ros/humble LD_LIBRARY_PATH=/home/javierac/create3_ws/install/irobot_create_toolbox/lib:${LD_LIBRARY_PATH} /usr/bin/cmake --install /home/javierac/create3_ws/build/irobot_create_gazebo_plugins
