[0.011s] Invoking command in '/home/javierac/create3_ws/build/irobot_create_gz_plugins': CMAKE_PREFIX_PATH=${CMAKE_PREFIX_PATH}:/opt/ros/jazzy /usr/bin/cmake /home/javierac/create3_ws/src/irobot_create_gz/irobot_create_gz_plugins -DAMENT_CMAKE_SYMLINK_INSTALL=1 -DCMAKE_INSTALL_PREFIX=/home/javierac/create3_ws/install/irobot_create_gz_plugins
[0.070s] -- The C compiler identification is GNU 13.3.0
[0.135s] -- The CXX compiler identification is GNU 13.3.0
[0.156s] -- Detecting C compiler ABI info
[0.266s] -- Detecting C compiler ABI info - done
[0.275s] -- Check for working C compiler: /usr/bin/cc - skipped
[0.275s] -- Detecting C compile features
[0.275s] -- Detecting C compile features - done
[0.287s] -- Detecting CXX compiler ABI info
[0.405s] -- Detecting CXX compiler ABI info - done
[0.416s] -- Check for working CXX compiler: /usr/bin/c++ - skipped
[0.416s] -- Detecting CXX compile features
[0.417s] -- Detecting CXX compile features - done
[0.424s] -- Found ament_cmake: 2.5.4 (/opt/ros/jazzy/share/ament_cmake/cmake)
[0.614s] -- Found Python3: /usr/bin/python3 (found version "3.12.3") found components: Interpreter 
[0.691s] -- Override CMake install command with custom implementation using symlinks instead of copying resources
[0.773s] -- Found gz_gui_vendor: 0.0.5 (/opt/ros/jazzy/share/gz_gui_vendor/cmake)
[0.837s] -- Looking for gz-gui8 -- found version 8.4.0
[0.846s] -- Searching for dependencies of gz-gui8
[0.994s] -- Found Protobuf: /usr/lib/x86_64-linux-gnu/libprotobuf.so (found version "3.21.12") 
[1.001s] -- Checking for module 'tinyxml2'
[1.018s] --   Found tinyxml2, version 10.0.0
[1.065s] -- Looking for gz-utils2 -- found version 2.2.1
[1.065s] -- Searching for dependencies of gz-utils2
[1.070s] -- Looking for gz-math7 -- found version 7.5.2
[1.070s] -- Searching for dependencies of gz-math7
[1.070s] -- Looking for gz-utils2 -- found version 2.2.1
[1.074s] -- Looking for gz-common5 -- found version 5.7.1
[1.075s] -- Searching for dependencies of gz-common5
[1.075s] -- Looking for gz-utils2 -- found version 2.2.1
[1.076s] -- Looking for dlfcn.h - found
[1.077s] -- Looking for libdl - found
[1.079s] -- Found DL: TRUE  
[1.086s] -- Checking for module 'uuid'
[1.105s] --   Found uuid, version 2.39.3
[1.150s] -- Found UUID: TRUE  
[1.152s] -- Searching for <gz-common5> component [profiler]
[1.155s] -- Looking for gz-common5-profiler -- found version 5.7.1
[1.155s] -- Searching for dependencies of gz-common5-profiler
[1.159s] -- Looking for gz-plugin2 -- found version 2.0.4
[1.159s] -- Searching for dependencies of gz-plugin2
[1.159s] -- Looking for gz-utils2 -- found version 2.2.1
[1.160s] -- Searching for dependencies of gz-utils2
[1.160s] -- Searching for <gz-utils2> component [cli]
[1.162s] -- Looking for gz-utils2-cli -- found version 2.2.1
[1.162s] -- Searching for dependencies of gz-utils2-cli
[1.163s] -- Searching for <gz-plugin2> component [loader]
[1.165s] -- Looking for gz-plugin2-loader -- found version 2.0.4
[1.166s] -- Searching for dependencies of gz-plugin2-loader
[1.166s] -- Searching for <gz-plugin2> component [register]
[1.168s] -- Looking for gz-plugin2-register -- found version 2.0.4
[1.169s] -- Searching for dependencies of gz-plugin2-register
[1.171s] -- Looking for gz-transport13 -- found version 13.4.1
[1.172s] -- Searching for dependencies of gz-transport13
[1.220s] -- Config-file not installed for ZeroMQ -- checking for pkg-config
[1.227s] -- Checking for module 'libzmq >= 4'
[1.246s] --   Found libzmq, version 4.3.5
[1.299s] -- Found ZeroMQ: TRUE (Required is at least version "4") 
[1.308s] -- Looking for gz-utils2 -- found version 2.2.1
[1.311s] -- Looking for gz-msgs10 -- found version 10.3.2
[1.311s] -- Searching for dependencies of gz-msgs10
[1.343s] -- Looking for gz-utils2 -- found version 2.2.1
[1.344s] -- Looking for gz-math7 -- found version 7.5.2
[1.357s] -- Looking for gz-rendering8 -- found version 8.2.2
[1.357s] -- Searching for dependencies of gz-rendering8
[1.357s] -- Looking for gz-math7 -- found version 7.5.2
[1.357s] -- Searching for dependencies of gz-math7
[1.358s] -- Looking for gz-utils2 -- found version 2.2.1
[1.358s] -- Searching for <gz-math7> component [eigen3]
[1.361s] -- Looking for gz-math7-eigen3 -- found version 7.5.2
[1.361s] -- Searching for dependencies of gz-math7-eigen3
[1.378s] -- Looking for gz-common5 -- found version 5.7.1
[1.378s] -- Searching for dependencies of gz-common5
[1.378s] -- Looking for gz-utils2 -- found version 2.2.1
[1.379s] -- Looking for dlfcn.h - found
[1.379s] -- Looking for libdl - found
[1.388s] -- Searching for <gz-common5> component [graphics]
[1.390s] -- Looking for gz-common5-graphics -- found version 5.7.1
[1.391s] -- Searching for dependencies of gz-common5-graphics
[1.391s] -- Looking for gz-math7 -- found version 7.5.2
[1.398s] -- Found GzAssimp: TRUE (found version "5.3.0") 
[1.399s] -- Searching for <gz-common5> component [events]
[1.401s] -- Looking for gz-common5-events -- found version 5.7.1
[1.402s] -- Searching for dependencies of gz-common5-events
[1.402s] -- Looking for gz-math7 -- found version 7.5.2
[1.402s] -- Searching for <gz-common5> component [geospatial]
[1.405s] -- Looking for gz-common5-geospatial -- found version 5.7.1
[1.406s] -- Searching for dependencies of gz-common5-geospatial
[1.406s] -- Looking for gz-math7 -- found version 7.5.2
[1.406s] -- Looking for gz-common5 -- found version 5.7.1
[1.407s] -- Looking for gz-plugin2 -- found version 2.0.4
[1.408s] -- Searching for dependencies of gz-plugin2
[1.408s] -- Looking for gz-utils2 -- found version 2.2.1
[1.408s] -- Searching for <gz-plugin2> component [all]
[1.411s] -- Looking for all libraries of gz-plugin2 -- found version 2.0.4
[1.412s] -- Looking for gz-plugin2 -- found version 2.0.4
[1.413s] -- Looking for gz-utils2 -- found version 2.2.1
[1.434s] -- Found OpenGL: /usr/lib/x86_64-linux-gnu/libOpenGL.so  found components: OpenGL 
[1.435s] -- Looking for gz-msgs10 -- found version 10.3.2
[1.474s] -- Found ament_lint_auto: 0.17.2 (/opt/ros/jazzy/share/ament_lint_auto/cmake)
[1.628s] -- Added test 'cppcheck' to perform static code analysis on C / C++ code
[1.628s] -- Configured cppcheck include dirs: 
[1.628s] -- Configured cppcheck exclude dirs and/or files: 
[1.630s] -- Added test 'cpplint' to check C / C++ code against the Google style
[1.630s] -- Configured cpplint exclude dirs and/or files: 
[1.632s] -- Added test 'lint_cmake' to check CMake code style
[1.633s] -- Added test 'xmllint' to check XML markup files
[1.636s] -- Configuring done (1.6s)
[1.655s] -- Generating done (0.0s)
[1.659s] -- Build files have been written to: /home/javierac/create3_ws/build/irobot_create_gz_plugins
[1.667s] Invoked command in '/home/javierac/create3_ws/build/irobot_create_gz_plugins' returned '0': CMAKE_PREFIX_PATH=${CMAKE_PREFIX_PATH}:/opt/ros/jazzy /usr/bin/cmake /home/javierac/create3_ws/src/irobot_create_gz/irobot_create_gz_plugins -DAMENT_CMAKE_SYMLINK_INSTALL=1 -DCMAKE_INSTALL_PREFIX=/home/javierac/create3_ws/install/irobot_create_gz_plugins
[1.669s] Invoking command in '/home/javierac/create3_ws/build/irobot_create_gz_plugins': CMAKE_PREFIX_PATH=${CMAKE_PREFIX_PATH}:/opt/ros/jazzy /usr/bin/cmake --build /home/javierac/create3_ws/build/irobot_create_gz_plugins -- -j20 -l20
[1.731s] [  0%] Built target Create3Hmi_autogen_timestamp_deps
[1.764s] [ 14%] [34m[1mAutomatic MOC for target Create3Hmi[0m
[2.193s] [ 14%] Built target Create3Hmi_autogen
[2.206s] [ 28%] [34m[1mGenerating qrc_Create3Hmi.cpp[0m
[2.243s] [ 42%] [32mBuilding CXX object Create3Hmi/CMakeFiles/Create3Hmi.dir/Create3Hmi.cc.o[0m
[2.244s] [ 57%] [32mBuilding CXX object Create3Hmi/CMakeFiles/Create3Hmi.dir/Create3Hmi_autogen/mocs_compilation.cpp.o[0m
[2.244s] [ 71%] [32mBuilding CXX object Create3Hmi/CMakeFiles/Create3Hmi.dir/qrc_Create3Hmi.cpp.o[0m
[7.092s] [ 85%] [32m[1mLinking CXX shared library libCreate3Hmi.so[0m
[7.797s] [100%] Built target Create3Hmi
[7.840s] Invoked command in '/home/javierac/create3_ws/build/irobot_create_gz_plugins' returned '0': CMAKE_PREFIX_PATH=${CMAKE_PREFIX_PATH}:/opt/ros/jazzy /usr/bin/cmake --build /home/javierac/create3_ws/build/irobot_create_gz_plugins -- -j20 -l20
[7.843s] Invoking command in '/home/javierac/create3_ws/build/irobot_create_gz_plugins': CMAKE_PREFIX_PATH=${CMAKE_PREFIX_PATH}:/opt/ros/jazzy /usr/bin/cmake --install /home/javierac/create3_ws/build/irobot_create_gz_plugins
[7.872s] -- Install configuration: ""
[7.875s] -- Execute custom install script
[7.876s] -- Symlinking: /home/javierac/create3_ws/install/irobot_create_gz_plugins/share/irobot_create_gz_plugins/lib/libCreate3Hmi.so
[7.904s] -- Symlinking: /home/javierac/create3_ws/install/irobot_create_gz_plugins/share/ament_index/resource_index/package_run_dependencies/irobot_create_gz_plugins
[7.935s] -- Symlinking: /home/javierac/create3_ws/install/irobot_create_gz_plugins/share/ament_index/resource_index/parent_prefix_path/irobot_create_gz_plugins
[7.961s] -- Symlinking: /home/javierac/create3_ws/install/irobot_create_gz_plugins/share/irobot_create_gz_plugins/environment/ament_prefix_path.sh
[7.987s] -- Symlinking: /home/javierac/create3_ws/install/irobot_create_gz_plugins/share/irobot_create_gz_plugins/environment/ament_prefix_path.dsv
[8.013s] -- Symlinking: /home/javierac/create3_ws/install/irobot_create_gz_plugins/share/irobot_create_gz_plugins/environment/path.sh
[8.048s] -- Symlinking: /home/javierac/create3_ws/install/irobot_create_gz_plugins/share/irobot_create_gz_plugins/environment/path.dsv
[8.076s] -- Symlinking: /home/javierac/create3_ws/install/irobot_create_gz_plugins/share/irobot_create_gz_plugins/local_setup.bash
[8.102s] -- Symlinking: /home/javierac/create3_ws/install/irobot_create_gz_plugins/share/irobot_create_gz_plugins/local_setup.sh
[8.132s] -- Symlinking: /home/javierac/create3_ws/install/irobot_create_gz_plugins/share/irobot_create_gz_plugins/local_setup.zsh
[8.161s] -- Symlinking: /home/javierac/create3_ws/install/irobot_create_gz_plugins/share/irobot_create_gz_plugins/local_setup.dsv
[8.191s] -- Symlinking: /home/javierac/create3_ws/install/irobot_create_gz_plugins/share/irobot_create_gz_plugins/package.dsv
[8.223s] -- Symlinking: /home/javierac/create3_ws/install/irobot_create_gz_plugins/share/ament_index/resource_index/packages/irobot_create_gz_plugins
[8.251s] -- Symlinking: /home/javierac/create3_ws/install/irobot_create_gz_plugins/share/irobot_create_gz_plugins/cmake/irobot_create_gz_pluginsConfig.cmake
[8.286s] -- Symlinking: /home/javierac/create3_ws/install/irobot_create_gz_plugins/share/irobot_create_gz_plugins/cmake/irobot_create_gz_pluginsConfig-version.cmake
[8.317s] -- Symlinking: /home/javierac/create3_ws/install/irobot_create_gz_plugins/share/irobot_create_gz_plugins/package.xml
[8.357s] Invoked command in '/home/javierac/create3_ws/build/irobot_create_gz_plugins' returned '0': CMAKE_PREFIX_PATH=${CMAKE_PREFIX_PATH}:/opt/ros/jazzy /usr/bin/cmake --install /home/javierac/create3_ws/build/irobot_create_gz_plugins
