[0.027s] Invoking command in '/home/javierac/create3_ws/build/irobot_create_gz_bringup': CMAKE_PREFIX_PATH=/home/javierac/create3_ws/install/irobot_create_common_bringup:/home/javierac/create3_ws/install/irobot_create_nodes:/home/javierac/create3_ws/install/irobot_create_gz_toolbox:/home/javierac/create3_ws/install/irobot_create_description:/home/javierac/create3_ws/install/irobot_create_toolbox:/home/javierac/create3_ws/install/irobot_create_control:/home/javierac/create3_ws/install/irobot_create_gz_sim:/home/javierac/create3_ws/install/irobot_create_gz_bringup:/home/javierac/create3_ws/install/irobot_create_gz_plugins:/opt/ros/jazzy/opt/gz_sim_vendor:/opt/ros/jazzy/opt/gz_sensors_vendor:/opt/ros/jazzy/opt/gz_physics_vendor:/opt/ros/jazzy/opt/sdformat_vendor:/opt/ros/jazzy/opt/gz_gui_vendor:/opt/ros/jazzy/opt/gz_transport_vendor:/opt/ros/jazzy/opt/gz_rendering_vendor:/opt/ros/jazzy/opt/gz_plugin_vendor:/opt/ros/jazzy/opt/gz_fuel_tools_vendor:/opt/ros/jazzy/opt/gz_msgs_vendor:/opt/ros/jazzy/opt/gz_common_vendor:/opt/ros/jazzy/opt/gz_math_vendor:/opt/ros/jazzy/opt/gz_utils_vendor:/opt/ros/jazzy/opt/gz_tools_vendor:/opt/ros/jazzy/opt/gz_ogre_next_vendor:/opt/ros/jazzy/opt/gz_dartsim_vendor:/opt/ros/jazzy/opt/gz_cmake_vendor:/opt/ros/jazzy /usr/bin/cmake /home/javierac/create3_ws/src/irobot_create_gz/irobot_create_gz_bringup -DCMAKE_INSTALL_PREFIX=/home/javierac/create3_ws/install/irobot_create_gz_bringup
[0.040s] -- Found ament_cmake: 2.5.4 (/opt/ros/jazzy/share/ament_cmake/cmake)
[0.261s] -- Override CMake install command with custom implementation using symlinks instead of copying resources
[0.296s] -- Found rosidl_generator_c: 4.6.5 (/opt/ros/jazzy/share/rosidl_generator_c/cmake)
[0.305s] -- Found rosidl_generator_cpp: 4.6.5 (/opt/ros/jazzy/share/rosidl_generator_cpp/cmake)
[0.317s] -- Using all available rosidl_typesupport_c: rosidl_typesupport_fastrtps_c;rosidl_typesupport_introspection_c
[0.332s] -- Using all available rosidl_typesupport_cpp: rosidl_typesupport_fastrtps_cpp;rosidl_typesupport_introspection_cpp
[0.448s] -- Found ament_lint_auto: 0.17.2 (/opt/ros/jazzy/share/ament_lint_auto/cmake)
[0.553s] -- Added test 'flake8' to check Python code syntax and style conventions
[0.553s] -- Configured 'flake8' exclude dirs and/or files: 
[0.553s] -- Added test 'lint_cmake' to check CMake code style
[0.554s] -- Added test 'pep257' to check Python code against some of the docstring style conventions in PEP 257
[0.555s] -- Added test 'xmllint' to check XML markup files
[0.556s] -- Configuring done (0.5s)
[0.559s] -- Generating done (0.0s)
[0.561s] -- Build files have been written to: /home/javierac/create3_ws/build/irobot_create_gz_bringup
[0.566s] Invoked command in '/home/javierac/create3_ws/build/irobot_create_gz_bringup' returned '0': CMAKE_PREFIX_PATH=/home/javierac/create3_ws/install/irobot_create_common_bringup:/home/javierac/create3_ws/install/irobot_create_nodes:/home/javierac/create3_ws/install/irobot_create_gz_toolbox:/home/javierac/create3_ws/install/irobot_create_description:/home/javierac/create3_ws/install/irobot_create_toolbox:/home/javierac/create3_ws/install/irobot_create_control:/home/javierac/create3_ws/install/irobot_create_gz_sim:/home/javierac/create3_ws/install/irobot_create_gz_bringup:/home/javierac/create3_ws/install/irobot_create_gz_plugins:/opt/ros/jazzy/opt/gz_sim_vendor:/opt/ros/jazzy/opt/gz_sensors_vendor:/opt/ros/jazzy/opt/gz_physics_vendor:/opt/ros/jazzy/opt/sdformat_vendor:/opt/ros/jazzy/opt/gz_gui_vendor:/opt/ros/jazzy/opt/gz_transport_vendor:/opt/ros/jazzy/opt/gz_rendering_vendor:/opt/ros/jazzy/opt/gz_plugin_vendor:/opt/ros/jazzy/opt/gz_fuel_tools_vendor:/opt/ros/jazzy/opt/gz_msgs_vendor:/opt/ros/jazzy/opt/gz_common_vendor:/opt/ros/jazzy/opt/gz_math_vendor:/opt/ros/jazzy/opt/gz_utils_vendor:/opt/ros/jazzy/opt/gz_tools_vendor:/opt/ros/jazzy/opt/gz_ogre_next_vendor:/opt/ros/jazzy/opt/gz_dartsim_vendor:/opt/ros/jazzy/opt/gz_cmake_vendor:/opt/ros/jazzy /usr/bin/cmake /home/javierac/create3_ws/src/irobot_create_gz/irobot_create_gz_bringup -DCMAKE_INSTALL_PREFIX=/home/javierac/create3_ws/install/irobot_create_gz_bringup
[0.567s] Invoking command in '/home/javierac/create3_ws/build/irobot_create_gz_bringup': CMAKE_PREFIX_PATH=/home/javierac/create3_ws/install/irobot_create_common_bringup:/home/javierac/create3_ws/install/irobot_create_nodes:/home/javierac/create3_ws/install/irobot_create_gz_toolbox:/home/javierac/create3_ws/install/irobot_create_description:/home/javierac/create3_ws/install/irobot_create_toolbox:/home/javierac/create3_ws/install/irobot_create_control:/home/javierac/create3_ws/install/irobot_create_gz_sim:/home/javierac/create3_ws/install/irobot_create_gz_bringup:/home/javierac/create3_ws/install/irobot_create_gz_plugins:/opt/ros/jazzy/opt/gz_sim_vendor:/opt/ros/jazzy/opt/gz_sensors_vendor:/opt/ros/jazzy/opt/gz_physics_vendor:/opt/ros/jazzy/opt/sdformat_vendor:/opt/ros/jazzy/opt/gz_gui_vendor:/opt/ros/jazzy/opt/gz_transport_vendor:/opt/ros/jazzy/opt/gz_rendering_vendor:/opt/ros/jazzy/opt/gz_plugin_vendor:/opt/ros/jazzy/opt/gz_fuel_tools_vendor:/opt/ros/jazzy/opt/gz_msgs_vendor:/opt/ros/jazzy/opt/gz_common_vendor:/opt/ros/jazzy/opt/gz_math_vendor:/opt/ros/jazzy/opt/gz_utils_vendor:/opt/ros/jazzy/opt/gz_tools_vendor:/opt/ros/jazzy/opt/gz_ogre_next_vendor:/opt/ros/jazzy/opt/gz_dartsim_vendor:/opt/ros/jazzy/opt/gz_cmake_vendor:/opt/ros/jazzy /usr/bin/cmake --build /home/javierac/create3_ws/build/irobot_create_gz_bringup -- -j20 -l20
[0.613s] Invoked command in '/home/javierac/create3_ws/build/irobot_create_gz_bringup' returned '0': CMAKE_PREFIX_PATH=/home/javierac/create3_ws/install/irobot_create_common_bringup:/home/javierac/create3_ws/install/irobot_create_nodes:/home/javierac/create3_ws/install/irobot_create_gz_toolbox:/home/javierac/create3_ws/install/irobot_create_description:/home/javierac/create3_ws/install/irobot_create_toolbox:/home/javierac/create3_ws/install/irobot_create_control:/home/javierac/create3_ws/install/irobot_create_gz_sim:/home/javierac/create3_ws/install/irobot_create_gz_bringup:/home/javierac/create3_ws/install/irobot_create_gz_plugins:/opt/ros/jazzy/opt/gz_sim_vendor:/opt/ros/jazzy/opt/gz_sensors_vendor:/opt/ros/jazzy/opt/gz_physics_vendor:/opt/ros/jazzy/opt/sdformat_vendor:/opt/ros/jazzy/opt/gz_gui_vendor:/opt/ros/jazzy/opt/gz_transport_vendor:/opt/ros/jazzy/opt/gz_rendering_vendor:/opt/ros/jazzy/opt/gz_plugin_vendor:/opt/ros/jazzy/opt/gz_fuel_tools_vendor:/opt/ros/jazzy/opt/gz_msgs_vendor:/opt/ros/jazzy/opt/gz_common_vendor:/opt/ros/jazzy/opt/gz_math_vendor:/opt/ros/jazzy/opt/gz_utils_vendor:/opt/ros/jazzy/opt/gz_tools_vendor:/opt/ros/jazzy/opt/gz_ogre_next_vendor:/opt/ros/jazzy/opt/gz_dartsim_vendor:/opt/ros/jazzy/opt/gz_cmake_vendor:/opt/ros/jazzy /usr/bin/cmake --build /home/javierac/create3_ws/build/irobot_create_gz_bringup -- -j20 -l20
[0.615s] Invoking command in '/home/javierac/create3_ws/build/irobot_create_gz_bringup': CMAKE_PREFIX_PATH=/home/javierac/create3_ws/install/irobot_create_common_bringup:/home/javierac/create3_ws/install/irobot_create_nodes:/home/javierac/create3_ws/install/irobot_create_gz_toolbox:/home/javierac/create3_ws/install/irobot_create_description:/home/javierac/create3_ws/install/irobot_create_toolbox:/home/javierac/create3_ws/install/irobot_create_control:/home/javierac/create3_ws/install/irobot_create_gz_sim:/home/javierac/create3_ws/install/irobot_create_gz_bringup:/home/javierac/create3_ws/install/irobot_create_gz_plugins:/opt/ros/jazzy/opt/gz_sim_vendor:/opt/ros/jazzy/opt/gz_sensors_vendor:/opt/ros/jazzy/opt/gz_physics_vendor:/opt/ros/jazzy/opt/sdformat_vendor:/opt/ros/jazzy/opt/gz_gui_vendor:/opt/ros/jazzy/opt/gz_transport_vendor:/opt/ros/jazzy/opt/gz_rendering_vendor:/opt/ros/jazzy/opt/gz_plugin_vendor:/opt/ros/jazzy/opt/gz_fuel_tools_vendor:/opt/ros/jazzy/opt/gz_msgs_vendor:/opt/ros/jazzy/opt/gz_common_vendor:/opt/ros/jazzy/opt/gz_math_vendor:/opt/ros/jazzy/opt/gz_utils_vendor:/opt/ros/jazzy/opt/gz_tools_vendor:/opt/ros/jazzy/opt/gz_ogre_next_vendor:/opt/ros/jazzy/opt/gz_dartsim_vendor:/opt/ros/jazzy/opt/gz_cmake_vendor:/opt/ros/jazzy /usr/bin/cmake --install /home/javierac/create3_ws/build/irobot_create_gz_bringup
[0.622s] -- Install configuration: ""
[0.622s] -- Execute custom install script
[0.623s] -- Up-to-date symlink: /home/javierac/create3_ws/install/irobot_create_gz_bringup/share/irobot_create_gz_bringup/gui/create3/gui.config
[0.623s] -- Up-to-date symlink: /home/javierac/create3_ws/install/irobot_create_gz_bringup/share/irobot_create_gz_bringup/launch/create3_gz.launch.py
[0.623s] -- Up-to-date symlink: /home/javierac/create3_ws/install/irobot_create_gz_bringup/share/irobot_create_gz_bringup/launch/create3_gz_nodes.launch.py
[0.623s] -- Up-to-date symlink: /home/javierac/create3_ws/install/irobot_create_gz_bringup/share/irobot_create_gz_bringup/launch/create3_ros_gz_bridge.launch.py
[0.624s] -- Up-to-date symlink: /home/javierac/create3_ws/install/irobot_create_gz_bringup/share/irobot_create_gz_bringup/launch/create3_spawn.launch.py
[0.624s] -- Up-to-date symlink: /home/javierac/create3_ws/install/irobot_create_gz_bringup/share/irobot_create_gz_bringup/launch/sim.launch.py
[0.624s] -- Up-to-date symlink: /home/javierac/create3_ws/install/irobot_create_gz_bringup/share/irobot_create_gz_bringup/worlds/depot.sdf
[0.624s] -- Up-to-date symlink: /home/javierac/create3_ws/install/irobot_create_gz_bringup/share/irobot_create_gz_bringup/worlds/maze.sdf
[0.624s] -- Symlinking: /home/javierac/create3_ws/install/irobot_create_gz_bringup/share/irobot_create_gz_bringup/worlds/stage9.sdf
[0.633s] -- Up-to-date symlink: /home/javierac/create3_ws/install/irobot_create_gz_bringup/share/irobot_create_gz_bringup/config/pose_republisher_params.yaml
[0.634s] -- Up-to-date symlink: /home/javierac/create3_ws/install/irobot_create_gz_bringup/share/irobot_create_gz_bringup/config/sensors_params.yaml
[0.634s] -- Up-to-date symlink: /home/javierac/create3_ws/install/irobot_create_gz_bringup/share/ament_index/resource_index/package_run_dependencies/irobot_create_gz_bringup
[0.634s] -- Up-to-date symlink: /home/javierac/create3_ws/install/irobot_create_gz_bringup/share/ament_index/resource_index/parent_prefix_path/irobot_create_gz_bringup
[0.634s] -- Up-to-date symlink: /home/javierac/create3_ws/install/irobot_create_gz_bringup/share/irobot_create_gz_bringup/environment/ament_prefix_path.sh
[0.634s] -- Up-to-date symlink: /home/javierac/create3_ws/install/irobot_create_gz_bringup/share/irobot_create_gz_bringup/environment/ament_prefix_path.dsv
[0.634s] -- Up-to-date symlink: /home/javierac/create3_ws/install/irobot_create_gz_bringup/share/irobot_create_gz_bringup/environment/path.sh
[0.634s] -- Up-to-date symlink: /home/javierac/create3_ws/install/irobot_create_gz_bringup/share/irobot_create_gz_bringup/environment/path.dsv
[0.634s] -- Up-to-date symlink: /home/javierac/create3_ws/install/irobot_create_gz_bringup/share/irobot_create_gz_bringup/local_setup.bash
[0.635s] -- Up-to-date symlink: /home/javierac/create3_ws/install/irobot_create_gz_bringup/share/irobot_create_gz_bringup/local_setup.sh
[0.635s] -- Up-to-date symlink: /home/javierac/create3_ws/install/irobot_create_gz_bringup/share/irobot_create_gz_bringup/local_setup.zsh
[0.635s] -- Up-to-date symlink: /home/javierac/create3_ws/install/irobot_create_gz_bringup/share/irobot_create_gz_bringup/local_setup.dsv
[0.635s] -- Symlinking: /home/javierac/create3_ws/install/irobot_create_gz_bringup/share/irobot_create_gz_bringup/package.dsv
[0.647s] -- Up-to-date symlink: /home/javierac/create3_ws/install/irobot_create_gz_bringup/share/ament_index/resource_index/packages/irobot_create_gz_bringup
[0.647s] -- Up-to-date symlink: /home/javierac/create3_ws/install/irobot_create_gz_bringup/share/irobot_create_gz_bringup/cmake/irobot_create_gz_bringupConfig.cmake
[0.647s] -- Up-to-date symlink: /home/javierac/create3_ws/install/irobot_create_gz_bringup/share/irobot_create_gz_bringup/cmake/irobot_create_gz_bringupConfig-version.cmake
[0.648s] -- Up-to-date symlink: /home/javierac/create3_ws/install/irobot_create_gz_bringup/share/irobot_create_gz_bringup/package.xml
[0.650s] Invoked command in '/home/javierac/create3_ws/build/irobot_create_gz_bringup' returned '0': CMAKE_PREFIX_PATH=/home/javierac/create3_ws/install/irobot_create_common_bringup:/home/javierac/create3_ws/install/irobot_create_nodes:/home/javierac/create3_ws/install/irobot_create_gz_toolbox:/home/javierac/create3_ws/install/irobot_create_description:/home/javierac/create3_ws/install/irobot_create_toolbox:/home/javierac/create3_ws/install/irobot_create_control:/home/javierac/create3_ws/install/irobot_create_gz_sim:/home/javierac/create3_ws/install/irobot_create_gz_bringup:/home/javierac/create3_ws/install/irobot_create_gz_plugins:/opt/ros/jazzy/opt/gz_sim_vendor:/opt/ros/jazzy/opt/gz_sensors_vendor:/opt/ros/jazzy/opt/gz_physics_vendor:/opt/ros/jazzy/opt/sdformat_vendor:/opt/ros/jazzy/opt/gz_gui_vendor:/opt/ros/jazzy/opt/gz_transport_vendor:/opt/ros/jazzy/opt/gz_rendering_vendor:/opt/ros/jazzy/opt/gz_plugin_vendor:/opt/ros/jazzy/opt/gz_fuel_tools_vendor:/opt/ros/jazzy/opt/gz_msgs_vendor:/opt/ros/jazzy/opt/gz_common_vendor:/opt/ros/jazzy/opt/gz_math_vendor:/opt/ros/jazzy/opt/gz_utils_vendor:/opt/ros/jazzy/opt/gz_tools_vendor:/opt/ros/jazzy/opt/gz_ogre_next_vendor:/opt/ros/jazzy/opt/gz_dartsim_vendor:/opt/ros/jazzy/opt/gz_cmake_vendor:/opt/ros/jazzy /usr/bin/cmake --install /home/javierac/create3_ws/build/irobot_create_gz_bringup
