[0.027s] Invoking command in '/home/javierac/create3_ws/build/irobot_create_gazebo_sim': AMENT_PREFIX_PATH=/home/javierac/create3_ws/install/irobot_create_gazebo_bringup:/home/javierac/create3_ws/install/irobot_create_common_bringup:/home/javierac/create3_ws/install/irobot_create_nodes:/home/javierac/create3_ws/install/irobot_create_gazebo_plugins:/home/javierac/create3_ws/install/irobot_create_toolbox:/home/javierac/create3_ws/install/irobot_create_description:/home/javierac/create3_ws/install/irobot_create_control:${AMENT_PREFIX_PATH} CMAKE_PREFIX_PATH=/home/javierac/create3_ws/install/irobot_create_gazebo_bringup:/home/javierac/create3_ws/install/irobot_create_common_bringup:/home/javierac/create3_ws/install/irobot_create_nodes:/home/javierac/create3_ws/install/irobot_create_gazebo_plugins:/home/javierac/create3_ws/install/irobot_create_toolbox:/home/javierac/create3_ws/install/irobot_create_description:/home/javierac/create3_ws/install/irobot_create_control:/opt/ros/humble LD_LIBRARY_PATH=/home/javierac/create3_ws/install/irobot_create_nodes/lib:/home/javierac/create3_ws/install/irobot_create_gazebo_plugins/lib:/home/javierac/create3_ws/install/irobot_create_toolbox/lib:${LD_LIBRARY_PATH} PYTHONPATH=/home/javierac/create3_ws/install/irobot_create_common_bringup/local/lib/python3.10/dist-packages:${PYTHONPATH} /usr/bin/cmake /home/javierac/create3_ws/src/irobot_create_gazebo/irobot_create_gazebo_sim -DAMENT_CMAKE_SYMLINK_INSTALL=1 -DCMAKE_INSTALL_PREFIX=/home/javierac/create3_ws/install/irobot_create_gazebo_sim
[0.103s] -- The C compiler identification is GNU 11.4.0
[0.163s] -- The CXX compiler identification is GNU 11.4.0
[0.171s] -- Detecting C compiler ABI info
[0.258s] -- Detecting C compiler ABI info - done
[0.266s] -- Check for working C compiler: /usr/bin/cc - skipped
[0.266s] -- Detecting C compile features
[0.267s] -- Detecting C compile features - done
[0.270s] -- Detecting CXX compiler ABI info
[0.368s] -- Detecting CXX compiler ABI info - done
[0.381s] -- Check for working CXX compiler: /usr/bin/c++ - skipped
[0.382s] -- Detecting CXX compile features
[0.382s] -- Detecting CXX compile features - done
[0.388s] -- Found ament_cmake: 1.3.12 (/opt/ros/humble/share/ament_cmake/cmake)
[0.550s] -- Found Python3: /usr/bin/python3 (found version "3.10.12") found components: Interpreter 
[0.612s] -- Override CMake install command with custom implementation using symlinks instead of copying resources
[0.726s] -- Configuring done
[0.728s] -- Generating done
[0.729s] -- Build files have been written to: /home/javierac/create3_ws/build/irobot_create_gazebo_sim
[0.733s] Invoked command in '/home/javierac/create3_ws/build/irobot_create_gazebo_sim' returned '0': AMENT_PREFIX_PATH=/home/javierac/create3_ws/install/irobot_create_gazebo_bringup:/home/javierac/create3_ws/install/irobot_create_common_bringup:/home/javierac/create3_ws/install/irobot_create_nodes:/home/javierac/create3_ws/install/irobot_create_gazebo_plugins:/home/javierac/create3_ws/install/irobot_create_toolbox:/home/javierac/create3_ws/install/irobot_create_description:/home/javierac/create3_ws/install/irobot_create_control:${AMENT_PREFIX_PATH} CMAKE_PREFIX_PATH=/home/javierac/create3_ws/install/irobot_create_gazebo_bringup:/home/javierac/create3_ws/install/irobot_create_common_bringup:/home/javierac/create3_ws/install/irobot_create_nodes:/home/javierac/create3_ws/install/irobot_create_gazebo_plugins:/home/javierac/create3_ws/install/irobot_create_toolbox:/home/javierac/create3_ws/install/irobot_create_description:/home/javierac/create3_ws/install/irobot_create_control:/opt/ros/humble LD_LIBRARY_PATH=/home/javierac/create3_ws/install/irobot_create_nodes/lib:/home/javierac/create3_ws/install/irobot_create_gazebo_plugins/lib:/home/javierac/create3_ws/install/irobot_create_toolbox/lib:${LD_LIBRARY_PATH} PYTHONPATH=/home/javierac/create3_ws/install/irobot_create_common_bringup/local/lib/python3.10/dist-packages:${PYTHONPATH} /usr/bin/cmake /home/javierac/create3_ws/src/irobot_create_gazebo/irobot_create_gazebo_sim -DAMENT_CMAKE_SYMLINK_INSTALL=1 -DCMAKE_INSTALL_PREFIX=/home/javierac/create3_ws/install/irobot_create_gazebo_sim
[0.735s] Invoking command in '/home/javierac/create3_ws/build/irobot_create_gazebo_sim': AMENT_PREFIX_PATH=/home/javierac/create3_ws/install/irobot_create_gazebo_bringup:/home/javierac/create3_ws/install/irobot_create_common_bringup:/home/javierac/create3_ws/install/irobot_create_nodes:/home/javierac/create3_ws/install/irobot_create_gazebo_plugins:/home/javierac/create3_ws/install/irobot_create_toolbox:/home/javierac/create3_ws/install/irobot_create_description:/home/javierac/create3_ws/install/irobot_create_control:${AMENT_PREFIX_PATH} CMAKE_PREFIX_PATH=/home/javierac/create3_ws/install/irobot_create_gazebo_bringup:/home/javierac/create3_ws/install/irobot_create_common_bringup:/home/javierac/create3_ws/install/irobot_create_nodes:/home/javierac/create3_ws/install/irobot_create_gazebo_plugins:/home/javierac/create3_ws/install/irobot_create_toolbox:/home/javierac/create3_ws/install/irobot_create_description:/home/javierac/create3_ws/install/irobot_create_control:/opt/ros/humble LD_LIBRARY_PATH=/home/javierac/create3_ws/install/irobot_create_nodes/lib:/home/javierac/create3_ws/install/irobot_create_gazebo_plugins/lib:/home/javierac/create3_ws/install/irobot_create_toolbox/lib:${LD_LIBRARY_PATH} PYTHONPATH=/home/javierac/create3_ws/install/irobot_create_common_bringup/local/lib/python3.10/dist-packages:${PYTHONPATH} /usr/bin/cmake --build /home/javierac/create3_ws/build/irobot_create_gazebo_sim -- -j20 -l20
[0.787s] Invoked command in '/home/javierac/create3_ws/build/irobot_create_gazebo_sim' returned '0': AMENT_PREFIX_PATH=/home/javierac/create3_ws/install/irobot_create_gazebo_bringup:/home/javierac/create3_ws/install/irobot_create_common_bringup:/home/javierac/create3_ws/install/irobot_create_nodes:/home/javierac/create3_ws/install/irobot_create_gazebo_plugins:/home/javierac/create3_ws/install/irobot_create_toolbox:/home/javierac/create3_ws/install/irobot_create_description:/home/javierac/create3_ws/install/irobot_create_control:${AMENT_PREFIX_PATH} CMAKE_PREFIX_PATH=/home/javierac/create3_ws/install/irobot_create_gazebo_bringup:/home/javierac/create3_ws/install/irobot_create_common_bringup:/home/javierac/create3_ws/install/irobot_create_nodes:/home/javierac/create3_ws/install/irobot_create_gazebo_plugins:/home/javierac/create3_ws/install/irobot_create_toolbox:/home/javierac/create3_ws/install/irobot_create_description:/home/javierac/create3_ws/install/irobot_create_control:/opt/ros/humble LD_LIBRARY_PATH=/home/javierac/create3_ws/install/irobot_create_nodes/lib:/home/javierac/create3_ws/install/irobot_create_gazebo_plugins/lib:/home/javierac/create3_ws/install/irobot_create_toolbox/lib:${LD_LIBRARY_PATH} PYTHONPATH=/home/javierac/create3_ws/install/irobot_create_common_bringup/local/lib/python3.10/dist-packages:${PYTHONPATH} /usr/bin/cmake --build /home/javierac/create3_ws/build/irobot_create_gazebo_sim -- -j20 -l20
[0.788s] Invoking command in '/home/javierac/create3_ws/build/irobot_create_gazebo_sim': AMENT_PREFIX_PATH=/home/javierac/create3_ws/install/irobot_create_gazebo_bringup:/home/javierac/create3_ws/install/irobot_create_common_bringup:/home/javierac/create3_ws/install/irobot_create_nodes:/home/javierac/create3_ws/install/irobot_create_gazebo_plugins:/home/javierac/create3_ws/install/irobot_create_toolbox:/home/javierac/create3_ws/install/irobot_create_description:/home/javierac/create3_ws/install/irobot_create_control:${AMENT_PREFIX_PATH} CMAKE_PREFIX_PATH=/home/javierac/create3_ws/install/irobot_create_gazebo_bringup:/home/javierac/create3_ws/install/irobot_create_common_bringup:/home/javierac/create3_ws/install/irobot_create_nodes:/home/javierac/create3_ws/install/irobot_create_gazebo_plugins:/home/javierac/create3_ws/install/irobot_create_toolbox:/home/javierac/create3_ws/install/irobot_create_description:/home/javierac/create3_ws/install/irobot_create_control:/opt/ros/humble LD_LIBRARY_PATH=/home/javierac/create3_ws/install/irobot_create_nodes/lib:/home/javierac/create3_ws/install/irobot_create_gazebo_plugins/lib:/home/javierac/create3_ws/install/irobot_create_toolbox/lib:${LD_LIBRARY_PATH} PYTHONPATH=/home/javierac/create3_ws/install/irobot_create_common_bringup/local/lib/python3.10/dist-packages:${PYTHONPATH} /usr/bin/cmake --install /home/javierac/create3_ws/build/irobot_create_gazebo_sim
[0.800s] -- Install configuration: ""
[0.800s] -- Execute custom install script
[0.800s] -- Symlinking: /home/javierac/create3_ws/install/irobot_create_gazebo_sim/share/ament_index/resource_index/package_run_dependencies/irobot_create_gazebo_sim
[0.810s] -- Symlinking: /home/javierac/create3_ws/install/irobot_create_gazebo_sim/share/ament_index/resource_index/parent_prefix_path/irobot_create_gazebo_sim
[0.822s] -- Symlinking: /home/javierac/create3_ws/install/irobot_create_gazebo_sim/share/irobot_create_gazebo_sim/environment/ament_prefix_path.sh
[0.832s] -- Symlinking: /home/javierac/create3_ws/install/irobot_create_gazebo_sim/share/irobot_create_gazebo_sim/environment/ament_prefix_path.dsv
[0.843s] -- Symlinking: /home/javierac/create3_ws/install/irobot_create_gazebo_sim/share/irobot_create_gazebo_sim/environment/path.sh
[0.853s] -- Symlinking: /home/javierac/create3_ws/install/irobot_create_gazebo_sim/share/irobot_create_gazebo_sim/environment/path.dsv
[0.864s] -- Symlinking: /home/javierac/create3_ws/install/irobot_create_gazebo_sim/share/irobot_create_gazebo_sim/local_setup.bash
[0.871s] -- Symlinking: /home/javierac/create3_ws/install/irobot_create_gazebo_sim/share/irobot_create_gazebo_sim/local_setup.sh
[0.883s] -- Symlinking: /home/javierac/create3_ws/install/irobot_create_gazebo_sim/share/irobot_create_gazebo_sim/local_setup.zsh
[0.892s] -- Symlinking: /home/javierac/create3_ws/install/irobot_create_gazebo_sim/share/irobot_create_gazebo_sim/local_setup.dsv
[0.904s] -- Symlinking: /home/javierac/create3_ws/install/irobot_create_gazebo_sim/share/irobot_create_gazebo_sim/package.dsv
[0.911s] -- Symlinking: /home/javierac/create3_ws/install/irobot_create_gazebo_sim/share/ament_index/resource_index/packages/irobot_create_gazebo_sim
[0.922s] -- Symlinking: /home/javierac/create3_ws/install/irobot_create_gazebo_sim/share/irobot_create_gazebo_sim/cmake/irobot_create_gazebo_simConfig.cmake
[0.930s] -- Symlinking: /home/javierac/create3_ws/install/irobot_create_gazebo_sim/share/irobot_create_gazebo_sim/cmake/irobot_create_gazebo_simConfig-version.cmake
[0.939s] -- Symlinking: /home/javierac/create3_ws/install/irobot_create_gazebo_sim/share/irobot_create_gazebo_sim/package.xml
[0.949s] Invoked command in '/home/javierac/create3_ws/build/irobot_create_gazebo_sim' returned '0': AMENT_PREFIX_PATH=/home/javierac/create3_ws/install/irobot_create_gazebo_bringup:/home/javierac/create3_ws/install/irobot_create_common_bringup:/home/javierac/create3_ws/install/irobot_create_nodes:/home/javierac/create3_ws/install/irobot_create_gazebo_plugins:/home/javierac/create3_ws/install/irobot_create_toolbox:/home/javierac/create3_ws/install/irobot_create_description:/home/javierac/create3_ws/install/irobot_create_control:${AMENT_PREFIX_PATH} CMAKE_PREFIX_PATH=/home/javierac/create3_ws/install/irobot_create_gazebo_bringup:/home/javierac/create3_ws/install/irobot_create_common_bringup:/home/javierac/create3_ws/install/irobot_create_nodes:/home/javierac/create3_ws/install/irobot_create_gazebo_plugins:/home/javierac/create3_ws/install/irobot_create_toolbox:/home/javierac/create3_ws/install/irobot_create_description:/home/javierac/create3_ws/install/irobot_create_control:/opt/ros/humble LD_LIBRARY_PATH=/home/javierac/create3_ws/install/irobot_create_nodes/lib:/home/javierac/create3_ws/install/irobot_create_gazebo_plugins/lib:/home/javierac/create3_ws/install/irobot_create_toolbox/lib:${LD_LIBRARY_PATH} PYTHONPATH=/home/javierac/create3_ws/install/irobot_create_common_bringup/local/lib/python3.10/dist-packages:${PYTHONPATH} /usr/bin/cmake --install /home/javierac/create3_ws/build/irobot_create_gazebo_sim
