[0.019s] Invoking command in '/home/javierac/create3_ws/build/irobot_create_toolbox': CMAKE_PREFIX_PATH=/opt/ros/humble /usr/bin/cmake /home/javierac/create3_ws/src/irobot_create_common/irobot_create_toolbox -DAMENT_CMAKE_SYMLINK_INSTALL=1 -DCMAKE_INSTALL_PREFIX=/home/javierac/create3_ws/install/irobot_create_toolbox
[0.083s] -- The C compiler identification is GNU 11.4.0
[0.146s] -- The CXX compiler identification is GNU 11.4.0
[0.153s] -- Detecting C compiler ABI info
[0.228s] -- Detecting C compiler ABI info - done
[0.237s] -- Check for working C compiler: /usr/bin/cc - skipped
[0.237s] -- Detecting C compile features
[0.237s] -- Detecting C compile features - done
[0.239s] -- Detecting CXX compiler ABI info
[0.329s] -- Detecting CXX compiler ABI info - done
[0.337s] -- Check for working CXX compiler: /usr/bin/c++ - skipped
[0.337s] -- Detecting CXX compile features
[0.337s] -- Detecting CXX compile features - done
[0.340s] -- Found ament_cmake: 1.3.12 (/opt/ros/humble/share/ament_cmake/cmake)
[0.501s] -- Found Python3: /usr/bin/python3 (found version "3.10.12") found components: Interpreter 
[0.563s] -- Override CMake install command with custom implementation using symlinks instead of copying resources
[0.596s] -- Looking for ignition-math6 -- found version 6.15.1
[0.603s] -- Searching for dependencies of ignition-math6
[0.605s] -- Found rclcpp: 16.0.15 (/opt/ros/humble/share/rclcpp/cmake)
[0.651s] -- Found rosidl_generator_c: 3.1.7 (/opt/ros/humble/share/rosidl_generator_c/cmake)
[0.658s] -- Found rosidl_adapter: 3.1.7 (/opt/ros/humble/share/rosidl_adapter/cmake)
[0.666s] -- Found rosidl_generator_cpp: 3.1.7 (/opt/ros/humble/share/rosidl_generator_cpp/cmake)
[0.679s] -- Using all available rosidl_typesupport_c: rosidl_typesupport_fastrtps_c;rosidl_typesupport_introspection_c
[0.698s] -- Using all available rosidl_typesupport_cpp: rosidl_typesupport_fastrtps_cpp;rosidl_typesupport_introspection_cpp
[0.755s] -- Found rmw_implementation_cmake: 6.1.2 (/opt/ros/humble/share/rmw_implementation_cmake/cmake)
[0.758s] -- Found rmw_fastrtps_cpp: 6.2.9 (/opt/ros/humble/share/rmw_fastrtps_cpp/cmake)
[0.865s] -- Found OpenSSL: /usr/lib/x86_64-linux-gnu/libcrypto.so (found version "3.0.2")  
[0.896s] -- Found FastRTPS: /opt/ros/humble/include  
[0.945s] -- Using RMW implementation 'rmw_fastrtps_cpp' as default
[0.955s] -- Looking for pthread.h
[1.032s] -- Looking for pthread.h - found
[1.032s] -- Performing Test CMAKE_HAVE_LIBC_PTHREAD
[1.115s] -- Performing Test CMAKE_HAVE_LIBC_PTHREAD - Success
[1.117s] -- Found Threads: TRUE  
[1.172s] -- Found ament_lint_auto: 0.12.14 (/opt/ros/humble/share/ament_lint_auto/cmake)
[1.256s] -- Added test 'cppcheck' to perform static code analysis on C / C++ code
[1.256s] -- Configured cppcheck include dirs: /home/javierac/create3_ws/src/irobot_create_common/irobot_create_toolbox/include
[1.256s] -- Configured cppcheck exclude dirs and/or files: 
[1.257s] -- Added test 'cpplint' to check C / C++ code against the Google style
[1.257s] -- Configured cpplint exclude dirs and/or files: 
[1.257s] -- Added test 'lint_cmake' to check CMake code style
[1.259s] -- Added test 'uncrustify' to check C / C++ code style
[1.259s] -- Configured uncrustify additional arguments: 
[1.259s] -- Added test 'xmllint' to check XML markup files
[1.261s] -- Configuring done
[1.269s] -- Generating done
[1.272s] -- Build files have been written to: /home/javierac/create3_ws/build/irobot_create_toolbox
[1.280s] Invoked command in '/home/javierac/create3_ws/build/irobot_create_toolbox' returned '0': CMAKE_PREFIX_PATH=/opt/ros/humble /usr/bin/cmake /home/javierac/create3_ws/src/irobot_create_common/irobot_create_toolbox -DAMENT_CMAKE_SYMLINK_INSTALL=1 -DCMAKE_INSTALL_PREFIX=/home/javierac/create3_ws/install/irobot_create_toolbox
[1.282s] Invoking command in '/home/javierac/create3_ws/build/irobot_create_toolbox': CMAKE_PREFIX_PATH=/opt/ros/humble /usr/bin/cmake --build /home/javierac/create3_ws/build/irobot_create_toolbox -- -j20 -l20
[1.350s] [ 50%] [32mBuilding CXX object CMakeFiles/irobot_create_toolbox.dir/src/polar_coordinates.cpp.o[0m
[3.184s] [100%] [32m[1mLinking CXX shared library libirobot_create_toolbox.so[0m
[3.310s] [100%] Built target irobot_create_toolbox
[3.321s] Invoked command in '/home/javierac/create3_ws/build/irobot_create_toolbox' returned '0': CMAKE_PREFIX_PATH=/opt/ros/humble /usr/bin/cmake --build /home/javierac/create3_ws/build/irobot_create_toolbox -- -j20 -l20
[3.322s] Invoking command in '/home/javierac/create3_ws/build/irobot_create_toolbox': CMAKE_PREFIX_PATH=/opt/ros/humble /usr/bin/cmake --install /home/javierac/create3_ws/build/irobot_create_toolbox
[3.333s] -- Install configuration: ""
[3.334s] -- Execute custom install script
[3.334s] -- Symlinking: /home/javierac/create3_ws/install/irobot_create_toolbox/lib/libirobot_create_toolbox.so
[3.343s] -- Symlinking: /home/javierac/create3_ws/install/irobot_create_toolbox/include/irobot_create_toolbox/math.hpp
[3.350s] -- Symlinking: /home/javierac/create3_ws/install/irobot_create_toolbox/include/irobot_create_toolbox/polar_coordinates.hpp
[3.358s] -- Symlinking: /home/javierac/create3_ws/install/irobot_create_toolbox/include/irobot_create_toolbox/sensors/bumpers.hpp
[3.366s] -- Symlinking: /home/javierac/create3_ws/install/irobot_create_toolbox/share/irobot_create_toolbox/environment/library_path.sh
[3.373s] -- Symlinking: /home/javierac/create3_ws/install/irobot_create_toolbox/share/irobot_create_toolbox/environment/library_path.dsv
[3.385s] -- Symlinking: /home/javierac/create3_ws/install/irobot_create_toolbox/share/ament_index/resource_index/package_run_dependencies/irobot_create_toolbox
[3.393s] -- Symlinking: /home/javierac/create3_ws/install/irobot_create_toolbox/share/ament_index/resource_index/parent_prefix_path/irobot_create_toolbox
[3.401s] -- Symlinking: /home/javierac/create3_ws/install/irobot_create_toolbox/share/irobot_create_toolbox/environment/ament_prefix_path.sh
[3.411s] -- Symlinking: /home/javierac/create3_ws/install/irobot_create_toolbox/share/irobot_create_toolbox/environment/ament_prefix_path.dsv
[3.422s] -- Symlinking: /home/javierac/create3_ws/install/irobot_create_toolbox/share/irobot_create_toolbox/environment/path.sh
[3.432s] -- Symlinking: /home/javierac/create3_ws/install/irobot_create_toolbox/share/irobot_create_toolbox/environment/path.dsv
[3.443s] -- Symlinking: /home/javierac/create3_ws/install/irobot_create_toolbox/share/irobot_create_toolbox/local_setup.bash
[3.451s] -- Symlinking: /home/javierac/create3_ws/install/irobot_create_toolbox/share/irobot_create_toolbox/local_setup.sh
[3.459s] -- Symlinking: /home/javierac/create3_ws/install/irobot_create_toolbox/share/irobot_create_toolbox/local_setup.zsh
[3.467s] -- Symlinking: /home/javierac/create3_ws/install/irobot_create_toolbox/share/irobot_create_toolbox/local_setup.dsv
[3.477s] -- Symlinking: /home/javierac/create3_ws/install/irobot_create_toolbox/share/irobot_create_toolbox/package.dsv
[3.486s] -- Symlinking: /home/javierac/create3_ws/install/irobot_create_toolbox/share/ament_index/resource_index/packages/irobot_create_toolbox
[3.495s] -- Symlinking: /home/javierac/create3_ws/install/irobot_create_toolbox/share/irobot_create_toolbox/cmake/ament_cmake_export_include_directories-extras.cmake
[3.505s] -- Symlinking: /home/javierac/create3_ws/install/irobot_create_toolbox/share/irobot_create_toolbox/cmake/ament_cmake_export_libraries-extras.cmake
[3.514s] -- Symlinking: /home/javierac/create3_ws/install/irobot_create_toolbox/share/irobot_create_toolbox/cmake/ament_cmake_export_dependencies-extras.cmake
[3.523s] -- Symlinking: /home/javierac/create3_ws/install/irobot_create_toolbox/share/irobot_create_toolbox/cmake/irobot_create_toolboxConfig.cmake
[3.532s] -- Symlinking: /home/javierac/create3_ws/install/irobot_create_toolbox/share/irobot_create_toolbox/cmake/irobot_create_toolboxConfig-version.cmake
[3.540s] -- Symlinking: /home/javierac/create3_ws/install/irobot_create_toolbox/share/irobot_create_toolbox/package.xml
[3.555s] Invoked command in '/home/javierac/create3_ws/build/irobot_create_toolbox' returned '0': CMAKE_PREFIX_PATH=/opt/ros/humble /usr/bin/cmake --install /home/javierac/create3_ws/build/irobot_create_toolbox
