running egg_info
creating ../../build/map_processor/map_processor.egg-info
writing ../../build/map_processor/map_processor.egg-info/PKG-INFO
writing dependency_links to ../../build/map_processor/map_processor.egg-info/dependency_links.txt
writing entry points to ../../build/map_processor/map_processor.egg-info/entry_points.txt
writing requirements to ../../build/map_processor/map_processor.egg-info/requires.txt
writing top-level names to ../../build/map_processor/map_processor.egg-info/top_level.txt
writing manifest file '../../build/map_processor/map_processor.egg-info/SOURCES.txt'
reading manifest file '../../build/map_processor/map_processor.egg-info/SOURCES.txt'
adding license file 'LICENSE'
writing manifest file '../../build/map_processor/map_processor.egg-info/SOURCES.txt'
running build
running build_py
creating /home/javierac/map_proc_ws/build/map_processor/build
creating /home/javierac/map_proc_ws/build/map_processor/build/lib
creating /home/javierac/map_proc_ws/build/map_processor/build/lib/map_processor
copying map_processor/__init__.py -> /home/javierac/map_proc_ws/build/map_processor/build/lib/map_processor
copying map_processor/map_node.py -> /home/javierac/map_proc_ws/build/map_processor/build/lib/map_processor
copying map_processor/map_processing_utils.py -> /home/javierac/map_proc_ws/build/map_processor/build/lib/map_processor
running install
running install_lib
creating /home/javierac/map_proc_ws/install/map_processor/lib/python3.10/site-packages/map_processor
copying /home/javierac/map_proc_ws/build/map_processor/build/lib/map_processor/__init__.py -> /home/javierac/map_proc_ws/install/map_processor/lib/python3.10/site-packages/map_processor
copying /home/javierac/map_proc_ws/build/map_processor/build/lib/map_processor/map_node.py -> /home/javierac/map_proc_ws/install/map_processor/lib/python3.10/site-packages/map_processor
copying /home/javierac/map_proc_ws/build/map_processor/build/lib/map_processor/map_processing_utils.py -> /home/javierac/map_proc_ws/install/map_processor/lib/python3.10/site-packages/map_processor
byte-compiling /home/javierac/map_proc_ws/install/map_processor/lib/python3.10/site-packages/map_processor/__init__.py to __init__.cpython-310.pyc
byte-compiling /home/javierac/map_proc_ws/install/map_processor/lib/python3.10/site-packages/map_processor/map_node.py to map_node.cpython-310.pyc
byte-compiling /home/javierac/map_proc_ws/install/map_processor/lib/python3.10/site-packages/map_processor/map_processing_utils.py to map_processing_utils.cpython-310.pyc
running install_data
creating /home/javierac/map_proc_ws/install/map_processor/share/ament_index
creating /home/javierac/map_proc_ws/install/map_processor/share/ament_index/resource_index
creating /home/javierac/map_proc_ws/install/map_processor/share/ament_index/resource_index/packages
copying resource/map_processor -> /home/javierac/map_proc_ws/install/map_processor/share/ament_index/resource_index/packages
copying package.xml -> /home/javierac/map_proc_ws/install/map_processor/share/map_processor
running install_egg_info
Copying ../../build/map_processor/map_processor.egg-info to /home/javierac/map_proc_ws/install/map_processor/lib/python3.10/site-packages/map_processor-0.0.0-py3.10.egg-info
running install_scripts
Installing map_processor script to /home/javierac/map_proc_ws/install/map_processor/lib/map_processor
writing list of installed files to '/home/javierac/map_proc_ws/build/map_processor/install.log'
