-- The C compiler identification is GNU 13.3.0
-- The CXX compiler identification is GNU 13.3.0
-- Detecting C compiler ABI info
-- Detecting C compiler ABI info - done
-- Check for working C compiler: /usr/bin/cc - skipped
-- Detecting C compile features
-- Detecting C compile features - done
-- Detecting CXX compiler ABI info
-- Detecting CXX compiler ABI info - done
-- Check for working CXX compiler: /usr/bin/c++ - skipped
-- Detecting CXX compile features
-- Detecting CXX compile features - done
-- Found ament_cmake: 2.5.4 (/opt/ros/jazzy/share/ament_cmake/cmake)
-- Found Python3: /usr/bin/python3 (found version "3.12.3") found components: Interpreter 
-- Override CMake install command with custom implementation using symlinks instead of copying resources
-- Found control_msgs: 5.7.0 (/opt/ros/jazzy/share/control_msgs/cmake)
-- Found rosidl_generator_c: 4.6.5 (/opt/ros/jazzy/share/rosidl_generator_c/cmake)
-- Found rosidl_generator_cpp: 4.6.5 (/opt/ros/jazzy/share/rosidl_generator_cpp/cmake)
-- Using all available rosidl_typesupport_c: rosidl_typesupport_fastrtps_c;rosidl_typesupport_introspection_c
-- Using all available rosidl_typesupport_cpp: rosidl_typesupport_fastrtps_cpp;rosidl_typesupport_introspection_cpp
-- Found nav_msgs: 5.3.6 (/opt/ros/jazzy/share/nav_msgs/cmake)
-- Found irobot_create_msgs: 3.0.0 (/opt/ros/jazzy/share/irobot_create_msgs/cmake)
-- Found rclcpp: 28.1.10 (/opt/ros/jazzy/share/rclcpp/cmake)
-- Found rmw_implementation_cmake: 7.3.2 (/opt/ros/jazzy/share/rmw_implementation_cmake/cmake)
-- Found rmw_fastrtps_cpp: 8.4.2 (/opt/ros/jazzy/share/rmw_fastrtps_cpp/cmake)
-- Found OpenSSL: /usr/lib/x86_64-linux-gnu/libcrypto.so (found version "3.0.13")  
-- Found FastRTPS: /opt/ros/jazzy/include (Required is at least version "2.13") 
-- Using RMW implementation 'rmw_fastrtps_cpp' as default
-- Found rclcpp_action: 28.1.10 (/opt/ros/jazzy/share/rclcpp_action/cmake)
-- Found tf2: 0.36.12 (/opt/ros/jazzy/share/tf2/cmake)
-- Found tf2_geometry_msgs: 0.36.12 (/opt/ros/jazzy/share/tf2_geometry_msgs/cmake)
-- Found eigen3_cmake_module: 0.3.0 (/opt/ros/jazzy/share/eigen3_cmake_module/cmake)
-- Found Eigen3: TRUE (found version "3.4.0") 
-- Ensuring Eigen3 include directory is part of orocos-kdl CMake target
-- Found irobot_create_toolbox: 3.0.4 (/home/javierac/create3_ws/install/irobot_create_toolbox/share/irobot_create_toolbox/cmake)
-- Looking for gz-math7 -- found version 7.5.2
-- Searching for dependencies of gz-math7
-- Looking for gz-utils2 -- found version 2.2.1
-- Searching for dependencies of gz-utils2
-- Found ament_lint_auto: 0.17.2 (/opt/ros/jazzy/share/ament_lint_auto/cmake)
-- Added test 'cppcheck' to perform static code analysis on C / C++ code
-- Configured cppcheck include dirs: /home/javierac/create3_ws/src/irobot_create_gz/irobot_create_gz_toolbox/include
-- Configured cppcheck exclude dirs and/or files: 
-- Added test 'cpplint' to check C / C++ code against the Google style
-- Configured cpplint exclude dirs and/or files: 
-- Added test 'lint_cmake' to check CMake code style
-- Added test 'uncrustify' to check C / C++ code style
-- Configured uncrustify additional arguments: 
-- Added test 'xmllint' to check XML markup files
-- Configuring done (2.1s)
-- Generating done (0.0s)
-- Build files have been written to: /home/javierac/create3_ws/build/irobot_create_gz_toolbox
[ 11%] [32mBuilding CXX object CMakeFiles/irobot_create_gz_sensors_lib.dir/src/sensors/mouse.cpp.o[0m
[ 11%] [32mBuilding CXX object CMakeFiles/irobot_create_gz_sensors_lib.dir/src/sensors/sensors_node.cpp.o[0m
[ 16%] [32mBuilding CXX object CMakeFiles/irobot_create_gz_interface_buttons_lib.dir/src/interface_buttons/interface_buttons_node.cpp.o[0m
[ 22%] [32mBuilding CXX object CMakeFiles/irobot_create_gz_sensors_lib.dir/src/sensors/bumper.cpp.o[0m
[ 27%] [32mBuilding CXX object CMakeFiles/irobot_create_gz_sensors_lib.dir/src/sensors/wheel_drop.cpp.o[0m
[ 50%] [32mBuilding CXX object CMakeFiles/irobot_create_gz_sensors_lib.dir/src/sensors/cliff.cpp.o[0m
[ 50%] [32mBuilding CXX object CMakeFiles/irobot_create_gz_sensors_lib.dir/src/sensors/ir_opcode.cpp.o[0m
[ 50%] [32mBuilding CXX object CMakeFiles/irobot_create_gz_sensors_lib.dir/src/sensors/ir_intensity.cpp.o[0m
[ 50%] [32mBuilding CXX object CMakeFiles/irobot_create_gz_pose_republisher_lib.dir/src/pose_republisher/pose_republisher_node.cpp.o[0m
[ 55%] [32m[1mLinking CXX shared library libirobot_create_gz_interface_buttons_lib.so[0m
[ 55%] Built target irobot_create_gz_interface_buttons_lib
[ 61%] [32mBuilding CXX object CMakeFiles/interface_buttons_node.dir/src/interface_buttons/interface_buttons_main.cpp.o[0m
[ 66%] [32m[1mLinking CXX shared library libirobot_create_gz_pose_republisher_lib.so[0m
[ 66%] Built target irobot_create_gz_pose_republisher_lib
[ 72%] [32mBuilding CXX object CMakeFiles/pose_republisher_node.dir/src/pose_republisher/pose_republisher_main.cpp.o[0m
[ 77%] [32m[1mLinking CXX shared library libirobot_create_gz_sensors_lib.so[0m
[ 83%] [32m[1mLinking CXX executable interface_buttons_node[0m
[ 83%] Built target irobot_create_gz_sensors_lib
[ 88%] [32mBuilding CXX object CMakeFiles/sensors_node.dir/src/sensors/sensors_main.cpp.o[0m
[ 88%] Built target interface_buttons_node
[ 94%] [32m[1mLinking CXX executable pose_republisher_node[0m
[ 94%] Built target pose_republisher_node
[100%] [32m[1mLinking CXX executable sensors_node[0m
[100%] Built target sensors_node
-- Install configuration: ""
-- Execute custom install script
-- Symlinking: /home/javierac/create3_ws/install/irobot_create_gz_toolbox/lib/libirobot_create_gz_pose_republisher_lib.so
-- Symlinking: /home/javierac/create3_ws/install/irobot_create_gz_toolbox/lib/libirobot_create_gz_sensors_lib.so
-- Symlinking: /home/javierac/create3_ws/install/irobot_create_gz_toolbox/lib/libirobot_create_gz_interface_buttons_lib.so
-- Symlinking: /home/javierac/create3_ws/install/irobot_create_gz_toolbox/lib/irobot_create_gz_toolbox/pose_republisher_node
-- Symlinking: /home/javierac/create3_ws/install/irobot_create_gz_toolbox/lib/irobot_create_gz_toolbox/sensors_node
-- Symlinking: /home/javierac/create3_ws/install/irobot_create_gz_toolbox/lib/irobot_create_gz_toolbox/interface_buttons_node
-- Symlinking: /home/javierac/create3_ws/install/irobot_create_gz_toolbox/include/irobot_create_gz_toolbox/interface_buttons/interface_buttons_node.hpp
-- Symlinking: /home/javierac/create3_ws/install/irobot_create_gz_toolbox/include/irobot_create_gz_toolbox/pose_republisher/pose_republisher.hpp
-- Symlinking: /home/javierac/create3_ws/install/irobot_create_gz_toolbox/include/irobot_create_gz_toolbox/sensors/bumper.hpp
-- Symlinking: /home/javierac/create3_ws/install/irobot_create_gz_toolbox/include/irobot_create_gz_toolbox/sensors/cliff.hpp
-- Symlinking: /home/javierac/create3_ws/install/irobot_create_gz_toolbox/include/irobot_create_gz_toolbox/sensors/ir_intensity.hpp
-- Symlinking: /home/javierac/create3_ws/install/irobot_create_gz_toolbox/include/irobot_create_gz_toolbox/sensors/ir_opcode.hpp
-- Symlinking: /home/javierac/create3_ws/install/irobot_create_gz_toolbox/include/irobot_create_gz_toolbox/sensors/mouse.hpp
-- Symlinking: /home/javierac/create3_ws/install/irobot_create_gz_toolbox/include/irobot_create_gz_toolbox/sensors/sensors_node.hpp
-- Symlinking: /home/javierac/create3_ws/install/irobot_create_gz_toolbox/include/irobot_create_gz_toolbox/sensors/wheel_drop.hpp
-- Symlinking: /home/javierac/create3_ws/install/irobot_create_gz_toolbox/include/irobot_create_gz_toolbox/utils.hpp
-- Symlinking: /home/javierac/create3_ws/install/irobot_create_gz_toolbox/share/irobot_create_gz_toolbox/environment/library_path.sh
-- Symlinking: /home/javierac/create3_ws/install/irobot_create_gz_toolbox/share/irobot_create_gz_toolbox/environment/library_path.dsv
-- Symlinking: /home/javierac/create3_ws/install/irobot_create_gz_toolbox/share/ament_index/resource_index/package_run_dependencies/irobot_create_gz_toolbox
-- Symlinking: /home/javierac/create3_ws/install/irobot_create_gz_toolbox/share/ament_index/resource_index/parent_prefix_path/irobot_create_gz_toolbox
-- Symlinking: /home/javierac/create3_ws/install/irobot_create_gz_toolbox/share/irobot_create_gz_toolbox/environment/ament_prefix_path.sh
-- Symlinking: /home/javierac/create3_ws/install/irobot_create_gz_toolbox/share/irobot_create_gz_toolbox/environment/ament_prefix_path.dsv
-- Symlinking: /home/javierac/create3_ws/install/irobot_create_gz_toolbox/share/irobot_create_gz_toolbox/environment/path.sh
-- Symlinking: /home/javierac/create3_ws/install/irobot_create_gz_toolbox/share/irobot_create_gz_toolbox/environment/path.dsv
-- Symlinking: /home/javierac/create3_ws/install/irobot_create_gz_toolbox/share/irobot_create_gz_toolbox/local_setup.bash
-- Symlinking: /home/javierac/create3_ws/install/irobot_create_gz_toolbox/share/irobot_create_gz_toolbox/local_setup.sh
-- Symlinking: /home/javierac/create3_ws/install/irobot_create_gz_toolbox/share/irobot_create_gz_toolbox/local_setup.zsh
-- Symlinking: /home/javierac/create3_ws/install/irobot_create_gz_toolbox/share/irobot_create_gz_toolbox/local_setup.dsv
-- Symlinking: /home/javierac/create3_ws/install/irobot_create_gz_toolbox/share/irobot_create_gz_toolbox/package.dsv
-- Symlinking: /home/javierac/create3_ws/install/irobot_create_gz_toolbox/share/ament_index/resource_index/packages/irobot_create_gz_toolbox
-- Symlinking: /home/javierac/create3_ws/install/irobot_create_gz_toolbox/share/irobot_create_gz_toolbox/cmake/ament_cmake_export_include_directories-extras.cmake
-- Symlinking: /home/javierac/create3_ws/install/irobot_create_gz_toolbox/share/irobot_create_gz_toolbox/cmake/ament_cmake_export_libraries-extras.cmake
-- Symlinking: /home/javierac/create3_ws/install/irobot_create_gz_toolbox/share/irobot_create_gz_toolbox/cmake/ament_cmake_export_dependencies-extras.cmake
-- Symlinking: /home/javierac/create3_ws/install/irobot_create_gz_toolbox/share/irobot_create_gz_toolbox/cmake/irobot_create_gz_toolboxConfig.cmake
-- Symlinking: /home/javierac/create3_ws/install/irobot_create_gz_toolbox/share/irobot_create_gz_toolbox/cmake/irobot_create_gz_toolboxConfig-version.cmake
-- Symlinking: /home/javierac/create3_ws/install/irobot_create_gz_toolbox/share/irobot_create_gz_toolbox/package.xml
