[0.846s] DEBUG:colcon:Command line arguments: ['/usr/bin/colcon', 'build']
[0.846s] DEBUG:colcon:Parsed command line arguments: Namespace(log_base=None, log_level=None, verb_name='build', build_base='build', install_base='install', merge_install=False, symlink_install=False, test_result_base=None, continue_on_error=False, executor='parallel', parallel_workers=20, event_handlers=None, ignore_user_meta=False, metas=['./colcon.meta'], base_paths=['.'], packages_ignore=None, packages_ignore_regex=None, paths=None, packages_up_to=None, packages_up_to_regex=None, packages_above=None, packages_above_and_dependencies=None, packages_above_depth=None, packages_select_by_dep=None, packages_skip_by_dep=None, packages_skip_up_to=None, packages_select_build_failed=False, packages_skip_build_finished=False, packages_select_test_failures=False, packages_skip_test_passed=False, packages_select=None, packages_skip=None, packages_select_regex=None, packages_skip_regex=None, packages_start=None, packages_end=None, cmake_args=None, cmake_target=None, cmake_target_skip_unavailable=False, cmake_clean_cache=False, cmake_clean_first=False, cmake_force_configure=False, ament_cmake_args=None, catkin_cmake_args=None, catkin_skip_building_tests=False, mixin_files=None, mixin=None, verb_parser=<colcon_mixin.mixin.mixin_argument.MixinArgumentDecorator object at 0x765ca7fe4e20>, verb_extension=<colcon_core.verb.build.BuildVerb object at 0x765ca8169d20>, main=<bound method BuildVerb.main of <colcon_core.verb.build.BuildVerb object at 0x765ca8169d20>>, mixin_verb=('build',))
[1.335s] Level 1:colcon.colcon_core.package_discovery:discover_packages(colcon_meta) check parameters
[1.337s] INFO:colcon.colcon_metadata.package_discovery.colcon_meta:Using configuration from '/root/.colcon/metadata/default/Gazebo.meta'
[1.338s] INFO:colcon.colcon_metadata.package_discovery.colcon_meta:Using configuration from '/root/.colcon/metadata/default/fastdds.meta'
[1.339s] INFO:colcon.colcon_metadata.package_discovery.colcon_meta:Using configuration from '/root/.colcon/metadata/default/fastrtps.meta'
[1.339s] Level 1:colcon.colcon_core.package_discovery:discover_packages(recursive) check parameters
[1.339s] Level 1:colcon.colcon_core.package_discovery:discover_packages(ignore) check parameters
[1.339s] Level 1:colcon.colcon_core.package_discovery:discover_packages(path) check parameters
[1.339s] Level 1:colcon.colcon_core.package_discovery:discover_packages(colcon_meta) discover
[1.339s] Level 1:colcon.colcon_core.package_discovery:discover_packages(recursive) discover
[1.339s] INFO:colcon.colcon_core.package_discovery:Crawling recursively for packages in '/home/javierac/map_proc_ws'
[1.339s] Level 1:colcon.colcon_core.package_identification:_identify(.) by extensions ['ignore', 'ignore_ament_install']
[1.339s] Level 1:colcon.colcon_core.package_identification:_identify(.) by extension 'ignore'
[1.339s] Level 1:colcon.colcon_core.package_identification:_identify(.) by extension 'ignore_ament_install'
[1.339s] Level 1:colcon.colcon_core.package_identification:_identify(.) by extensions ['colcon_pkg']
[1.339s] Level 1:colcon.colcon_core.package_identification:_identify(.) by extension 'colcon_pkg'
[1.339s] Level 1:colcon.colcon_core.package_identification:_identify(.) by extensions ['colcon_meta']
[1.339s] Level 1:colcon.colcon_core.package_identification:_identify(.) by extension 'colcon_meta'
[1.340s] Level 1:colcon.colcon_core.package_identification:_identify(.) by extensions ['ros']
[1.340s] Level 1:colcon.colcon_core.package_identification:_identify(.) by extension 'ros'
[1.369s] Level 1:colcon.colcon_core.package_identification:_identify(.) by extensions ['cmake', 'python']
[1.369s] Level 1:colcon.colcon_core.package_identification:_identify(.) by extension 'cmake'
[1.369s] Level 1:colcon.colcon_core.package_identification:_identify(.) by extension 'python'
[1.369s] Level 1:colcon.colcon_core.package_identification:_identify(.) by extensions ['python_setup_py']
[1.369s] Level 1:colcon.colcon_core.package_identification:_identify(.) by extension 'python_setup_py'
[1.369s] Level 1:colcon.colcon_core.package_identification:_identify(build) by extensions ['ignore', 'ignore_ament_install']
[1.369s] Level 1:colcon.colcon_core.package_identification:_identify(build) by extension 'ignore'
[1.369s] Level 1:colcon.colcon_core.package_identification:_identify(build) ignored
[1.370s] Level 1:colcon.colcon_core.package_identification:_identify(install) by extensions ['ignore', 'ignore_ament_install']
[1.370s] Level 1:colcon.colcon_core.package_identification:_identify(install) by extension 'ignore'
[1.370s] Level 1:colcon.colcon_core.package_identification:_identify(install) ignored
[1.370s] Level 1:colcon.colcon_core.package_identification:_identify(log) by extensions ['ignore', 'ignore_ament_install']
[1.370s] Level 1:colcon.colcon_core.package_identification:_identify(log) by extension 'ignore'
[1.370s] Level 1:colcon.colcon_core.package_identification:_identify(log) ignored
[1.370s] Level 1:colcon.colcon_core.package_identification:_identify(src) by extensions ['ignore', 'ignore_ament_install']
[1.370s] Level 1:colcon.colcon_core.package_identification:_identify(src) by extension 'ignore'
[1.370s] Level 1:colcon.colcon_core.package_identification:_identify(src) by extension 'ignore_ament_install'
[1.370s] Level 1:colcon.colcon_core.package_identification:_identify(src) by extensions ['colcon_pkg']
[1.370s] Level 1:colcon.colcon_core.package_identification:_identify(src) by extension 'colcon_pkg'
[1.370s] Level 1:colcon.colcon_core.package_identification:_identify(src) by extensions ['colcon_meta']
[1.370s] Level 1:colcon.colcon_core.package_identification:_identify(src) by extension 'colcon_meta'
[1.370s] Level 1:colcon.colcon_core.package_identification:_identify(src) by extensions ['ros']
[1.370s] Level 1:colcon.colcon_core.package_identification:_identify(src) by extension 'ros'
[1.370s] Level 1:colcon.colcon_core.package_identification:_identify(src) by extensions ['cmake', 'python']
[1.370s] Level 1:colcon.colcon_core.package_identification:_identify(src) by extension 'cmake'
[1.370s] Level 1:colcon.colcon_core.package_identification:_identify(src) by extension 'python'
[1.370s] Level 1:colcon.colcon_core.package_identification:_identify(src) by extensions ['python_setup_py']
[1.370s] Level 1:colcon.colcon_core.package_identification:_identify(src) by extension 'python_setup_py'
[1.371s] Level 1:colcon.colcon_core.package_identification:_identify(src/map_processor) by extensions ['ignore', 'ignore_ament_install']
[1.371s] Level 1:colcon.colcon_core.package_identification:_identify(src/map_processor) by extension 'ignore'
[1.371s] Level 1:colcon.colcon_core.package_identification:_identify(src/map_processor) by extension 'ignore_ament_install'
[1.371s] Level 1:colcon.colcon_core.package_identification:_identify(src/map_processor) by extensions ['colcon_pkg']
[1.371s] Level 1:colcon.colcon_core.package_identification:_identify(src/map_processor) by extension 'colcon_pkg'
[1.371s] Level 1:colcon.colcon_core.package_identification:_identify(src/map_processor) by extensions ['colcon_meta']
[1.371s] Level 1:colcon.colcon_core.package_identification:_identify(src/map_processor) by extension 'colcon_meta'
[1.371s] Level 1:colcon.colcon_core.package_identification:_identify(src/map_processor) by extensions ['ros']
[1.371s] Level 1:colcon.colcon_core.package_identification:_identify(src/map_processor) by extension 'ros'
[1.377s] DEBUG:colcon.colcon_core.package_identification:Package 'src/map_processor' with type 'ros.ament_python' and name 'map_processor'
[1.377s] Level 1:colcon.colcon_core.package_discovery:discover_packages(recursive) using defaults
[1.377s] Level 1:colcon.colcon_core.package_discovery:discover_packages(ignore) discover
[1.377s] Level 1:colcon.colcon_core.package_discovery:discover_packages(ignore) using defaults
[1.377s] Level 1:colcon.colcon_core.package_discovery:discover_packages(path) discover
[1.377s] Level 1:colcon.colcon_core.package_discovery:discover_packages(path) using defaults
[1.441s] Level 5:colcon.colcon_core.verb:set package 'map_processor' build argument 'cmake_args' from command line to 'None'
[1.441s] Level 5:colcon.colcon_core.verb:set package 'map_processor' build argument 'cmake_target' from command line to 'None'
[1.441s] Level 5:colcon.colcon_core.verb:set package 'map_processor' build argument 'cmake_target_skip_unavailable' from command line to 'False'
[1.441s] Level 5:colcon.colcon_core.verb:set package 'map_processor' build argument 'cmake_clean_cache' from command line to 'False'
[1.441s] Level 5:colcon.colcon_core.verb:set package 'map_processor' build argument 'cmake_clean_first' from command line to 'False'
[1.441s] Level 5:colcon.colcon_core.verb:set package 'map_processor' build argument 'cmake_force_configure' from command line to 'False'
[1.441s] Level 5:colcon.colcon_core.verb:set package 'map_processor' build argument 'ament_cmake_args' from command line to 'None'
[1.441s] Level 5:colcon.colcon_core.verb:set package 'map_processor' build argument 'catkin_cmake_args' from command line to 'None'
[1.441s] Level 5:colcon.colcon_core.verb:set package 'map_processor' build argument 'catkin_skip_building_tests' from command line to 'False'
[1.441s] DEBUG:colcon.colcon_core.verb:Building package 'map_processor' with the following arguments: {'ament_cmake_args': None, 'build_base': '/home/javierac/map_proc_ws/build/map_processor', 'catkin_cmake_args': None, 'catkin_skip_building_tests': False, 'cmake_args': None, 'cmake_clean_cache': False, 'cmake_clean_first': False, 'cmake_force_configure': False, 'cmake_target': None, 'cmake_target_skip_unavailable': False, 'install_base': '/home/javierac/map_proc_ws/install/map_processor', 'merge_install': False, 'path': '/home/javierac/map_proc_ws/src/map_processor', 'symlink_install': False, 'test_result_base': None}
[1.441s] INFO:colcon.colcon_core.executor:Executing jobs using 'parallel' executor
[1.442s] DEBUG:colcon.colcon_parallel_executor.executor.parallel:run_until_complete
[1.443s] INFO:colcon.colcon_ros.task.ament_python.build:Building ROS package in '/home/javierac/map_proc_ws/src/map_processor' with build type 'ament_python'
[1.443s] Level 1:colcon.colcon_core.shell:create_environment_hook('map_processor', 'ament_prefix_path')
[1.465s] INFO:colcon.colcon_core.plugin_system:Skipping extension 'colcon_core.shell.bat': Not used on non-Windows systems
[1.465s] INFO:colcon.colcon_core.shell:Creating environment hook '/home/javierac/map_proc_ws/install/map_processor/share/map_processor/hook/ament_prefix_path.ps1'
[1.468s] INFO:colcon.colcon_core.shell:Creating environment descriptor '/home/javierac/map_proc_ws/install/map_processor/share/map_processor/hook/ament_prefix_path.dsv'
[1.471s] INFO:colcon.colcon_core.shell:Creating environment hook '/home/javierac/map_proc_ws/install/map_processor/share/map_processor/hook/ament_prefix_path.sh'
[1.472s] INFO:colcon.colcon_core.shell:Skip shell extension 'powershell' for command environment: Not usable outside of PowerShell
[1.472s] DEBUG:colcon.colcon_core.shell:Skip shell extension 'dsv' for command environment
[1.709s] INFO:colcon.colcon_core.task.python.build:Building Python package in '/home/javierac/map_proc_ws/src/map_processor'
[1.709s] INFO:colcon.colcon_core.shell:Skip shell extension 'powershell' for command environment: Not usable outside of PowerShell
[1.709s] DEBUG:colcon.colcon_core.shell:Skip shell extension 'dsv' for command environment
[2.215s] DEBUG:colcon.colcon_core.event_handler.log_command:Invoking command in '/home/javierac/map_proc_ws/src/map_processor': PYTHONPATH=/home/javierac/map_proc_ws/build/map_processor/prefix_override:/usr/lib/python3/dist-packages/colcon_core/task/python/colcon_distutils_commands:/home/javierac/map_proc_ws/install/map_processor/lib/python3.10/site-packages:${PYTHONPATH} /usr/bin/python3 -W ignore:setup.py install is deprecated -W ignore:easy_install command is deprecated setup.py egg_info --egg-base ../../build/map_processor build --build-base /home/javierac/map_proc_ws/build/map_processor/build install --record /home/javierac/map_proc_ws/build/map_processor/install.log --single-version-externally-managed install_data
[2.488s] DEBUG:colcon.colcon_core.event_handler.log_command:Invoked command in '/home/javierac/map_proc_ws/src/map_processor' returned '0': PYTHONPATH=/home/javierac/map_proc_ws/build/map_processor/prefix_override:/usr/lib/python3/dist-packages/colcon_core/task/python/colcon_distutils_commands:/home/javierac/map_proc_ws/install/map_processor/lib/python3.10/site-packages:${PYTHONPATH} /usr/bin/python3 -W ignore:setup.py install is deprecated -W ignore:easy_install command is deprecated setup.py egg_info --egg-base ../../build/map_processor build --build-base /home/javierac/map_proc_ws/build/map_processor/build install --record /home/javierac/map_proc_ws/build/map_processor/install.log --single-version-externally-managed install_data
[2.508s] Level 1:colcon.colcon_core.environment:checking '/home/javierac/map_proc_ws/install/map_processor' for CMake module files
[2.508s] Level 1:colcon.colcon_core.environment:checking '/home/javierac/map_proc_ws/install/map_processor' for CMake config files
[2.509s] Level 1:colcon.colcon_core.environment:checking '/home/javierac/map_proc_ws/install/map_processor/lib'
[2.509s] Level 1:colcon.colcon_core.environment:checking '/home/javierac/map_proc_ws/install/map_processor/bin'
[2.509s] Level 1:colcon.colcon_core.environment:checking '/home/javierac/map_proc_ws/install/map_processor/lib/pkgconfig/map_processor.pc'
[2.510s] Level 1:colcon.colcon_core.environment:checking '/home/javierac/map_proc_ws/install/map_processor/lib/python3.10/site-packages'
[2.510s] Level 1:colcon.colcon_core.shell:create_environment_hook('map_processor', 'pythonpath')
[2.510s] INFO:colcon.colcon_core.shell:Creating environment hook '/home/javierac/map_proc_ws/install/map_processor/share/map_processor/hook/pythonpath.ps1'
[2.510s] INFO:colcon.colcon_core.shell:Creating environment descriptor '/home/javierac/map_proc_ws/install/map_processor/share/map_processor/hook/pythonpath.dsv'
[2.511s] INFO:colcon.colcon_core.shell:Creating environment hook '/home/javierac/map_proc_ws/install/map_processor/share/map_processor/hook/pythonpath.sh'
[2.512s] Level 1:colcon.colcon_core.environment:checking '/home/javierac/map_proc_ws/install/map_processor/bin'
[2.512s] Level 1:colcon.colcon_core.environment:create_environment_scripts_only(map_processor)
[2.512s] INFO:colcon.colcon_core.shell:Creating package script '/home/javierac/map_proc_ws/install/map_processor/share/map_processor/package.ps1'
[2.513s] INFO:colcon.colcon_core.shell:Creating package descriptor '/home/javierac/map_proc_ws/install/map_processor/share/map_processor/package.dsv'
[2.514s] INFO:colcon.colcon_core.shell:Creating package script '/home/javierac/map_proc_ws/install/map_processor/share/map_processor/package.sh'
[2.515s] INFO:colcon.colcon_core.shell:Creating package script '/home/javierac/map_proc_ws/install/map_processor/share/map_processor/package.bash'
[2.516s] INFO:colcon.colcon_core.shell:Creating package script '/home/javierac/map_proc_ws/install/map_processor/share/map_processor/package.zsh'
[2.518s] Level 1:colcon.colcon_core.environment:create_file_with_runtime_dependencies(/home/javierac/map_proc_ws/install/map_processor/share/colcon-core/packages/map_processor)
[2.518s] DEBUG:colcon.colcon_parallel_executor.executor.parallel:closing loop
[2.519s] DEBUG:colcon.colcon_parallel_executor.executor.parallel:loop closed
[2.519s] DEBUG:colcon.colcon_parallel_executor.executor.parallel:run_until_complete finished with '0'
[2.519s] DEBUG:colcon.colcon_core.event_reactor:joining thread
[2.538s] INFO:colcon.colcon_core.plugin_system:Skipping extension 'colcon_notification.desktop_notification.notify_send': Could not find 'notify-send'
[2.538s] INFO:colcon.colcon_core.plugin_system:Skipping extension 'colcon_notification.desktop_notification.terminal_notifier': Not used on non-Darwin systems
[2.538s] INFO:colcon.colcon_core.plugin_system:Skipping extension 'colcon_notification.desktop_notification.win32': Not used on non-Windows systems
[2.538s] INFO:colcon.colcon_notification.desktop_notification:Sending desktop notification using 'notify2'
[2.555s] DEBUG:colcon.colcon_notification.desktop_notification.notify2:Failed to initialize notify2: org.freedesktop.DBus.Error.Spawn.ExecFailed: /usr/bin/dbus-launch terminated abnormally without any error message
[2.555s] DEBUG:colcon.colcon_core.event_reactor:joined thread
[2.556s] INFO:colcon.colcon_core.shell:Creating prefix script '/home/javierac/map_proc_ws/install/local_setup.ps1'
[2.557s] INFO:colcon.colcon_core.shell:Creating prefix util module '/home/javierac/map_proc_ws/install/_local_setup_util_ps1.py'
[2.559s] INFO:colcon.colcon_core.shell:Creating prefix chain script '/home/javierac/map_proc_ws/install/setup.ps1'
[2.560s] INFO:colcon.colcon_core.shell:Creating prefix script '/home/javierac/map_proc_ws/install/local_setup.sh'
[2.562s] INFO:colcon.colcon_core.shell:Creating prefix util module '/home/javierac/map_proc_ws/install/_local_setup_util_sh.py'
[2.562s] INFO:colcon.colcon_core.shell:Creating prefix chain script '/home/javierac/map_proc_ws/install/setup.sh'
[2.564s] INFO:colcon.colcon_core.shell:Creating prefix script '/home/javierac/map_proc_ws/install/local_setup.bash'
[2.566s] INFO:colcon.colcon_core.shell:Creating prefix chain script '/home/javierac/map_proc_ws/install/setup.bash'
[2.567s] INFO:colcon.colcon_core.shell:Creating prefix script '/home/javierac/map_proc_ws/install/local_setup.zsh'
[2.569s] INFO:colcon.colcon_core.shell:Creating prefix chain script '/home/javierac/map_proc_ws/install/setup.zsh'
