[0.018s] Invoking command in '/home/javierac/create3_ws/build/irobot_create_gz_plugins': CMAKE_PREFIX_PATH=${CMAKE_PREFIX_PATH}:/opt/ros/jazzy /usr/bin/cmake --build /home/javierac/create3_ws/build/irobot_create_gz_plugins -- -j20 -l20
[0.084s] [  0%] Built target Create3Hmi_autogen_timestamp_deps
[0.116s] [ 14%] Built target Create3Hmi_autogen
[0.159s] [100%] Built target Create3Hmi
[0.172s] Invoked command in '/home/javierac/create3_ws/build/irobot_create_gz_plugins' returned '0': CMAKE_PREFIX_PATH=${CMAKE_PREFIX_PATH}:/opt/ros/jazzy /usr/bin/cmake --build /home/javierac/create3_ws/build/irobot_create_gz_plugins -- -j20 -l20
[0.174s] Invoking command in '/home/javierac/create3_ws/build/irobot_create_gz_plugins': CMAKE_PREFIX_PATH=${CMAKE_PREFIX_PATH}:/opt/ros/jazzy /usr/bin/cmake --install /home/javierac/create3_ws/build/irobot_create_gz_plugins
[0.182s] -- Install configuration: ""
[0.182s] -- Execute custom install script
[0.183s] -- Up-to-date symlink: /home/javierac/create3_ws/install/irobot_create_gz_plugins/share/irobot_create_gz_plugins/lib/libCreate3Hmi.so
[0.183s] -- Up-to-date symlink: /home/javierac/create3_ws/install/irobot_create_gz_plugins/share/ament_index/resource_index/package_run_dependencies/irobot_create_gz_plugins
[0.183s] -- Up-to-date symlink: /home/javierac/create3_ws/install/irobot_create_gz_plugins/share/ament_index/resource_index/parent_prefix_path/irobot_create_gz_plugins
[0.183s] -- Up-to-date symlink: /home/javierac/create3_ws/install/irobot_create_gz_plugins/share/irobot_create_gz_plugins/environment/ament_prefix_path.sh
[0.183s] -- Up-to-date symlink: /home/javierac/create3_ws/install/irobot_create_gz_plugins/share/irobot_create_gz_plugins/environment/ament_prefix_path.dsv
[0.183s] -- Up-to-date symlink: /home/javierac/create3_ws/install/irobot_create_gz_plugins/share/irobot_create_gz_plugins/environment/path.sh
[0.184s] -- Up-to-date symlink: /home/javierac/create3_ws/install/irobot_create_gz_plugins/share/irobot_create_gz_plugins/environment/path.dsv
[0.184s] -- Up-to-date symlink: /home/javierac/create3_ws/install/irobot_create_gz_plugins/share/irobot_create_gz_plugins/local_setup.bash
[0.184s] -- Up-to-date symlink: /home/javierac/create3_ws/install/irobot_create_gz_plugins/share/irobot_create_gz_plugins/local_setup.sh
[0.184s] -- Up-to-date symlink: /home/javierac/create3_ws/install/irobot_create_gz_plugins/share/irobot_create_gz_plugins/local_setup.zsh
[0.184s] -- Up-to-date symlink: /home/javierac/create3_ws/install/irobot_create_gz_plugins/share/irobot_create_gz_plugins/local_setup.dsv
[0.184s] -- Symlinking: /home/javierac/create3_ws/install/irobot_create_gz_plugins/share/irobot_create_gz_plugins/package.dsv
[0.193s] -- Up-to-date symlink: /home/javierac/create3_ws/install/irobot_create_gz_plugins/share/ament_index/resource_index/packages/irobot_create_gz_plugins
[0.193s] -- Up-to-date symlink: /home/javierac/create3_ws/install/irobot_create_gz_plugins/share/irobot_create_gz_plugins/cmake/irobot_create_gz_pluginsConfig.cmake
[0.193s] -- Up-to-date symlink: /home/javierac/create3_ws/install/irobot_create_gz_plugins/share/irobot_create_gz_plugins/cmake/irobot_create_gz_pluginsConfig-version.cmake
[0.193s] -- Up-to-date symlink: /home/javierac/create3_ws/install/irobot_create_gz_plugins/share/irobot_create_gz_plugins/package.xml
[0.196s] Invoked command in '/home/javierac/create3_ws/build/irobot_create_gz_plugins' returned '0': CMAKE_PREFIX_PATH=${CMAKE_PREFIX_PATH}:/opt/ros/jazzy /usr/bin/cmake --install /home/javierac/create3_ws/build/irobot_create_gz_plugins
