[0.015s] Invoking command in '/home/javierac/create3_ws/build/irobot_create_control': CMAKE_PREFIX_PATH=${CMAKE_PREFIX_PATH}:/opt/ros/jazzy /usr/bin/cmake /home/javierac/create3_ws/src/irobot_create_common/irobot_create_control -DCMAKE_INSTALL_PREFIX=/home/javierac/create3_ws/install/irobot_create_control
[0.032s] -- Found ament_cmake: 2.5.4 (/opt/ros/jazzy/share/ament_cmake/cmake)
[0.263s] -- Override CMake install command with custom implementation using symlinks instead of copying resources
[0.271s] -- Found ament_lint_auto: 0.17.2 (/opt/ros/jazzy/share/ament_lint_auto/cmake)
[0.373s] -- Added test 'flake8' to check Python code syntax and style conventions
[0.373s] -- Configured 'flake8' exclude dirs and/or files: 
[0.374s] -- Added test 'lint_cmake' to check CMake code style
[0.374s] -- Added test 'pep257' to check Python code against some of the docstring style conventions in PEP 257
[0.375s] -- Added test 'xmllint' to check XML markup files
[0.376s] -- Configuring done (0.3s)
[0.379s] -- Generating done (0.0s)
[0.380s] -- Build files have been written to: /home/javierac/create3_ws/build/irobot_create_control
[0.383s] Invoked command in '/home/javierac/create3_ws/build/irobot_create_control' returned '0': CMAKE_PREFIX_PATH=${CMAKE_PREFIX_PATH}:/opt/ros/jazzy /usr/bin/cmake /home/javierac/create3_ws/src/irobot_create_common/irobot_create_control -DCMAKE_INSTALL_PREFIX=/home/javierac/create3_ws/install/irobot_create_control
[0.385s] Invoking command in '/home/javierac/create3_ws/build/irobot_create_control': CMAKE_PREFIX_PATH=${CMAKE_PREFIX_PATH}:/opt/ros/jazzy /usr/bin/cmake --build /home/javierac/create3_ws/build/irobot_create_control -- -j20 -l20
[0.434s] Invoked command in '/home/javierac/create3_ws/build/irobot_create_control' returned '0': CMAKE_PREFIX_PATH=${CMAKE_PREFIX_PATH}:/opt/ros/jazzy /usr/bin/cmake --build /home/javierac/create3_ws/build/irobot_create_control -- -j20 -l20
[0.443s] Invoking command in '/home/javierac/create3_ws/build/irobot_create_control': CMAKE_PREFIX_PATH=${CMAKE_PREFIX_PATH}:/opt/ros/jazzy /usr/bin/cmake --install /home/javierac/create3_ws/build/irobot_create_control
[0.456s] -- Install configuration: ""
[0.457s] -- Execute custom install script
[0.458s] -- Up-to-date symlink: /home/javierac/create3_ws/install/irobot_create_control/share/irobot_create_control//launch/include/control.py
[0.458s] -- Up-to-date symlink: /home/javierac/create3_ws/install/irobot_create_control/share/irobot_create_control//config/control.yaml
[0.459s] -- Up-to-date symlink: /home/javierac/create3_ws/install/irobot_create_control/share/ament_index/resource_index/package_run_dependencies/irobot_create_control
[0.459s] -- Up-to-date symlink: /home/javierac/create3_ws/install/irobot_create_control/share/ament_index/resource_index/parent_prefix_path/irobot_create_control
[0.459s] -- Up-to-date symlink: /home/javierac/create3_ws/install/irobot_create_control/share/irobot_create_control/environment/ament_prefix_path.sh
[0.459s] -- Up-to-date symlink: /home/javierac/create3_ws/install/irobot_create_control/share/irobot_create_control/environment/ament_prefix_path.dsv
[0.460s] -- Up-to-date symlink: /home/javierac/create3_ws/install/irobot_create_control/share/irobot_create_control/environment/path.sh
[0.460s] -- Up-to-date symlink: /home/javierac/create3_ws/install/irobot_create_control/share/irobot_create_control/environment/path.dsv
[0.460s] -- Up-to-date symlink: /home/javierac/create3_ws/install/irobot_create_control/share/irobot_create_control/local_setup.bash
[0.460s] -- Up-to-date symlink: /home/javierac/create3_ws/install/irobot_create_control/share/irobot_create_control/local_setup.sh
[0.460s] -- Up-to-date symlink: /home/javierac/create3_ws/install/irobot_create_control/share/irobot_create_control/local_setup.zsh
[0.461s] -- Up-to-date symlink: /home/javierac/create3_ws/install/irobot_create_control/share/irobot_create_control/local_setup.dsv
[0.461s] -- Symlinking: /home/javierac/create3_ws/install/irobot_create_control/share/irobot_create_control/package.dsv
[0.471s] -- Up-to-date symlink: /home/javierac/create3_ws/install/irobot_create_control/share/ament_index/resource_index/packages/irobot_create_control
[0.471s] -- Up-to-date symlink: /home/javierac/create3_ws/install/irobot_create_control/share/irobot_create_control/cmake/irobot_create_controlConfig.cmake
[0.472s] -- Up-to-date symlink: /home/javierac/create3_ws/install/irobot_create_control/share/irobot_create_control/cmake/irobot_create_controlConfig-version.cmake
[0.472s] -- Up-to-date symlink: /home/javierac/create3_ws/install/irobot_create_control/share/irobot_create_control/package.xml
[0.474s] Invoked command in '/home/javierac/create3_ws/build/irobot_create_control' returned '0': CMAKE_PREFIX_PATH=${CMAKE_PREFIX_PATH}:/opt/ros/jazzy /usr/bin/cmake --install /home/javierac/create3_ws/build/irobot_create_control
