[0.017s] Invoking command in '/home/javierac/create3_ws/build/irobot_create_toolbox': CMAKE_PREFIX_PATH=${CMAKE_PREFIX_PATH}:/opt/ros/jazzy /usr/bin/cmake /home/javierac/create3_ws/src/irobot_create_common/irobot_create_toolbox -DAMENT_CMAKE_SYMLINK_INSTALL=1 -DCMAKE_INSTALL_PREFIX=/home/javierac/create3_ws/install/irobot_create_toolbox
[0.084s] -- The C compiler identification is GNU 13.3.0
[0.146s] -- The CXX compiler identification is GNU 13.3.0
[0.166s] -- Detecting C compiler ABI info
[0.281s] -- Detecting C compiler ABI info - done
[0.293s] -- Check for working C compiler: /usr/bin/cc - skipped
[0.293s] -- Detecting C compile features
[0.293s] -- Detecting C compile features - done
[0.305s] -- Detecting CXX compiler ABI info
[0.413s] -- Detecting CXX compiler ABI info - done
[0.424s] -- Check for working CXX compiler: /usr/bin/c++ - skipped
[0.424s] -- Detecting CXX compile features
[0.424s] -- Detecting CXX compile features - done
[0.430s] -- Found ament_cmake: 2.5.4 (/opt/ros/jazzy/share/ament_cmake/cmake)
[0.618s] -- Found Python3: /usr/bin/python3 (found version "3.12.3") found components: Interpreter 
[0.705s] -- Override CMake install command with custom implementation using symlinks instead of copying resources
[0.790s] -- Found gz_math_vendor: 0.0.8 (/opt/ros/jazzy/share/gz_math_vendor/cmake)
[0.807s] -- Looking for gz-math7 -- found version 7.5.2
[0.820s] -- Searching for dependencies of gz-math7
[0.823s] -- Looking for gz-utils2 -- found version 2.2.1
[0.823s] -- Searching for dependencies of gz-utils2
[0.830s] -- Found rclcpp: 28.1.10 (/opt/ros/jazzy/share/rclcpp/cmake)
[0.908s] -- Found rosidl_generator_c: 4.6.5 (/opt/ros/jazzy/share/rosidl_generator_c/cmake)
[0.932s] -- Found rosidl_generator_cpp: 4.6.5 (/opt/ros/jazzy/share/rosidl_generator_cpp/cmake)
[0.964s] -- Using all available rosidl_typesupport_c: rosidl_typesupport_fastrtps_c;rosidl_typesupport_introspection_c
[1.000s] -- Using all available rosidl_typesupport_cpp: rosidl_typesupport_fastrtps_cpp;rosidl_typesupport_introspection_cpp
[1.143s] -- Found rmw_implementation_cmake: 7.3.2 (/opt/ros/jazzy/share/rmw_implementation_cmake/cmake)
[1.152s] -- Found rmw_fastrtps_cpp: 8.4.2 (/opt/ros/jazzy/share/rmw_fastrtps_cpp/cmake)
[1.271s] -- Found OpenSSL: /usr/lib/x86_64-linux-gnu/libcrypto.so (found version "3.0.13")  
[1.292s] -- Found FastRTPS: /opt/ros/jazzy/include (Required is at least version "2.13") 
[1.323s] -- Using RMW implementation 'rmw_fastrtps_cpp' as default
[1.429s] -- Found ament_lint_auto: 0.17.2 (/opt/ros/jazzy/share/ament_lint_auto/cmake)
[1.567s] -- Added test 'cppcheck' to perform static code analysis on C / C++ code
[1.567s] -- Configured cppcheck include dirs: $<BUILD_INTERFACE:/home/javierac/create3_ws/src/irobot_create_common/irobot_create_toolbox/include>
[1.568s] -- Configured cppcheck exclude dirs and/or files: 
[1.569s] -- Added test 'cpplint' to check C / C++ code against the Google style
[1.569s] -- Configured cpplint exclude dirs and/or files: 
[1.570s] -- Added test 'lint_cmake' to check CMake code style
[1.572s] -- Added test 'uncrustify' to check C / C++ code style
[1.572s] -- Configured uncrustify additional arguments: 
[1.572s] -- Added test 'xmllint' to check XML markup files
[1.575s] -- Configuring done (1.5s)
[1.585s] -- Generating done (0.0s)
[1.588s] -- Build files have been written to: /home/javierac/create3_ws/build/irobot_create_toolbox
[1.597s] Invoked command in '/home/javierac/create3_ws/build/irobot_create_toolbox' returned '0': CMAKE_PREFIX_PATH=${CMAKE_PREFIX_PATH}:/opt/ros/jazzy /usr/bin/cmake /home/javierac/create3_ws/src/irobot_create_common/irobot_create_toolbox -DAMENT_CMAKE_SYMLINK_INSTALL=1 -DCMAKE_INSTALL_PREFIX=/home/javierac/create3_ws/install/irobot_create_toolbox
[1.598s] Invoking command in '/home/javierac/create3_ws/build/irobot_create_toolbox': CMAKE_PREFIX_PATH=${CMAKE_PREFIX_PATH}:/opt/ros/jazzy /usr/bin/cmake --build /home/javierac/create3_ws/build/irobot_create_toolbox -- -j20 -l20
[1.662s] [ 50%] [32mBuilding CXX object CMakeFiles/irobot_create_toolbox.dir/src/polar_coordinates.cpp.o[0m
[2.118s] [100%] [32m[1mLinking CXX shared library libirobot_create_toolbox.so[0m
[2.206s] [100%] Built target irobot_create_toolbox
[2.222s] Invoked command in '/home/javierac/create3_ws/build/irobot_create_toolbox' returned '0': CMAKE_PREFIX_PATH=${CMAKE_PREFIX_PATH}:/opt/ros/jazzy /usr/bin/cmake --build /home/javierac/create3_ws/build/irobot_create_toolbox -- -j20 -l20
[2.223s] Invoking command in '/home/javierac/create3_ws/build/irobot_create_toolbox': CMAKE_PREFIX_PATH=${CMAKE_PREFIX_PATH}:/opt/ros/jazzy /usr/bin/cmake --install /home/javierac/create3_ws/build/irobot_create_toolbox
[2.231s] -- Install configuration: ""
[2.231s] -- Execute custom install script
[2.231s] -- Symlinking: /home/javierac/create3_ws/install/irobot_create_toolbox/include/irobot_create_toolbox/irobot_create_toolbox/math.hpp
[2.240s] -- Symlinking: /home/javierac/create3_ws/install/irobot_create_toolbox/include/irobot_create_toolbox/irobot_create_toolbox/polar_coordinates.hpp
[2.249s] -- Symlinking: /home/javierac/create3_ws/install/irobot_create_toolbox/include/irobot_create_toolbox/irobot_create_toolbox/sensors/bumpers.hpp
[2.257s] -- Symlinking: /home/javierac/create3_ws/install/irobot_create_toolbox/share/ament_index/resource_index/package_run_dependencies/irobot_create_toolbox
[2.269s] -- Symlinking: /home/javierac/create3_ws/install/irobot_create_toolbox/share/ament_index/resource_index/parent_prefix_path/irobot_create_toolbox
[2.278s] -- Symlinking: /home/javierac/create3_ws/install/irobot_create_toolbox/share/irobot_create_toolbox/environment/ament_prefix_path.sh
[2.287s] -- Symlinking: /home/javierac/create3_ws/install/irobot_create_toolbox/share/irobot_create_toolbox/environment/ament_prefix_path.dsv
[2.296s] -- Symlinking: /home/javierac/create3_ws/install/irobot_create_toolbox/share/irobot_create_toolbox/environment/path.sh
[2.306s] -- Symlinking: /home/javierac/create3_ws/install/irobot_create_toolbox/share/irobot_create_toolbox/environment/path.dsv
[2.320s] -- Symlinking: /home/javierac/create3_ws/install/irobot_create_toolbox/share/irobot_create_toolbox/local_setup.bash
[2.328s] -- Symlinking: /home/javierac/create3_ws/install/irobot_create_toolbox/share/irobot_create_toolbox/local_setup.sh
[2.342s] -- Symlinking: /home/javierac/create3_ws/install/irobot_create_toolbox/share/irobot_create_toolbox/local_setup.zsh
[2.352s] -- Symlinking: /home/javierac/create3_ws/install/irobot_create_toolbox/share/irobot_create_toolbox/local_setup.dsv
[2.365s] -- Symlinking: /home/javierac/create3_ws/install/irobot_create_toolbox/share/irobot_create_toolbox/package.dsv
[2.377s] -- Symlinking: /home/javierac/create3_ws/install/irobot_create_toolbox/share/ament_index/resource_index/packages/irobot_create_toolbox
[2.388s] -- Symlinking: /home/javierac/create3_ws/install/irobot_create_toolbox/share/irobot_create_toolbox/cmake/ament_cmake_export_targets-extras.cmake
[2.402s] -- Symlinking: /home/javierac/create3_ws/install/irobot_create_toolbox/share/irobot_create_toolbox/cmake/ament_cmake_export_dependencies-extras.cmake
[2.412s] -- Symlinking: /home/javierac/create3_ws/install/irobot_create_toolbox/share/irobot_create_toolbox/cmake/irobot_create_toolboxConfig.cmake
[2.426s] -- Symlinking: /home/javierac/create3_ws/install/irobot_create_toolbox/share/irobot_create_toolbox/cmake/irobot_create_toolboxConfig-version.cmake
[2.435s] -- Symlinking: /home/javierac/create3_ws/install/irobot_create_toolbox/share/irobot_create_toolbox/package.xml
[2.448s] -- Installing: /home/javierac/create3_ws/install/irobot_create_toolbox/lib/libirobot_create_toolbox.so
[2.448s] -- Set non-toolchain portion of runtime path of "/home/javierac/create3_ws/install/irobot_create_toolbox/lib/libirobot_create_toolbox.so" to ""
[2.448s] -- Installing: /home/javierac/create3_ws/install/irobot_create_toolbox/share/irobot_create_toolbox/cmake/export_irobot_create_toolboxExport.cmake
[2.448s] -- Installing: /home/javierac/create3_ws/install/irobot_create_toolbox/share/irobot_create_toolbox/cmake/export_irobot_create_toolboxExport-noconfig.cmake
[2.450s] Invoked command in '/home/javierac/create3_ws/build/irobot_create_toolbox' returned '0': CMAKE_PREFIX_PATH=${CMAKE_PREFIX_PATH}:/opt/ros/jazzy /usr/bin/cmake --install /home/javierac/create3_ws/build/irobot_create_toolbox
