[0.014s] Invoking command in '/home/javierac/create3_ws/build/irobot_create_nodes': AMENT_PREFIX_PATH=/home/javierac/create3_ws/install/irobot_create_toolbox:${AMENT_PREFIX_PATH} CMAKE_PREFIX_PATH=/home/javierac/create3_ws/install/irobot_create_toolbox:/opt/ros/jazzy/opt/gz_sim_vendor:/opt/ros/jazzy/opt/gz_sensors_vendor:/opt/ros/jazzy/opt/gz_physics_vendor:/opt/ros/jazzy/opt/sdformat_vendor:/opt/ros/jazzy/opt/gz_gui_vendor:/opt/ros/jazzy/opt/gz_transport_vendor:/opt/ros/jazzy/opt/gz_rendering_vendor:/opt/ros/jazzy/opt/gz_plugin_vendor:/opt/ros/jazzy/opt/gz_fuel_tools_vendor:/opt/ros/jazzy/opt/gz_msgs_vendor:/opt/ros/jazzy/opt/gz_common_vendor:/opt/ros/jazzy/opt/gz_math_vendor:/opt/ros/jazzy/opt/gz_utils_vendor:/opt/ros/jazzy/opt/gz_tools_vendor:/opt/ros/jazzy/opt/gz_ogre_next_vendor:/opt/ros/jazzy/opt/gz_dartsim_vendor:/opt/ros/jazzy/opt/gz_cmake_vendor:/opt/ros/jazzy LD_LIBRARY_PATH=/home/javierac/create3_ws/install/irobot_create_toolbox/lib:${LD_LIBRARY_PATH} /usr/bin/cmake /home/javierac/create3_ws/src/irobot_create_common/irobot_create_nodes -DAMENT_CMAKE_SYMLINK_INSTALL=1 -DCMAKE_INSTALL_PREFIX=/home/javierac/create3_ws/install/irobot_create_nodes
[0.070s] -- The C compiler identification is GNU 13.3.0
[0.135s] -- The CXX compiler identification is GNU 13.3.0
[0.158s] -- Detecting C compiler ABI info
[0.277s] -- Detecting C compiler ABI info - done
[0.286s] -- Check for working C compiler: /usr/bin/cc - skipped
[0.286s] -- Detecting C compile features
[0.287s] -- Detecting C compile features - done
[0.299s] -- Detecting CXX compiler ABI info
[0.433s] -- Detecting CXX compiler ABI info - done
[0.447s] -- Check for working CXX compiler: /usr/bin/c++ - skipped
[0.447s] -- Detecting CXX compile features
[0.448s] -- Detecting CXX compile features - done
[0.454s] -- Found ament_cmake: 2.5.4 (/opt/ros/jazzy/share/ament_cmake/cmake)
[0.639s] -- Found Python3: /usr/bin/python3 (found version "3.12.3") found components: Interpreter 
[0.725s] -- Override CMake install command with custom implementation using symlinks instead of copying resources
[0.799s] -- Found angles: 1.16.0 (/opt/ros/jazzy/share/angles/cmake)
[0.804s] -- Found control_msgs: 5.7.0 (/opt/ros/jazzy/share/control_msgs/cmake)
[0.885s] -- Found rosidl_generator_c: 4.6.5 (/opt/ros/jazzy/share/rosidl_generator_c/cmake)
[0.910s] -- Found rosidl_generator_cpp: 4.6.5 (/opt/ros/jazzy/share/rosidl_generator_cpp/cmake)
[0.936s] -- Using all available rosidl_typesupport_c: rosidl_typesupport_fastrtps_c;rosidl_typesupport_introspection_c
[0.968s] -- Using all available rosidl_typesupport_cpp: rosidl_typesupport_fastrtps_cpp;rosidl_typesupport_introspection_cpp
[1.199s] -- Found nav_msgs: 5.3.6 (/opt/ros/jazzy/share/nav_msgs/cmake)
[1.233s] -- Found irobot_create_msgs: 3.0.0 (/opt/ros/jazzy/share/irobot_create_msgs/cmake)
[1.267s] -- Found irobot_create_toolbox: 3.0.4 (/home/javierac/create3_ws/install/irobot_create_toolbox/share/irobot_create_toolbox/cmake)
[1.285s] -- Looking for gz-math7 -- found version 7.5.2
[1.293s] -- Searching for dependencies of gz-math7
[1.295s] -- Looking for gz-utils2 -- found version 2.2.1
[1.295s] -- Searching for dependencies of gz-utils2
[1.375s] -- Found rmw_implementation_cmake: 7.3.2 (/opt/ros/jazzy/share/rmw_implementation_cmake/cmake)
[1.381s] -- Found rmw_fastrtps_cpp: 8.4.2 (/opt/ros/jazzy/share/rmw_fastrtps_cpp/cmake)
[1.511s] -- Found OpenSSL: /usr/lib/x86_64-linux-gnu/libcrypto.so (found version "3.0.13")  
[1.535s] -- Found FastRTPS: /opt/ros/jazzy/include (Required is at least version "2.13") 
[1.568s] -- Using RMW implementation 'rmw_fastrtps_cpp' as default
[1.665s] -- Found rclcpp_action: 28.1.10 (/opt/ros/jazzy/share/rclcpp_action/cmake)
[1.684s] -- Found rclcpp_components: 28.1.10 (/opt/ros/jazzy/share/rclcpp_components/cmake)
[1.739s] -- Found tf2: 0.36.12 (/opt/ros/jazzy/share/tf2/cmake)
[1.747s] -- Found tf2_geometry_msgs: 0.36.12 (/opt/ros/jazzy/share/tf2_geometry_msgs/cmake)
[1.777s] -- Found eigen3_cmake_module: 0.3.0 (/opt/ros/jazzy/share/eigen3_cmake_module/cmake)
[1.778s] -- Found Eigen3: TRUE (found version "3.4.0") 
[1.779s] -- Ensuring Eigen3 include directory is part of orocos-kdl CMake target
[1.870s] -- Found Boost: /usr/lib/x86_64-linux-gnu/cmake/Boost-1.83.0/BoostConfig.cmake (found version "1.83.0")  
[1.918s] -- Found ament_lint_auto: 0.17.2 (/opt/ros/jazzy/share/ament_lint_auto/cmake)
[2.059s] -- Added test 'cppcheck' to perform static code analysis on C / C++ code
[2.061s] -- Configured cppcheck include dirs: /home/javierac/create3_ws/src/irobot_create_common/irobot_create_nodes/include
[2.061s] -- Configured cppcheck exclude dirs and/or files: 
[2.065s] -- Added test 'cpplint' to check C / C++ code against the Google style
[2.065s] -- Configured cpplint exclude dirs and/or files: 
[2.066s] -- Added test 'lint_cmake' to check CMake code style
[2.068s] -- Added test 'uncrustify' to check C / C++ code style
[2.069s] -- Configured uncrustify additional arguments: 
[2.070s] -- Added test 'xmllint' to check XML markup files
[2.073s] -- Configuring done (2.1s)
[2.168s] -- Generating done (0.1s)
[2.195s] -- Build files have been written to: /home/javierac/create3_ws/build/irobot_create_nodes
[2.207s] Invoked command in '/home/javierac/create3_ws/build/irobot_create_nodes' returned '0': AMENT_PREFIX_PATH=/home/javierac/create3_ws/install/irobot_create_toolbox:${AMENT_PREFIX_PATH} CMAKE_PREFIX_PATH=/home/javierac/create3_ws/install/irobot_create_toolbox:/opt/ros/jazzy/opt/gz_sim_vendor:/opt/ros/jazzy/opt/gz_sensors_vendor:/opt/ros/jazzy/opt/gz_physics_vendor:/opt/ros/jazzy/opt/sdformat_vendor:/opt/ros/jazzy/opt/gz_gui_vendor:/opt/ros/jazzy/opt/gz_transport_vendor:/opt/ros/jazzy/opt/gz_rendering_vendor:/opt/ros/jazzy/opt/gz_plugin_vendor:/opt/ros/jazzy/opt/gz_fuel_tools_vendor:/opt/ros/jazzy/opt/gz_msgs_vendor:/opt/ros/jazzy/opt/gz_common_vendor:/opt/ros/jazzy/opt/gz_math_vendor:/opt/ros/jazzy/opt/gz_utils_vendor:/opt/ros/jazzy/opt/gz_tools_vendor:/opt/ros/jazzy/opt/gz_ogre_next_vendor:/opt/ros/jazzy/opt/gz_dartsim_vendor:/opt/ros/jazzy/opt/gz_cmake_vendor:/opt/ros/jazzy LD_LIBRARY_PATH=/home/javierac/create3_ws/install/irobot_create_toolbox/lib:${LD_LIBRARY_PATH} /usr/bin/cmake /home/javierac/create3_ws/src/irobot_create_common/irobot_create_nodes -DAMENT_CMAKE_SYMLINK_INSTALL=1 -DCMAKE_INSTALL_PREFIX=/home/javierac/create3_ws/install/irobot_create_nodes
[2.209s] Invoking command in '/home/javierac/create3_ws/build/irobot_create_nodes': AMENT_PREFIX_PATH=/home/javierac/create3_ws/install/irobot_create_toolbox:${AMENT_PREFIX_PATH} CMAKE_PREFIX_PATH=/home/javierac/create3_ws/install/irobot_create_toolbox:/opt/ros/jazzy/opt/gz_sim_vendor:/opt/ros/jazzy/opt/gz_sensors_vendor:/opt/ros/jazzy/opt/gz_physics_vendor:/opt/ros/jazzy/opt/sdformat_vendor:/opt/ros/jazzy/opt/gz_gui_vendor:/opt/ros/jazzy/opt/gz_transport_vendor:/opt/ros/jazzy/opt/gz_rendering_vendor:/opt/ros/jazzy/opt/gz_plugin_vendor:/opt/ros/jazzy/opt/gz_fuel_tools_vendor:/opt/ros/jazzy/opt/gz_msgs_vendor:/opt/ros/jazzy/opt/gz_common_vendor:/opt/ros/jazzy/opt/gz_math_vendor:/opt/ros/jazzy/opt/gz_utils_vendor:/opt/ros/jazzy/opt/gz_tools_vendor:/opt/ros/jazzy/opt/gz_ogre_next_vendor:/opt/ros/jazzy/opt/gz_dartsim_vendor:/opt/ros/jazzy/opt/gz_cmake_vendor:/opt/ros/jazzy LD_LIBRARY_PATH=/home/javierac/create3_ws/install/irobot_create_toolbox/lib:${LD_LIBRARY_PATH} /usr/bin/cmake --build /home/javierac/create3_ws/build/irobot_create_nodes -- -j20 -l20
[2.282s] [  2%] [32mBuilding CXX object CMakeFiles/hazard_publisher_lib.dir/src/hazards_vector_publisher.cpp.o[0m
[2.288s] [  5%] [32mBuilding CXX object CMakeFiles/hazards_vector_publisher.dir/rclcpp_components/node_main_hazards_vector_publisher.cpp.o[0m
[2.289s] [  8%] [32mBuilding CXX object CMakeFiles/ir_intensity_publisher_lib.dir/src/ir_intensity_vector_publisher.cpp.o[0m
[2.291s] [ 10%] [32mBuilding CXX object CMakeFiles/motion_control_lib.dir/src/motion_control/reflex_behavior.cpp.o[0m
[2.292s] [ 13%] [32mBuilding CXX object CMakeFiles/motion_control_lib.dir/src/motion_control/drive_goal_behaviors.cpp.o[0m
[2.294s] [ 16%] [32mBuilding CXX object CMakeFiles/motion_control_lib.dir/src/motion_control_node.cpp.o[0m
[2.296s] [ 18%] [32mBuilding CXX object CMakeFiles/motion_control.dir/rclcpp_components/node_main_motion_control.cpp.o[0m
[2.296s] [ 21%] [32mBuilding CXX object CMakeFiles/motion_control_lib.dir/src/motion_control/wall_follow_behavior.cpp.o[0m
[2.298s] [ 24%] [32mBuilding CXX object CMakeFiles/ir_intensity_vector_publisher.dir/rclcpp_components/node_main_ir_intensity_vector_publisher.cpp.o[0m
[2.299s] [ 27%] [32mBuilding CXX object CMakeFiles/wheel_status_publisher.dir/rclcpp_components/node_main_wheel_status_publisher.cpp.o[0m
[2.303s] [ 29%] [32mBuilding CXX object CMakeFiles/motion_control_lib.dir/src/motion_control/docking_behavior.cpp.o[0m
[2.309s] [ 32%] [32mBuilding CXX object CMakeFiles/wheel_status_publisher_lib.dir/src/wheels_publisher.cpp.o[0m
[2.309s] [ 37%] [32mBuilding CXX object CMakeFiles/robot_state.dir/rclcpp_components/node_main_robot_state.cpp.o[0m
[2.309s] [ 35%] [32mBuilding CXX object CMakeFiles/robot_state_lib.dir/src/robot_state.cpp.o[0m
[2.309s] [ 40%] [32mBuilding CXX object CMakeFiles/kidnap_estimator_publisher_lib.dir/src/kidnap_estimator_publisher.cpp.o[0m
[2.311s] [ 43%] [32mBuilding CXX object CMakeFiles/mock_publisher_lib.dir/src/mock_publisher.cpp.o[0m
[2.311s] [ 45%] [32mBuilding CXX object CMakeFiles/kidnap_estimator_publisher.dir/rclcpp_components/node_main_kidnap_estimator_publisher.cpp.o[0m
[2.315s] [ 48%] [32mBuilding CXX object CMakeFiles/mock_publisher.dir/rclcpp_components/node_main_mock_publisher.cpp.o[0m
[2.329s] [ 51%] [32mBuilding CXX object CMakeFiles/ui_mgr.dir/rclcpp_components/node_main_ui_mgr.cpp.o[0m
[2.346s] [ 54%] [32mBuilding CXX object CMakeFiles/ui_mgr_lib.dir/src/ui_mgr.cpp.o[0m
[7.950s] [ 56%] [32m[1mLinking CXX executable robot_state[0m
[8.253s] [ 56%] Built target robot_state
[8.285s] [ 59%] [32mBuilding CXX object CMakeFiles/motion_control_lib.dir/src/motion_control/wall_follow_states.cpp.o[0m
[8.945s] [ 62%] [32m[1mLinking CXX executable mock_publisher[0m
[9.196s] [ 62%] Built target mock_publisher
[9.860s] [ 64%] [32m[1mLinking CXX executable hazards_vector_publisher[0m
[10.046s] [ 67%] [32m[1mLinking CXX executable motion_control[0m
[10.075s] [ 70%] [32m[1mLinking CXX executable ir_intensity_vector_publisher[0m
[10.239s] [ 70%] Built target hazards_vector_publisher
[10.345s] [ 70%] Built target ir_intensity_vector_publisher
[10.348s] [ 72%] [32m[1mLinking CXX executable wheel_status_publisher[0m
[10.371s] [ 72%] Built target motion_control
[10.533s] [ 72%] Built target wheel_status_publisher
[11.763s] [ 75%] [32m[1mLinking CXX executable kidnap_estimator_publisher[0m
[11.998s] [ 75%] Built target kidnap_estimator_publisher
[12.006s] [ 78%] [32m[1mLinking CXX executable ui_mgr[0m
[12.369s] [ 78%] Built target ui_mgr
[14.285s] [ 81%] [32m[1mLinking CXX shared library libmock_publisher_lib.so[0m
[14.610s] [ 81%] Built target mock_publisher_lib
[19.044s] [ 83%] [32m[1mLinking CXX shared library libir_intensity_publisher_lib.so[0m
[19.441s] [ 83%] Built target ir_intensity_publisher_lib
[19.535s] [ 86%] [32m[1mLinking CXX shared library libhazard_publisher_lib.so[0m
[19.682s] [ 89%] [32m[1mLinking CXX shared library libkidnap_estimator_publisher_lib.so[0m
[19.843s] [ 91%] [32m[1mLinking CXX shared library libwheel_status_publisher_lib.so[0m
[20.041s] [ 91%] Built target hazard_publisher_lib
[20.177s] [ 91%] Built target kidnap_estimator_publisher_lib
[20.414s] [ 91%] Built target wheel_status_publisher_lib
[22.388s] [ 94%] [32m[1mLinking CXX shared library libui_mgr_lib.so[0m
[22.788s] [ 97%] [32m[1mLinking CXX shared library librobot_state_lib.so[0m
[22.961s] [ 97%] Built target ui_mgr_lib
[23.352s] [ 97%] Built target robot_state_lib
[36.881s] [100%] [32m[1mLinking CXX shared library libmotion_control_lib.so[0m
[38.522s] [100%] Built target motion_control_lib
[38.534s] Invoked command in '/home/javierac/create3_ws/build/irobot_create_nodes' returned '0': AMENT_PREFIX_PATH=/home/javierac/create3_ws/install/irobot_create_toolbox:${AMENT_PREFIX_PATH} CMAKE_PREFIX_PATH=/home/javierac/create3_ws/install/irobot_create_toolbox:/opt/ros/jazzy/opt/gz_sim_vendor:/opt/ros/jazzy/opt/gz_sensors_vendor:/opt/ros/jazzy/opt/gz_physics_vendor:/opt/ros/jazzy/opt/sdformat_vendor:/opt/ros/jazzy/opt/gz_gui_vendor:/opt/ros/jazzy/opt/gz_transport_vendor:/opt/ros/jazzy/opt/gz_rendering_vendor:/opt/ros/jazzy/opt/gz_plugin_vendor:/opt/ros/jazzy/opt/gz_fuel_tools_vendor:/opt/ros/jazzy/opt/gz_msgs_vendor:/opt/ros/jazzy/opt/gz_common_vendor:/opt/ros/jazzy/opt/gz_math_vendor:/opt/ros/jazzy/opt/gz_utils_vendor:/opt/ros/jazzy/opt/gz_tools_vendor:/opt/ros/jazzy/opt/gz_ogre_next_vendor:/opt/ros/jazzy/opt/gz_dartsim_vendor:/opt/ros/jazzy/opt/gz_cmake_vendor:/opt/ros/jazzy LD_LIBRARY_PATH=/home/javierac/create3_ws/install/irobot_create_toolbox/lib:${LD_LIBRARY_PATH} /usr/bin/cmake --build /home/javierac/create3_ws/build/irobot_create_nodes -- -j20 -l20
[38.535s] Invoking command in '/home/javierac/create3_ws/build/irobot_create_nodes': AMENT_PREFIX_PATH=/home/javierac/create3_ws/install/irobot_create_toolbox:${AMENT_PREFIX_PATH} CMAKE_PREFIX_PATH=/home/javierac/create3_ws/install/irobot_create_toolbox:/opt/ros/jazzy/opt/gz_sim_vendor:/opt/ros/jazzy/opt/gz_sensors_vendor:/opt/ros/jazzy/opt/gz_physics_vendor:/opt/ros/jazzy/opt/sdformat_vendor:/opt/ros/jazzy/opt/gz_gui_vendor:/opt/ros/jazzy/opt/gz_transport_vendor:/opt/ros/jazzy/opt/gz_rendering_vendor:/opt/ros/jazzy/opt/gz_plugin_vendor:/opt/ros/jazzy/opt/gz_fuel_tools_vendor:/opt/ros/jazzy/opt/gz_msgs_vendor:/opt/ros/jazzy/opt/gz_common_vendor:/opt/ros/jazzy/opt/gz_math_vendor:/opt/ros/jazzy/opt/gz_utils_vendor:/opt/ros/jazzy/opt/gz_tools_vendor:/opt/ros/jazzy/opt/gz_ogre_next_vendor:/opt/ros/jazzy/opt/gz_dartsim_vendor:/opt/ros/jazzy/opt/gz_cmake_vendor:/opt/ros/jazzy LD_LIBRARY_PATH=/home/javierac/create3_ws/install/irobot_create_toolbox/lib:${LD_LIBRARY_PATH} /usr/bin/cmake --install /home/javierac/create3_ws/build/irobot_create_nodes
[38.547s] -- Install configuration: ""
[38.548s] -- Execute custom install script
[38.548s] -- Symlinking: /home/javierac/create3_ws/install/irobot_create_nodes/lib/irobot_create_nodes/hazards_vector_publisher
[38.557s] -- Symlinking: /home/javierac/create3_ws/install/irobot_create_nodes/lib/irobot_create_nodes/ir_intensity_vector_publisher
[38.566s] -- Symlinking: /home/javierac/create3_ws/install/irobot_create_nodes/lib/irobot_create_nodes/motion_control
[38.574s] -- Symlinking: /home/javierac/create3_ws/install/irobot_create_nodes/lib/irobot_create_nodes/wheel_status_publisher
[38.588s] -- Symlinking: /home/javierac/create3_ws/install/irobot_create_nodes/lib/irobot_create_nodes/robot_state
[38.597s] -- Symlinking: /home/javierac/create3_ws/install/irobot_create_nodes/lib/irobot_create_nodes/ui_mgr
[38.607s] -- Symlinking: /home/javierac/create3_ws/install/irobot_create_nodes/lib/irobot_create_nodes/mock_publisher
[38.616s] -- Symlinking: /home/javierac/create3_ws/install/irobot_create_nodes/lib/irobot_create_nodes/kidnap_estimator_publisher
[38.625s] -- Symlinking: /home/javierac/create3_ws/install/irobot_create_nodes/lib/libhazard_publisher_lib.so
[38.635s] -- Symlinking: /home/javierac/create3_ws/install/irobot_create_nodes/lib/libir_intensity_publisher_lib.so
[38.645s] -- Symlinking: /home/javierac/create3_ws/install/irobot_create_nodes/lib/libmotion_control_lib.so
[38.655s] -- Symlinking: /home/javierac/create3_ws/install/irobot_create_nodes/lib/libwheel_status_publisher_lib.so
[38.664s] -- Symlinking: /home/javierac/create3_ws/install/irobot_create_nodes/lib/librobot_state_lib.so
[38.675s] -- Symlinking: /home/javierac/create3_ws/install/irobot_create_nodes/lib/libui_mgr_lib.so
[38.683s] -- Symlinking: /home/javierac/create3_ws/install/irobot_create_nodes/lib/libmock_publisher_lib.so
[38.695s] -- Symlinking: /home/javierac/create3_ws/install/irobot_create_nodes/lib/libkidnap_estimator_publisher_lib.so
[38.704s] -- Symlinking: /home/javierac/create3_ws/install/irobot_create_nodes/include/irobot_create_nodes/hazards_vector_publisher.hpp
[38.714s] -- Symlinking: /home/javierac/create3_ws/install/irobot_create_nodes/include/irobot_create_nodes/ir_intensity_vector_publisher.hpp
[38.724s] -- Symlinking: /home/javierac/create3_ws/install/irobot_create_nodes/include/irobot_create_nodes/kidnap_estimator_publisher.hpp
[38.733s] -- Symlinking: /home/javierac/create3_ws/install/irobot_create_nodes/include/irobot_create_nodes/mock_publisher.hpp
[38.744s] -- Symlinking: /home/javierac/create3_ws/install/irobot_create_nodes/include/irobot_create_nodes/motion_control/behaviors_scheduler.hpp
[38.756s] -- Symlinking: /home/javierac/create3_ws/install/irobot_create_nodes/include/irobot_create_nodes/motion_control/docking_behavior.hpp
[38.766s] -- Symlinking: /home/javierac/create3_ws/install/irobot_create_nodes/include/irobot_create_nodes/motion_control/drive_goal_behaviors.hpp
[38.778s] -- Symlinking: /home/javierac/create3_ws/install/irobot_create_nodes/include/irobot_create_nodes/motion_control/reflex_behavior.hpp
[38.788s] -- Symlinking: /home/javierac/create3_ws/install/irobot_create_nodes/include/irobot_create_nodes/motion_control/simple_goal_controller.hpp
[38.796s] -- Symlinking: /home/javierac/create3_ws/install/irobot_create_nodes/include/irobot_create_nodes/motion_control/wall_follow_behavior.hpp
[38.804s] -- Symlinking: /home/javierac/create3_ws/install/irobot_create_nodes/include/irobot_create_nodes/motion_control/wall_follow_states.hpp
[38.816s] -- Symlinking: /home/javierac/create3_ws/install/irobot_create_nodes/include/irobot_create_nodes/motion_control_node.hpp
[38.824s] -- Symlinking: /home/javierac/create3_ws/install/irobot_create_nodes/include/irobot_create_nodes/robot_state.hpp
[38.833s] -- Symlinking: /home/javierac/create3_ws/install/irobot_create_nodes/include/irobot_create_nodes/ui_mgr.hpp
[38.843s] -- Symlinking: /home/javierac/create3_ws/install/irobot_create_nodes/include/irobot_create_nodes/wheels_publisher.hpp
[38.853s] -- Symlinking: /home/javierac/create3_ws/install/irobot_create_nodes/share/irobot_create_nodes/environment/library_path.sh
[38.863s] -- Symlinking: /home/javierac/create3_ws/install/irobot_create_nodes/share/irobot_create_nodes/environment/library_path.dsv
[38.871s] -- Symlinking: /home/javierac/create3_ws/install/irobot_create_nodes/share/ament_index/resource_index/package_run_dependencies/irobot_create_nodes
[38.881s] -- Symlinking: /home/javierac/create3_ws/install/irobot_create_nodes/share/ament_index/resource_index/parent_prefix_path/irobot_create_nodes
[38.891s] -- Symlinking: /home/javierac/create3_ws/install/irobot_create_nodes/share/irobot_create_nodes/environment/ament_prefix_path.sh
[38.902s] -- Symlinking: /home/javierac/create3_ws/install/irobot_create_nodes/share/irobot_create_nodes/environment/ament_prefix_path.dsv
[38.912s] -- Symlinking: /home/javierac/create3_ws/install/irobot_create_nodes/share/irobot_create_nodes/environment/path.sh
[38.923s] -- Symlinking: /home/javierac/create3_ws/install/irobot_create_nodes/share/irobot_create_nodes/environment/path.dsv
[38.931s] -- Symlinking: /home/javierac/create3_ws/install/irobot_create_nodes/share/irobot_create_nodes/local_setup.bash
[38.942s] -- Symlinking: /home/javierac/create3_ws/install/irobot_create_nodes/share/irobot_create_nodes/local_setup.sh
[38.951s] -- Symlinking: /home/javierac/create3_ws/install/irobot_create_nodes/share/irobot_create_nodes/local_setup.zsh
[38.961s] -- Symlinking: /home/javierac/create3_ws/install/irobot_create_nodes/share/irobot_create_nodes/local_setup.dsv
[38.971s] -- Symlinking: /home/javierac/create3_ws/install/irobot_create_nodes/share/irobot_create_nodes/package.dsv
[38.984s] -- Symlinking: /home/javierac/create3_ws/install/irobot_create_nodes/share/ament_index/resource_index/packages/irobot_create_nodes
[38.994s] -- Symlinking: /home/javierac/create3_ws/install/irobot_create_nodes/share/ament_index/resource_index/rclcpp_components/irobot_create_nodes
[39.005s] -- Symlinking: /home/javierac/create3_ws/install/irobot_create_nodes/share/irobot_create_nodes/cmake/ament_cmake_export_include_directories-extras.cmake
[39.017s] -- Symlinking: /home/javierac/create3_ws/install/irobot_create_nodes/share/irobot_create_nodes/cmake/ament_cmake_export_libraries-extras.cmake
[39.027s] -- Symlinking: /home/javierac/create3_ws/install/irobot_create_nodes/share/irobot_create_nodes/cmake/ament_cmake_export_dependencies-extras.cmake
[39.037s] -- Symlinking: /home/javierac/create3_ws/install/irobot_create_nodes/share/irobot_create_nodes/cmake/irobot_create_nodesConfig.cmake
[39.049s] -- Symlinking: /home/javierac/create3_ws/install/irobot_create_nodes/share/irobot_create_nodes/cmake/irobot_create_nodesConfig-version.cmake
[39.057s] -- Symlinking: /home/javierac/create3_ws/install/irobot_create_nodes/share/irobot_create_nodes/package.xml
[39.069s] Invoked command in '/home/javierac/create3_ws/build/irobot_create_nodes' returned '0': AMENT_PREFIX_PATH=/home/javierac/create3_ws/install/irobot_create_toolbox:${AMENT_PREFIX_PATH} CMAKE_PREFIX_PATH=/home/javierac/create3_ws/install/irobot_create_toolbox:/opt/ros/jazzy/opt/gz_sim_vendor:/opt/ros/jazzy/opt/gz_sensors_vendor:/opt/ros/jazzy/opt/gz_physics_vendor:/opt/ros/jazzy/opt/sdformat_vendor:/opt/ros/jazzy/opt/gz_gui_vendor:/opt/ros/jazzy/opt/gz_transport_vendor:/opt/ros/jazzy/opt/gz_rendering_vendor:/opt/ros/jazzy/opt/gz_plugin_vendor:/opt/ros/jazzy/opt/gz_fuel_tools_vendor:/opt/ros/jazzy/opt/gz_msgs_vendor:/opt/ros/jazzy/opt/gz_common_vendor:/opt/ros/jazzy/opt/gz_math_vendor:/opt/ros/jazzy/opt/gz_utils_vendor:/opt/ros/jazzy/opt/gz_tools_vendor:/opt/ros/jazzy/opt/gz_ogre_next_vendor:/opt/ros/jazzy/opt/gz_dartsim_vendor:/opt/ros/jazzy/opt/gz_cmake_vendor:/opt/ros/jazzy LD_LIBRARY_PATH=/home/javierac/create3_ws/install/irobot_create_toolbox/lib:${LD_LIBRARY_PATH} /usr/bin/cmake --install /home/javierac/create3_ws/build/irobot_create_nodes
